-0.498 -0.00147104 -0.00162545
-0.496 -0.0044508 -0.00127143
-0.494 -0.0107407 0.00162286
-0.492 -0.0264945 -0.00248066
-0.49 -0.0330887 -0.00206918
-0.488 0.0143229 0.0381665
-0.486 0.117265 0.112187
-0.484 0.18608 0.137097
-0.482 0.127109 0.0449955
-0.48 -0.021261 -0.101232
-0.478 -0.119479 -0.163749
-0.476 -0.127877 -0.121905
-0.474 -0.184126 -0.115586
-0.472 -0.377072 -0.22263
-0.47 -0.507782 -0.274106
-0.468 -0.254765 -0.0319238
-0.466 0.37383 0.44171
-0.464 0.908403 0.746497
-0.462 0.894799 0.586113
-0.46 0.439438 0.14116
-0.458 0.0855815 -0.14704
-0.456 0.125321 -0.134489
-0.454 0.22685 -0.135038
-0.452 -0.110171 -0.425405
-0.45 -0.833915 -0.777171
-0.448 -1.30939 -0.697671
-0.446 -1.04659 -0.0899039
-0.444 -0.265275 0.549953
-0.442 0.383209 0.731169
-0.44 0.56579 0.563095
-0.438 0.56253 0.50561
-0.436 0.774689 0.66045
-0.434 1.12665 0.62802
-0.432 1.09299 0.174175
-0.43 0.297227 -0.2942
-0.428 -1.00157 -0.270064
-0.426 -2.096 0.0675187
-0.424 -2.42773 0.070078
-0.422 -1.94802 -0.359708
-0.42 -1.00215 -0.503833
-0.418 0.0317881 0.0218989
-0.416 0.949266 0.380653
-0.414 1.6807 -0.409279
-0.412 2.22299 -1.64489
-0.41 2.57587 -1.23268
-0.408 2.61459 1.53392
-0.406 2.00315 4.2983
-0.404 0.388439 4.03815
-0.402 -2.04579 1.0015
-0.4 -4.23086 -1.20744
-0.398 -4.74473 -0.181361
-0.396 -2.94909 1.82143
-0.394 0.306942 0.551299
-0.392 3.22279 -4.352
-0.39 4.39862 -8.13652
-0.388 3.70171 -6.47443
-0.386 1.97821 -0.827355
-0.384 0.0960116 3.3931
-0.382 -1.62124 3.64889
-0.38 -3.0855 2.94667
-0.378 -3.86817 4.83688
-0.376 -3.25279 7.6381
-0.374 -1.0832 5.80166
-0.372 1.59603 -2.79623
-0.37 3.19477 -12.9054
-0.368 3.1522 -16.4925
-0.366 2.65383 -10.5322
-0.364 3.20971 0.558141
-0.362 4.44364 9.79708
-0.36 3.97092 13.5812
-0.358 0.107296 12.7445
-0.356 -5.47041 9.50714
-0.354 -8.69943 4.85679
-0.352 -7.12548 -0.975813
-0.35 -2.31727 -6.89045
-0.348 2.06779 -10.8437
-0.346 4.1524 -11.2328
-0.344 4.89399 -8.15338
-0.342 5.46282 -3.12323
-0.34 4.93784 1.91894
-0.338 1.30731 5.24587
-0.336 -5.51885 6.04613
-0.334 -12.4146 4.93112
-0.332 -15.1427 3.61123
-0.33 -11.6091 3.06844
-0.328 -3.60242 1.51445
-0.326 4.29597 -4.0082
-0.324 8.20634 -12.6322
-0.322 8.10571 -17.4353
-0.32 7.46842 -11.1137
-0.318 8.53703 4.18009
-0.316 8.07952 15.451
-0.314 0.371725 11.4944
-0.312 -14.1406 -3.46527
-0.31 -25.1907 -12.4674
-0.308 -21.6303 -4.7905
-0.306 -4.58044 10.6534
-0.304 11.9092 15.8792
-0.302 15.8067 6.10816
-0.3 10.409 -4.66229
-0.298 8.42753 -2.82628
-0.296 13.7912 5.66711
-0.294 15.3453 3.03444
-0.292 2.14822 -14.9095
-0.29 -18.9158 -30.1081
-0.288 -28.2458 -23.6393
-0.286 -16.7933 -0.350978
-0.284 2.23736 15.9897
-0.282 9.0091 11.6427
-0.28 1.07683 -1.61862
-0.278 -5.3034 -3.8646
-0.276 1.91947 6.52905
-0.274 14.1496 11.8158
-0.272 13.3699 -0.799278
-0.27 -3.39717 -22.087
-0.268 -18.8323 -32.1803
-0.266 -16.4919 -24.0528
-0.264 -0.221774 -8.73428
-0.262 11.8211 1.08086
-0.26 9.62077 5.38799
-0.258 1.00924 11.9325
-0.256 -2.38652 21.6108
-0.254 -0.771406 25.9848
-0.252 -2.72632 18.7246
-0.25 -9.60095 3.97938
-0.248 -11.1306 -8.8529
-0.246 0.0813885 -15.756
-0.244 16.228 -19.3327
-0.242 22.0334 -21.0306
-0.24 12.9489 -17.3756
-0.238 0.45375 -6.22037
-0.236 -2.25059 6.96756
-0.234 5.08713 13.4087
-0.232 12.0254 10.8643
-0.23 10.4221 5.60191
-0.228 1.19242 2.68836
-0.226 -9.61701 -1.04456
-0.224 -15.9595 -9.77223
-0.222 -13.0376 -18.0971
-0.22 0.295982 -14.6076
-0.218 16.8758 1.43272
-0.216 23.4816 13.2834
-0.214 13.6188 4.90995
-0.212 -3.40127 -16.5635
-0.21 -12.1512 -25.17
-0.208 -9.8097 -6.23529
-0.206 -8.28668 23.1012
-0.204 -14.9959 32.2392
-0.202 -19.0326 13.5732
-0.2 -5.21312 -9.45817
-0.198 21.3969 -12.5758
-0.196 36.2367 -0.589372
-0.194 23.8782 2.52971
-0.192 -2.53117 -10.1432
-0.19 -18.2006 -16.7078
-0.188 -18.069 4.0996
-0.186 -20.178 39.8321
-0.184 -37.1828 51.8876
-0.182 -55.6821 19.3038
-0.18 -51.904 -34.4867
-0.178 -22.9194 -64.9068
-0.176 8.50953 -51.7835
-0.174 20.8678 -16.2755
-0.172 16.8296 7.86856
-0.17 15.3073 10.7427
-0.168 25.3076 7.90556
-0.166 35.2669 12.3983
-0.164 29.5109 15.7168
-0.162 8.8377 2.55834
-0.16 -9.03271 -21.6063
-0.158 -9.02747 -31.8638
-0.156 3.18862 -16.7684
-0.154 6.29169 1.10443
-0.152 -12.5814 -10.6046
-0.15 -39.8308 -49.0062
-0.148 -44.9971 -70.5016
-0.146 -13.6951 -41.1635
-0.144 32.7169 17.0475
-0.142 56.9837 45.2509
-0.14 44.9984 16.5126
-0.138 20.0053 -30.2588
-0.136 12.9418 -38.0851
-0.134 25.4106 -1.38109
-0.132 32.2232 31.7965
-0.13 16.8964 27.3763
-0.128 -7.51822 9.81256
-0.126 -19.8912 23.1091
-0.124 -22.6373 63.4113
-0.122 -35.9866 77.476
-0.12 -63.9516 33.8727
-0.118 -81.276 -29.4464
-0.116 -60.9765 -47.7304
-0.114 -7.44105 -7.65253
-0.112 47.6454 40.4302
-0.11 77.6766 49.6149
-0.108 77.8607 29.8168
-0.106 53.9332 20.7438
-0.104 10.5205 29.9466
-0.102 -41.2134 23.3244
-0.1 -75.8745 -21.5027
-0.098 -73.3836 -78.4322
-0.096 -46.0696 -102.718
-0.094 -29.7956 -84.3685
-0.092 -39.6859 -54.1565
-0.09 -45.6138 -36.8293
-0.088 -7.6916 -21.2129
-0.086 67.2226 13.0328
-0.084 120.199 55.1381
-0.082 100.588 69.8241
-0.08 22.7155 44.8726
-0.078 -50.6433 12.8219
-0.076 -75.6981 13.3109
-0.074 -66.3052 40.7195
-0.072 -61.567 45.6445
-0.07 -69.0628 -3.8812
-0.068 -58.3366 -71.8378
-0.066 -6.4942 -82.0942
-0.064 64.7462 -2.5233
-0.062 106.805 109.292
-0.06 93.958 156.905
-0.058 44.1528 107.634
-0.056 -5.49575 29.6401
-0.054 -34.3925 9.71732
-0.052 -46.6526 45.0113
-0.05 -50.8201 44.0758
-0.048 -43.3105 -51.0702
-0.046 -11.8481 -167.453
-0.044 46.4526 -166.399
-0.042 111.48 -13.5537
-0.04 148.232 157.156
-0.038 130.802 184.744
-0.036 67.0822 71.1281
-0.034 -0.77131 -19.7
-0.032 -32.8284 31.2401
-0.03 -31.145 141.115
-0.028 -36.0425 126.719
-0.026 -74.4802 -51.2988
-0.024 -117.776 -217.421
-0.022 -108.302 -189.216
-0.02 -29.0295 -8.55581
-0.018 68.0537 100.556
-0.016 110.784 9.13603
-0.014 77.9197 -161.188
-0.012 8.12791 -202.457
-0.01 -54.7553 -87.7645
-0.008 -101.926 -0.814792
-0.006 -138.83 -79.0614
-0.004 -144.323 -215.061
-0.002 -83.8968 -189.515
0 35.1172 39.9836
0.002 152.396 267.199
0.004 207.824 286.157
0.006 194.641 139.982
0.008 148.21 49.0514
0.01 90.6897 122.117
0.012 17.6879 223.101
0.014 -61.0451 169.582
0.016 -100.958 -10.4985
0.018 -62.982 -108.533
0.02 31.6939 -2.71259
0.022 110.654 177.715
0.024 121.45 208.179
0.026 80.5259 46.065
0.028 44.8707 -127.036
0.03 42.5679 -136.494
0.032 46.2058 -22.4773
0.034 15.2145 31.2332
0.036 -52.5437 -58.4245
0.038 -117.116 -172.366
0.04 -136.241 -146.275
0.042 -101.822 22.1805
0.044 -39.4594 172.435
0.046 16.1797 170.99
0.048 45.2579 52.6142
0.05 50.8265 -43.7268
0.052 45.2321 -44.9932
0.054 32.0703 -9.3284
0.056 2.74046 -28.4542
0.058 -47.0154 -105.495
0.06 -96.7888 -153.889
0.062 -109.628 -105.698
0.064 -67.6762 6.17479
0.066 3.31632 85.1479
0.068 54.7825 73.6918
0.07 65.0331 4.17018
0.072 57.0139 -46.9972
0.074 61.2703 -43.5754
0.076 70.3426 -17.4002
0.078 45.2234 -17.7607
0.08 -27.9255 -50.1633
0.082 -105.367 -74.9311
0.084 -124.409 -59.641
0.086 -70.7951 -16.7592
0.088 4.75812 18.1761
0.09 43.2406 34.2268
0.092 37.7096 51.6576
0.094 28.0077 81.6052
0.096 44.2778 99.3041
0.098 71.4474 74.0365
0.1 73.6948 15.9751
0.102 38.7087 -29.8745
0.104 -13.4182 -37.1812
0.106 -57.2557 -28.2123
0.108 -81.5846 -37.0628
0.11 -81.7305 -56.2281
0.112 -51.9274 -46.0806
0.114 3.05502 3.15705
0.116 56.6373 44.3815
0.118 77.1586 27.0283
0.12 60.2128 -35.7022
0.122 32.6975 -79.0699
0.124 19.7536 -65.0507
0.126 17.2849 -24.9837
0.128 5.03125 -12.0434
0.13 -19.4275 -30.0218
0.132 -34.9732 -34.8339
0.134 -28.5524 -1.94623
0.136 -16.5974 34.6024
0.138 -24.1976 26.7277
0.14 -49.636 -20.0392
0.142 -61.8901 -48.7643
0.144 -37.6779 -20.5689
0.146 8.89156 37.5744
0.148 40.528 66.7419
0.15 35.824 44.9742
0.152 9.12218 6.27038
0.154 -9.15783 -5.66729
0.156 -5.46952 12.1
0.158 7.25199 27.1691
0.16 7.61848 16.8886
0.162 -10.0625 -7.32001
0.164 -30.715 -20.5025
0.166 -36.611 -17.1404
0.168 -26.9542 -12.5465
0.17 -17.4212 -15.2834
0.172 -19.5502 -12.3488
0.174 -24.269 11.8383
0.176 -12.5822 47.4259
0.178 18.2497 60.6804
0.18 46.7487 30.4017
0.182 50.1835 -23.2828
0.184 31.5226 -55.8056
0.186 14.562 -43.7213
0.188 12.6815 -7.98987
0.19 13.159 12.7656
0.192 -2.12672 6.07431
0.194 -28.1666 -6.79138
0.196 -40.1867 -3.88776
0.198 -25.045 7.91153
0.2 1.82214 4.66495
0.202 15.8544 -18.4299
0.204 12.0178 -37.0829
0.206 5.54835 -27.8303
0.208 7.38583 1.74623
0.21 10.1153 21.0497
0.212 1.79936 12.9161
0.214 -14.7731 -8.02177
0.216 -24.201 -15.8465
0.218 -17.1968 -3.49491
0.22 -0.271942 12.9291
0.222 13.3434 16.6222
0.224 16.4752 8.28972
0.226 10.2571 -0.636797
0.228 -0.536572 -4.69809
0.23 -9.8763 -7.99654
0.232 -11.7038 -13.6491
0.234 -5.05851 -16.5699
0.236 1.97735 -10.4894
0.238 -0.992783 2.3682
0.24 -13.7018 13.2666
0.242 -22.9547 16.7899
0.244 -17.286 15.1185
0.246 -1.25275 11.7285
0.248 9.86582 5.15164
0.25 8.26073 -7.24252
0.252 1.32647 -21.4808
0.254 -0.668766 -28.2339
0.256 0.942541 -23.4347
0.258 -2.40205 -13.4792
0.26 -10.9092 -6.82587
0.262 -12.9808 -2.55163
0.264 -0.825159 7.12902
0.266 15.521 22.2349
0.268 17.9091 30.0839
0.27 2.50956 19.6769
0.272 -14.2309 -1.90436
0.274 -15.0038 -14.7396
0.276 -2.79794 -9.57583
0.278 4.36694 0.785397
0.28 -2.10226 -1.41768
0.282 -10.1489 -14.5664
0.284 -3.50385 -18.7327
0.286 15.4166 -2.16041
0.288 26.8168 21.3782
0.29 17.5199 28.0864
0.292 -3.43169 13.1048
0.294 -16.4727 -4.6365
0.296 -14.7622 -7.06747
0.298 -9.27293 1.62824
0.3 -11.1725 3.65651
0.302 -16.5373 -6.95124
0.304 -12.6583 -16.6152
0.306 3.76634 -11.3638
0.308 20.7228 4.01004
0.31 24.1885 11.5298
0.312 13.0647 2.31446
0.314 -1.49006 -12.8719
0.316 -9.20857 -17.0268
0.318 -9.64846 -5.89347
0.32 -8.53821 9.34477
0.322 -9.11632 15.7034
0.324 -9.14811 11.0305
0.326 -5.16516 2.62041
0.328 2.80765 -2.63002
0.33 10.8906 -3.89438
0.332 14.5027 -4.17337
0.334 11.8581 -5.28403
0.336 5.05249 -6.24893
0.338 -1.68166 -5.34502
0.34 -5.22937 -1.94549
0.342 -5.69185 3.14933
0.344 -5.08764 8.21985
0.346 -4.34153 11.3371
0.348 -2.28248 10.9973
0.35 2.05715 7.11439
0.352 6.81576 1.28907
0.354 8.34602 -4.4478
0.356 5.07708 -9.00874
0.358 -0.548096 -12.1678
0.36 -4.47718 -12.9387
0.362 -5.03426 -9.10811
0.364 -3.89394 0.145254
0.366 -3.42578 11.2073
0.368 -3.9925 17.0971
0.37 -4.07558 13.4108
0.372 -2.48463 3.19147
0.374 0.221362 -5.51499
0.376 2.45057 -7.45067
0.378 3.151 -4.73374
0.38 2.466 -2.90712
0.382 1.09859 -3.64845
0.384 -0.533246 -3.40806
0.386 -2.34822 0.8168
0.388 -4.02574 6.48315
0.39 -4.69783 8.17511
0.392 -3.5144 4.42919
0.394 -0.599816 -0.427903
0.396 2.65831 -1.6471
0.398 4.47169 0.406002
0.4 3.99799 1.47627
0.402 1.87494 -0.695503
0.404 -0.481742 -3.69767
0.406 -2.01325 -3.9215
0.408 -2.54637 -1.11966
0.41 -2.44324 1.67919
0.412 -2.04619 2.11184
0.414 -1.48319 0.882218
0.416 -0.754309 0.0839602
0.418 0.141385 0.419295
0.42 1.14126 0.904852
0.422 2.04838 0.705414
0.424 2.49064 0.213259
0.426 2.12658 0.159208
0.428 1.00751 0.456832
0.43 -0.306589 0.460382
0.432 -1.10776 -0.0145838
0.434 -1.13812 -0.468821
0.436 -0.777134 -0.500768
0.438 -0.554086 -0.34701
0.44 -0.548464 -0.408628
0.442 -0.36247 -0.58557
0.444 0.281652 -0.418695
0.446 1.05057 0.202905
0.448 1.29537 0.791647
0.45 0.800811 0.85429
0.452 0.0611997 0.489254
0.454 -0.286424 0.18936
0.456 -0.190743 0.183211
0.458 -0.153532 0.194438
0.46 -0.507285 -0.0912965
0.462 -0.959821 -0.531988
0.464 -0.968057 -0.689263
0.466 -0.426541 -0.384806
0.468 0.209383 0.0845329
0.47 0.469501 0.319491
0.472 0.345621 0.259437
0.474 0.159214 0.143653
0.476 0.108944 0.141772
0.478 0.105627 0.176505
0.48 0.0114644 0.108456
0.482 -0.13377 -0.0415049
0.484 -0.19037 -0.135721
0.486 -0.119863 -0.111756
0.488 -0.0158416 -0.0379842
0.49 0.0321714 0.0023232
0.492 0.0259009 0.0028689
0.494 0.0103604 -0.00119999
0.496 0.00424948 0.00157589
0.498 0.00141114 0.00173336
0.4 0.595675 0.0474321
0.8 0.606552 0.0598592
1.2 0.624548 0.0804886
1.6 0.649467 0.109197
2 0.68104 0.14581
2.4 0.718928 0.190106
2.8 0.762725 0.241813
3.2 0.811968 0.300607
3.6 0.866145 0.366118
4 0.924695 0.437927
4.4 0.987027 0.515566
4.8 1.05252 0.598522
5.2 1.12053 0.686237
5.6 1.19042 0.778112
6 1.26154 0.873508
6.4 1.33325 0.971754
6.8 1.40493 1.07215
7.2 1.47598 1.17395
7.6 1.54585 1.27643
8 1.61402 1.37881
8.4 1.68 1.48033
8.8 1.74337 1.58023
9.2 1.80376 1.67774
9.6 1.86084 1.77214
10 1.91437 1.8627
10.4 1.96414 1.94875
10.8 2.01001 2.02966
11.2 2.05191 2.10484
11.6 2.0898 2.17378
12 2.12371 2.23601
12.4 2.15371 2.29115
12.8 2.17993 2.3389
13.2 2.20252 2.37903
13.6 2.22167 2.41141
14 2.2376 2.43598
14.4 2.25056 2.45279
14.8 2.26079 2.46196
15.2 2.26857 2.4637
15.6 2.27417 2.45831
16 2.27785 2.44616
16.4 2.27988 2.42768
16.8 2.2805 2.4034
17.2 2.27996 2.37386
17.6 2.27846 2.33968
18 2.2762 2.30151
18.4 2.27334 2.26002
18.8 2.27002 2.21589
19.2 2.26636 2.16981
19.6 2.26243 2.12248
20 2.25828 2.07457
20.4 2.25395 2.0267
20.8 2.24944 1.9795
21.2 2.24471 1.93352
21.6 2.23974 1.88927
22 2.23445 1.8472
22.4 2.22876 1.8077
22.8 2.22259 1.77107
23.2 2.21583 1.73757
23.6 2.20838 1.70737
24 2.20014 1.68057
24.4 2.191 1.6572
24.8 2.18087 1.63722
25.2 2.16965 1.62053
25.6 2.15728 1.60698
26 2.14368 1.59635
26.4 2.12881 1.58838
26.8 2.11264 1.58278
27.2 2.09517 1.57922
27.6 2.0764 1.57736
28 2.05637 1.57683
28.4 2.03514 1.57727
28.8 2.01277 1.5783
29.2 1.98937 1.57958
29.6 1.96505 1.58076
30 1.93992 1.58154
30.4 1.91415 1.58162
30.8 1.88787 1.58075
31.2 1.86127 1.57871
31.6 1.8345 1.57533
32 1.80776 1.57048
32.4 1.78121 1.56405
32.8 1.75503 1.55601
33.2 1.72939 1.54634
33.6 1.70447 1.53506
34 1.6804 1.52226
34.4 1.65734 1.50802
34.8 1.63542 1.49248
35.2 1.61474 1.47578
35.6 1.59541 1.45811
36 1.57749 1.43965
36.4 1.56104 1.42061
36.8 1.5461 1.40118
37.2 1.53269 1.38158
37.6 1.5208 1.36201
38 1.5104 1.34266
38.4 1.50147 1.32373
38.8 1.49393 1.30538
39.2 1.48772 1.28776
39.6 1.48275 1.27102
40 1.47893 1.25526
40.4 1.47614 1.24057
40.8 1.47427 1.22703
41.2 1.4732 1.21468
41.6 1.47281 1.20354
42 1.47298 1.19361
42.4 1.47359 1.18488
42.8 1.47453 1.1773
43.2 1.47567 1.17082
43.6 1.47693 1.16537
44 1.47819 1.16087
44.4 1.47938 1.15721
44.8 1.48041 1.1543
45.2 1.48123 1.15202
45.6 1.48176 1.15026
46 1.48196 1.14891
46.4 1.4818 1.14784
46.8 1.48123 1.14694
47.2 1.48024 1.1461
47.6 1.47881 1.14521
48 1.47692 1.14416
48.4 1.47456 1.14287
48.8 1.47172 1.14123
49.2 1.4684 1.13917
49.6 1.46458 1.13662
50 1.46025 1.13352
50.4 1.45539 1.1298
50.8 1.44999 1.12543
51.2 1.44401 1.12037
51.6 1.43744 1.11459
52 1.43022 1.10808
52.4 1.42233 1.10082
52.8 1.41372 1.09283
53.2 1.40434 1.0841
53.6 1.39414 1.07467
54 1.38306 1.06455
54.4 1.37106 1.05378
54.8 1.35808 1.0424
55.2 1.34409 1.03046
55.6 1.32904 1.01803
56 1.3129 1.00516
56.4 1.29567 0.991924
56.8 1.27732 0.978399
57.2 1.25786 0.964662
57.6 1.23733 0.9508
58 1.21575 0.936898
58.4 1.19319 0.923047
58.8 1.16972 0.909336
59.2 1.14543 0.895858
59.6 1.12044 0.882702
60 1.09488 0.869955
60.4 1.06888 0.857704
60.8 1.04261 0.846027
61.2 1.01624 0.834999
61.6 0.989945 0.824689
62 0.963924 0.815156
62.4 0.938364 0.806452
62.8 0.913461 0.798618
63.2 0.889406 0.791687
63.6 0.866385 0.785679
64 0.844576 0.780604
64.4 0.824145 0.776461
64.8 0.80524 0.773238
65.2 0.787994 0.770913
65.6 0.772518 0.769451
66 0.7589 0.768812
66.4 0.747203 0.768944
66.8 0.737465 0.769789
67.2 0.729696 0.771284
67.6 0.723881 0.773359
68 0.719977 0.775944
68.4 0.717915 0.778966
68.8 0.717602 0.782352
69.2 0.718923 0.786032
69.6 0.721742 0.789939
70 0.725906 0.794012
70.4 0.731247 0.798195
70.8 0.737585 0.802441
71.2 0.744734 0.806713
71.6 0.752503 0.810981
72 0.7607 0.815229
72.4 0.769136 0.819449
72.8 0.777628 0.823645
73.2 0.786002 0.827833
73.6 0.794099 0.832036
74 0.801772 0.83629
74.4 0.80889 0.840638
74.8 0.815344 0.84513
75.2 0.821043 0.849822
75.6 0.825914 0.854776
76 0.829909 0.860053
76.4 0.832996 0.865718
76.8 0.835164 0.871831
77.2 0.836421 0.878453
77.6 0.836791 0.885635
78 0.83631 0.893424
78.4 0.835028 0.901857
78.8 0.833005 0.91096
79.2 0.830308 0.920748
79.6 0.827005 0.931223
80 0.82317 0.942372
80.4 0.818872 0.95417
80.8 0.814179 0.966575
81.2 0.809151 0.979534
81.6 0.803842 0.992976
82 0.798294 1.00682
82.4 0.792542 1.02097
82.8 0.786606 1.03533
83.2 0.780494 1.04978
83.6 0.774205 1.0642
84 0.767724 1.07847
84.4 0.761025 1.09246
84.8 0.754074 1.10604
85.2 0.746829 1.1191
85.6 0.73924 1.13152
86 0.731256 1.14317
86.4 0.722822 1.15398
86.8 0.713885 1.16383
87.2 0.704396 1.17267
87.6 0.694311 1.18043
88 0.683593 1.18707
88.4 0.672217 1.19258
88.8 0.66017 1.19693
89.2 0.647453 1.20015
89.6 0.634083 1.20228
90 0.620093 1.20336
90.4 0.605532 1.20347
90.8 0.590468 1.2027
91.2 0.574986 1.20113
91.6 0.559188 1.1989
92 0.543189 1.19612
92.4 0.527121 1.19293
92.8 0.511127 1.18947
93.2 0.49536 1.18588
93.6 0.479982 1.18229
94 0.465159 1.17885
94.4 0.451059 1.17569
94.8 0.437852 1.17293
95.2 0.425701 1.17068
95.6 0.414766 1.16905
96 0.405197 1.1681
96.4 0.39713 1.16792
96.8 0.39069 1.16853
97.2 0.385984 1.16997
97.6 0.3831 1.17224
98 0.382107 1.17533
98.4 0.383052 1.17919
98.8 0.385961 1.18378
99.2 0.390836 1.18901
99.6 0.397657 1.1948
100 0.406382 1.20105
100.4 0.416945 1.20763
100.8 0.429262 1.21441
101.2 0.443229 1.22126
101.6 0.458724 1.22805
102 0.475608 1.23463
102.4 0.493731 1.24086
102.8 0.51293 1.24661
103.2 0.533033 1.25176
103.6 0.553864 1.25619
104 0.575239 1.25981
104.4 0.596978 1.26252
104.8 0.618899 1.26426
105.2 0.640823 1.26498
105.6 0.66258 1.26465
106 0.684004 1.26327
106.4 0.704944 1.26085
106.8 0.725254 1.25742
107.2 0.744807 1.25304
107.6 0.763485 1.24778
108 0.781188 1.24173
108.4 0.79783 1.23498
108.8 0.81334 1.22767
109.2 0.827664 1.21992
109.6 0.840763 1.21186
110 0.852613 1.20364
110.4 0.863204 1.19539
110.8 0.872542 1.18725
111.2 0.880642 1.17935
111.6 0.887533 1.17184
112 0.893254 1.16481
112.4 0.897852 1.15837
112.8 0.901384 1.15262
113.2 0.903911 1.14762
113.6 0.905499 1.14343
114 0.906218 1.14008
114.4 0.906142 1.13758
114.8 0.905343 1.13593
115.2 0.903895 1.13511
115.6 0.90187 1.13506
116 0.899337 1.13573
116.4 0.896364 1.13704
116.8 0.893013 1.1389
117.2 0.889344 1.1412
117.6 0.885411 1.14383
118 0.881262 1.14668
118.4 0.876944 1.1496
118.8 0.872495 1.1525
119.2 0.86795 1.15523
119.6 0.863339 1.15769
120 0.858688 1.15977
120.4 0.854018 1.16137
120.8 0.849347 1.1624
121.2 0.844692 1.16279
121.6 0.840066 1.1625
122 0.835479 1.16147
122.4 0.830944 1.15971
122.8 0.826469 1.1572
123.2 0.822067 1.15398
123.6 0.817747 1.15008
124 0.813522 1.14555
124.4 0.809407 1.14049
124.8 0.805418 1.13497
125.2 0.801572 1.12911
125.6 0.797892 1.12302
126 0.794399 1.11683
126.4 0.791122 1.11067
126.8 0.788087 1.10468
127.2 0.785325 1.09901
127.6 0.782869 1.09379
128 0.780753 1.08915
128.4 0.779011 1.08523
128.8 0.777678 1.08214
129.2 0.776789 1.08
129.6 0.776379 1.0789
130 0.776479 1.07893
130.4 0.777119 1.08014
130.8 0.778326 1.08258
131.2 0.780122 1.08629
131.6 0.782527 1.09127
132 0.785554 1.09752
132.4 0.78921 1.10502
132.8 0.793496 1.1137
133.2 0.798408 1.12353
133.6 0.803934 1.13441
134 0.810055 1.14625
134.4 0.816745 1.15895
134.8 0.823971 1.17239
135.2 0.831693 1.18644
135.6 0.839864 1.20096
136 0.848433 1.21582
136.4 0.857341 1.23087
136.8 0.866526 1.24596
137.2 0.875918 1.26093
137.6 0.885449 1.27566
138 0.895045 1.28998
138.4 0.904631 1.30377
138.8 0.914131 1.3169
139.2 0.923471 1.32923
139.6 0.932576 1.34066
140 0.941374 1.35108
140.4 0.949797 1.3604
140.8 0.957782 1.36854
141.2 0.965267 1.37542
141.6 0.9722 1.38099
142 0.978532 1.3852
142.4 0.984223 1.38802
142.8 0.98924 1.38943
143.2 0.993555 1.38942
143.6 0.997152 1.38799
144 1.00002 1.38516
144.4 1.00215 1.38096
144.8 1.00356 1.37541
145.2 1.00426 1.36857
145.6 1.00426 1.3605
146 1.00359 1.35125
146.4 1.00229 1.3409
146.8 1.00039 1.32953
147.2 0.997936 1.31724
147.6 0.994975 1.30411
148 0.991557 1.29025
148.4 0.987735 1.27576
148.8 0.983564 1.26076
149.2 0.979099 1.24535
149.6 0.974395 1.22967
150 0.969509 1.21381
150.4 0.964492 1.19792
150.8 0.959396 1.18211
151.2 0.954271 1.1665
151.6 0.94916 1.15122
152 0.944105 1.13639
152.4 0.939142 1.12212
152.8 0.934302 1.10852
153.2 0.929612 1.09571
153.6 0.925092 1.08378
154 0.920757 1.07282
154.4 0.916615 1.06294
154.8 0.91267 1.05419
155.2 0.908917 1.04665
155.6 0.905348 1.04037
156 0.901949 1.0354
156.4 0.8987 1.03177
156.8 0.895576 1.02948
157.2 0.892547 1.02855
157.6 0.889581 1.02896
158 0.886641 1.03068
158.4 0.883688 1.03367
158.8 0.88068 1.03788
159.2 0.877574 1.04323
159.6 0.874328 1.04964
160 0.870897 1.05701
160.4 0.867241 1.06522
160.8 0.863319 1.07416
161.2 0.859093 1.0837
161.6 0.854531 1.09368
162 0.849601 1.10398
162.4 0.84428 1.11442
162.8 0.838549 1.12485
163.2 0.832396 1.13513
163.6 0.825814 1.14508
164 0.818806 1.15455
164.4 0.81138 1.16339
164.8 0.803554 1.17146
165.2 0.795352 1.17863
165.6 0.786807 1.18476
166 0.77796 1.18974
166.4 0.768858 1.19347
166.8 0.759555 1.19588
167.2 0.750112 1.19688
167.6 0.740595 1.19643
168 0.731075 1.19451
168.4 0.721626 1.19108
168.8 0.712326 1.18617
169.2 0.703253 1.17978
169.6 0.694487 1.17198
170 0.686105 1.16281
170.4 0.678184 1.15236
170.8 0.670798 1.14072
171.2 0.664014 1.12801
171.6 0.657897 1.11433
172 0.652502 1.09984
172.4 0.647878 1.08467
172.8 0.644067 1.06898
173.2 0.6411 1.05292
173.6 0.639 1.03666
174 0.637778 1.02036
174.4 0.637437 1.00417
174.8 0.637968 0.98827
175.2 0.639354 0.972799
175.6 0.641567 0.957906
176 0.644571 0.943728
176.4 0.648319 0.930388
176.8 0.652758 0.918001
177.2 0.657829 0.906666
177.6 0.663466 0.896465
178 0.669598 0.887467
178.4 0.676151 0.879723
178.8 0.683049 0.873268
179.2 0.690215 0.868121
179.6 0.697571 0.864283
180 0.70504 0.861739
180.4 0.712548 0.860459
180.8 0.720026 0.860398
181.2 0.727405 0.861497
181.6 0.734624 0.863688
182 0.741626 0.866888
182.4 0.748361 0.871008
182.8 0.754783 0.875949
183.2 0.760856 0.881608
183.6 0.766545 0.887876
184 0.771827 0.894643
184.4 0.77668 0.901798
184.8 0.781089 0.909231
185.2 0.785046 0.916832
185.6 0.788543 0.924498
186 0.791579 0.932129
186.4 0.794155 0.939632
186.8 0.796272 0.94692
187.2 0.797936 0.953914
187.6 0.799151 0.960545
188 0.799921 0.966751
188.4 0.800252 0.972479
188.8 0.800145 0.977687
189.2 0.799602 0.98234
189.6 0.798624 0.986413
190 0.797207 0.989889
190.4 0.795349 0.992759
190.8 0.793044 0.99502
191.2 0.790282 0.996678
191.6 0.787057 0.997743
192 0.783359 0.998229
192.4 0.779176 0.998156
192.8 0.7745 0.997547
193.2 0.769322 0.996427
193.6 0.763633 0.994821
194 0.757428 0.992757
194.4 0.750705 0.990262
194.8 0.743464 0.987363
195.2 0.73571 0.984086
195.6 0.727451 0.980454
196 0.718702 0.97649
196.4 0.70948 0.972213
196.8 0.699808 0.96764
197.2 0.689716 0.962785
197.6 0.679236 0.957662
198 0.668405 0.952279
198.4 0.657267 0.946643
198.8 0.645865 0.940758
199.2 0.634249 0.934627
199.6 0.622468 0.92825
200 0.610575 0.921626
200.4 0.598621 0.914753
200.8 0.586658 0.907627
201.2 0.574737 0.900246
201.6 0.562905 0.892604
202 0.551207 0.884699
202.4 0.539684 0.876527
202.8 0.528372 0.868085
203.2 0.517302 0.859371
203.6 0.5065 0.850386
204 0.495984 0.84113
204.4 0.485767 0.831606
204.8 0.475856 0.821819
205.2 0.466251 0.811775
205.6 0.456946 0.801483
206 0.447932 0.790952
206.4 0.439191 0.780196
206.8 0.430704 0.769228
207.2 0.422448 0.758065
207.6 0.414395 0.746724
208 0.40652 0.735225
208.4 0.398793 0.72359
208.8 0.391187 0.711839
209.2 0.383675 0.699998
209.6 0.376233 0.68809
210 0.368839 0.676139
210.4 0.361476 0.664171
210.8 0.354131 0.652211
211.2 0.346797 0.640283
211.6 0.33947 0.628411
212 0.332154 0.616618
212.4 0.324856 0.604925
212.8 0.317591 0.593352
213.2 0.310378 0.581915
213.6 0.303241 0.570631
214 0.296207 0.559511
214.4 0.289307 0.548564
214.8 0.282576 0.537796
215.2 0.276049 0.527209
215.6 0.269761 0.516801
216 0.263749 0.506568
216.4 0.258045 0.496498
216.8 0.252681 0.48658
217.2 0.247685 0.476797
217.6 0.243081 0.467126
218 0.238886 0.457545
218.4 0.235113 0.448025
218.8 0.231766 0.438538
219.2 0.228845 0.42905
219.6 0.22634 0.419528
220 0.224235 0.409938
220.4 0.222507 0.400243
220.8 0.221126 0.390409
221.2 0.220053 0.380402
221.6 0.219248 0.37019
222 0.21866 0.359744
222.4 0.218239 0.349038
222.8 0.217928 0.33805
223.2 0.217669 0.326764
223.6 0.217404 0.315167
224 0.217073 0.303254
224.4 0.216619 0.291026
224.8 0.215988 0.278491
225.2 0.215126 0.265663
225.6 0.213989 0.252563
226 0.212533 0.239221
226.4 0.210725 0.225672
226.8 0.208536 0.211958
227.2 0.205946 0.198127
227.6 0.202943 0.184232
228 0.199523 0.170331
228.4 0.195689 0.156487
228.8 0.191454 0.142765
229.2 0.186838 0.12923
229.6 0.181868 0.115951
230 0.176576 0.102995
230.4 0.171004 0.0904277
230.8 0.165195 0.0783123
231.2 0.159197 0.0667084
231.6 0.153063 0.0556706
232 0.146846 0.0452481
232.4 0.1406 0.0354832
232.8 0.134379 0.0264112
233.2 0.128237 0.0180591
233.6 0.122223 0.0104456
234 0.116386 0.00358068
234.4 0.11077 -0.0025345
234.8 0.105413 -0.00790772
235.2 0.100348 -0.0125554
235.6 0.095605 -0.0165021
236 0.0912046 -0.0197802
236.4 0.0871632 -0.0224293
236.8 0.0834902 -0.0244948
237.2 0.0801893 -0.0260278
237.6 0.077258 -0.0270836
238 0.0746884 -0.0277204
238.4 0.0724674 -0.0279989
238.8 0.0705776 -0.0279802
239.2 0.0689974 -0.0277254
239.6 0.067702 -0.0272942
240 0.0666641 -0.0267436
240.4 0.0658546 -0.0261271
240.8 0.0652431 -0.0254941
241.2 0.064799 -0.0248882
241.6 0.0644917 -0.0243477
242 0.0642917 -0.0239041
242.4 0.064171 -0.0235822
242.8 0.0641031 -0.0233999
243.2 0.0640642 -0.023368
243.6 0.064033 -0.0234903
244 0.0639909 -0.0237638
244.4 0.0639223 -0.0241793
244.8 0.0638148 -0.0247217
245.2 0.0636586 -0.0253708
245.6 0.0634469 -0.0261017
246 0.0631754 -0.026886
246.4 0.0628421 -0.0276925
246.8 0.0624472 -0.0284878
247.2 0.0619923 -0.0292376
247.6 0.0614805 -0.0299073
248 0.0609156 -0.0304632
248.4 0.0603021 -0.0308728
248.8 0.0596447 -0.0311061
249.2 0.0589476 -0.0311357
249.6 0.0582149 -0.030938
250 0.0574497 -0.0304932
250.4 0.0566542 -0.0297858
250.8 0.0558296 -0.0288049
251.2 0.0549758 -0.0275445
251.6 0.0540915 -0.0260031
252 0.0531744 -0.0241841
252.4 0.0522209 -0.0220955
252.8 0.0512266 -0.0197493
253.2 0.0501863 -0.0171619
253.6 0.0490943 -0.0143529
254 0.0479449 -0.0113451
254.4 0.0467321 -0.00816391
254.8 0.0454505 -0.00483697
255.2 0.0440954 -0.00139333
255.6 0.042663 0.00213686
256 0.0411507 0.00572291
256.4 0.0395575 0.00933412
256.8 0.037884 0.0129402
257.2 0.0361327 0.0165116
257.6 0.0343083 0.0200202
258 0.0324172 0.0234391
258.4 0.0304681 0.0267433
258.8 0.0284717 0.0299097
259.2 0.0264406 0.0329175
259.6 0.0243891 0.0357477
260 0.022333 0.0383839
260.4 0.0202894 0.0408118
260.8 0.0182764 0.0430194
261.2 0.0163126 0.0449966
261.6 0.0144168 0.0467357
262 0.0126079 0.0482306
262.4 0.0109041 0.0494774
262.8 0.00932268 0.0504736
263.2 0.00787977 0.0512184
263.6 0.00658978 0.0517128
264 0.00546523 0.0519587
264.4 0.00451639 0.0519598
264.8 0.00375113 0.0517208
265.2 0.00317466 0.0512478
265.6 0.00278946 0.0505479
266 0.00259516 0.0496295
266.4 0.00258862 0.0485022
266.8 0.0027639 0.0471768
267.2 0.0031124 0.045665
267.6 0.00362305 0.04398
268 0.00428253 0.042136
268.4 0.00507549 0.0401484
268.8 0.00598493 0.0380335
269.2 0.00699247 0.035809
269.6 0.00807879 0.0334934
270 0.00922393 0.0311059
270.4 0.0104078 0.0286667
270.8 0.0116104 0.0261964
271.2 0.0128123 0.0237161
271.6 0.0139951 0.021247
272 0.0151417 0.0188101
272.4 0.0162364 0.0164262
272.8 0.0172655 0.0141154
273.2 0.0182173 0.011897
273.6 0.0190824 0.00978902
274 0.0198537 0.00780792
274.4 0.0205267 0.00596851
274.8 0.0210992 0.00428354
275.2 0.0215715 0.00276351
275.6 0.0219465 0.00141646
276 0.0222289 0.000247845
276.4 0.0224258 -0.000739645
276.8 0.0225461 -0.0015461
277.2 0.0226001 -0.00217442
277.6 0.0225997 -0.00263032
278 0.0225576 -0.00292216
278.4 0.0224874 -0.00306088
278.8 0.0224029 -0.00305977
279.2 0.0223181 -0.0029342
279.6 0.0222467 -0.00270138
280 0.0222019 -0.00238001
280.4 0.0221958 -0.00198991
280.8 0.0222397 -0.00155165
281.2 0.0223433 -0.00108614
281.6 0.0225148 -0.000614242
282 0.0227608 -0.000156358
282.4 0.0230856 0.000267977
282.8 0.023492 0.000640455
283.2 0.0239803 0.000944346
283.6 0.0245492 0.00116481
284 0.025195 0.00128917
284.4 0.0259122 0.00130713
284.8 0.0266934 0.00121093
285.2 0.0275294 0.000995517
285.6 0.0284096 0.00065852
286 0.029322 0.000200317
286.4 0.0302532 -0.00037605
286.8 0.0311892 -0.00106498
287.2 0.0321153 -0.00185849
287.6 0.0330162 -0.00274639
288 0.0338767 -0.00371658
288.4 0.0346816 -0.00475531
288.8 0.0354162 -0.00584747
289.2 0.0360664 -0.00697699
289.6 0.0366191 -0.00812712
290 0.0370621 -0.00928082
290.4 0.0373847 -0.0104211
290.8 0.0375777 -0.0115313
291.2 0.0376337 -0.0125955
291.6 0.0375467 -0.0135987
292 0.037313 -0.0145274
292.4 0.0369305 -0.0153691
292.8 0.0363994 -0.0161135
293.2 0.0357217 -0.0167517
293.6 0.0349012 -0.0172768
294 0.0339439 -0.017684
294.4 0.0328573 -0.0179704
294.8 0.0316507 -0.0181351
295.2 0.0303349 -0.0181788
295.6 0.028922 -0.0181044
296 0.0274252 -0.0179161
296.4 0.0258588 -0.0176198
296.8 0.0242377 -0.0172226
297.2 0.0225774 -0.0167326
297.6 0.0208933 -0.016159
298 0.0192013 -0.0155113
298.4 0.0175168 -0.0147998
298.8 0.0158548 -0.0140349
299.2 0.0142296 -0.0132267
299.6 0.0126547 -0.0123857
300 0.0111423 -0.0115215
300.4 0.00970378 -0.0106434
300.8 0.00834874 -0.00976006
301.2 0.00708544 -0.00887942
301.6 0.00592052 -0.00800851
302 0.00485892 -0.00715348
302.4 0.00390389 -0.00631958
302.8 0.00305696 -0.00551111
303.2 0.00231793 -0.0047315
303.6 0.001685 -0.00398326
304 0.00115474 -0.00326811
304.4 0.000722311 -0.00258704
304.8 0.000381492 -0.00194034
305.2 0.000124891 -0.00132776
305.6 -5.59075e-05 -0.000748582
306 -0.000170157 -0.000201692
306.4 -0.000227753 0.000314279
306.8 -0.000239029 0.000800881
307.2 -0.00021455 0.00125975
307.6 -0.000164904 0.00169251
308 -0.000100498 0.00210075
308.4 -3.13632e-05 0.00248589
308.8 3.30328e-05 0.00284919
309.2 8.39537e-05 0.00319169
309.6 0.000113548 0.00351419
310 0.000114983 0.00381721
310.4 8.25497e-05 0.00410106
310.8 1.17537e-05 0.00436578
311.2 -0.00010063 0.00461117
311.6 -0.000256522 0.00483687
312 -0.000456536 0.00504234
312.4 -0.000699992 0.00522691
312.8 -0.000984971 0.00538984
313.2 -0.00130838 0.00553034
313.6 -0.00166604 0.00564765
314 -0.00205282 0.00574102
314.4 -0.00246272 0.0058098
314.8 -0.00288907 0.00585347
315.2 -0.00332465 0.00587162
315.6 -0.00376186 0.00586404
316 -0.00419288 0.00583068
316.4 -0.00460987 0.00577168
316.8 -0.00500509 0.00568738
317.2 -0.00537107 0.0055783
317.6 -0.00570079 0.00544514
318 -0.00598777 0.00528877
318.4 -0.00622625 0.0051102
318.8 -0.00641123 0.00491057
319.2 -0.00653862 0.0046911
319.6 -0.00660527 0.00445314
320 -0.00660905 0.00419803
320.4 -0.00654883 0.0039272
320.8 -0.00642454 0.00364207
321.2 -0.00623715 0.00334405
321.6 -0.0059886 0.00303456
322 -0.0056818 0.00271497
322.4 -0.00532053 0.00238665
322.8 -0.00490939 0.00205094
323.2 -0.00445368 0.00170916
323.6 -0.00395933 0.00136262
324 -0.00343277 0.00101265
324.4 -0.00288084 0.000660605
324.8 -0.00231064 0.000307889
325.2 -0.00172945 -4.40272e-05
325.6 -0.0011446 -0.000393577
326 -0.000563359 -0.000739081
326.4 7.17166e-06 -0.00107873
326.8 0.00056014 -0.00141055
327.2 0.00108905 -0.00173243
327.6 0.00158781 -0.00204207
328 0.00205086 -0.00233701
328.4 0.00247316 -0.00261464
328.8 0.00285029 -0.00287219
329.2 0.00317844 -0.00310677
329.6 0.00345449 -0.0033154
330 0.00367597 -0.00349505
330.4 0.00384111 -0.00364267
330.8 0.00394879 -0.00375528
331.2 0.0039986 -0.00382999
331.6 0.00399073 -0.00386409
332 0.00392602 -0.00385508
332.4 0.0038059 -0.00380082
332.8 0.00363237 -0.0036995
333.2 0.00340792 -0.00354978
333.6 0.00313557 -0.00335085
334 0.00281876 -0.00310245
334.4 0.00246133 -0.00280496
334.8 0.00206747 -0.00245942
335.2 0.0016417 -0.00206761
335.6 0.0011888 -0.00163202
336 0.000713771 -0.00115588
336.4 0.000221793 -0.000643173
336.8 -0.000281824 -9.85827e-05
337.2 -0.000791683 0.000472507
337.6 -0.00130235 0.00106408
338 -0.0018084 0.00166956
338.4 -0.00230445 0.00228184
338.8 -0.00278525 0.00289347
339.2 -0.00324568 0.00349663
339.6 -0.00368081 0.00408338
340 -0.00408599 0.00464568
340.4 -0.00445684 0.00517554
340.8 -0.00478934 0.00566521
341.2 -0.00507985 0.00610722
341.6 -0.00532518 0.00649458
342 -0.0055226 0.00682088
342.4 -0.0056699 0.00708042
342.8 -0.00576542 0.0072683
343.2 -0.00580806 0.00738054
343.6 -0.00579733 0.00741414
344 -0.00573335 0.00736719
344.4 -0.00561687 0.00723886
344.8 -0.00544923 0.00702947
345.2 -0.00523241 0.00674052
345.6 -0.00496898 0.00637461
346 -0.00466207 0.00593549
346.4 -0.00431535 0.00542794
346.8 -0.00393298 0.00485777
347.2 -0.00351957 0.00423165
347.6 -0.00308009 0.00355709
348 -0.00261984 0.00284225
348.4 -0.00214437 0.00209585
348.8 -0.0016594 0.00132704
349.2 -0.00117072 0.000545186
349.6 -0.000684167 -0.000240197
350 -0.000205482 -0.00101966
350.4 0.000259725 -0.00178393
350.8 0.000706073 -0.00252409
351.2 0.00112847 -0.00323168
351.6 0.00152219 -0.00389887
352 0.00188293 -0.00451851
352.4 0.00220684 -0.00508429
352.8 0.0024906 -0.00559079
353.2 0.00273142 -0.00603354
353.6 0.00292711 -0.00640906
354 0.00307602 -0.00671494
354.4 0.00317711 -0.00694976
354.8 0.0032299 -0.00711312
355.2 0.00323447 -0.00720562
355.6 0.00319144 -0.00722879
356 0.00310191 -0.00718501
356.4 0.00296743 -0.00707746
356.8 0.00278998 -0.00691001
357.2 0.00257188 -0.00668713
357.6 0.00231573 -0.00641377
358 0.0020244 -0.00609525
358.4 0.00170095 -0.00573718
358.8 0.00134856 -0.00534528
359.2 0.000970497 -0.00492534
359.6 0.000570063 -0.0044831
360 0.000150555 -0.00402415
360.4 -0.000284775 -0.00355381
360.8 -0.000732748 -0.00307714
361.2 -0.00119028 -0.00259882
361.6 -0.00165442 -0.00212311
362 -0.0021223 -0.00165384
362.4 -0.00259122 -0.00119439
362.8 -0.00305858 -0.000747649
363.2 -0.0035219 -0.000316077
363.6 -0.0039788 9.83176e-05
364 -0.00442698 0.000493929
364.4 -0.00486422 0.000869519
364.8 -0.00528834 0.00122417
365.2 -0.0056972 0.00155725
365.6 -0.00608865 0.00186834
366 -0.00646055 0.00215718
366.4 -0.00681076 0.00242362
366.8 -0.0071371 0.00266761
367.2 -0.00743739 0.00288907
367.6 -0.00770944 0.00308794
368 -0.00795105 0.00326409
368.4 -0.00816005 0.00341732
368.8 -0.00833432 0.00354735
369.2 -0.00847183 0.00365381
369.6 -0.00857066 0.00373624
370 -0.00862907 0.00379411
370.4 -0.00864552 0.00382685
370.8 -0.00861874 0.00383389
371.2 -0.00854779 0.00381466
371.6 -0.00843206 0.00376869
372 -0.00827137 0.0036956
372.4 -0.00806602 0.0035952
372.8 -0.00781677 0.00346749
373.2 -0.00752493 0.00331275
373.6 -0.00719237 0.00313157
374 -0.0068215 0.00292488
374.4 -0.00641534 0.002694
374.8 -0.00597746 0.00244062
375.2 -0.00551196 0.00216688
375.6 -0.00502347 0.00187532
376 -0.0045171 0.00156889
376.4 -0.00399836 0.00125095
376.8 -0.00347311 0.000925204
377.2 -0.0029475 0.000595675
377.6 -0.00242784 0.000266661
378 -0.00192057 -5.73372e-05
378.4 -0.00143208 -0.000371683
378.8 -0.000968692 -0.00067168
379.2 -0.000536489 -0.000952658
379.6 -0.000141248 -0.00121005
380 0.000211674 -0.00143949
380.4 0.000517436 -0.00163689
380.8 0.000771801 -0.00179852
381.2 0.000971221 -0.0019211
381.6 0.0011129 -0.00200186
382 0.00119487 -0.00203861
382.4 0.001216 -0.00202977
382.8 0.00117607 -0.00197446
383.2 0.00107575 -0.00187248
383.6 0.000916617 -0.00172434
384 0.00070112 -0.00153129
384.4 0.000432564 -0.00129526
384.8 0.00011505 -0.00101887
385.2 -0.000246589 -0.000705401
385.6 -0.000646865 -0.00035869
386 -0.00107972 1.68773e-05
386.4 -0.00153864 0.000416463
386.8 -0.00201674 0.000834855
387.2 -0.00250689 0.00126655
387.6 -0.00300184 0.00170585
388 -0.00349432 0.00214696
388.4 -0.00397718 0.00258407
388.8 -0.00444347 0.00301145
389.2 -0.0048866 0.00342356
389.6 -0.00530039 0.00381513
390 -0.00567921 0.00418122
390.4 -0.006018 0.0045173
390.8 -0.00631243 0.00481932
391.2 -0.00655886 0.00508378
391.6 -0.00675445 0.00530771
392 -0.00689715 0.00548877
392.4 -0.00698576 0.0056252
392.8 -0.00701986 0.0057159
393.2 -0.00699984 0.00576034
393.6 -0.00692687 0.00575863
394 -0.00680286 0.00571143
394.4 -0.00663036 0.00561991
394.8 -0.00641256 0.00548579
395.2 -0.0061532 0.00531118
395.6 -0.00585644 0.0050986
396 -0.00552686 0.0048509
396.4 -0.00516931 0.00457121
396.8 -0.00478885 0.00426285
397.2 -0.00439064 0.00392929
397.6 -0.00397988 0.0035741
398 -0.0035617 0.00320089
398.4 -0.00314112 0.00281324
398.8 -0.00272294 0.00241467
399.2 -0.00231168 0.00200859
399.6 -0.00191154 0.00159829
400 -0.00152634 0.00118688
