-0.498 0.00257837 0.000631811
-0.496 0.00782648 0.000997271
-0.494 -0.00343522 -0.00271582
-0.492 -0.0329478 -0.0107222
-0.49 -0.0397564 -0.0160928
-0.488 -0.00511882 -0.0140884
-0.486 0.00747351 -0.0101794
-0.484 -0.0582717 -0.00826777
-0.482 -0.115401 0.00196041
-0.48 -0.0126633 0.0278158
-0.478 0.204099 0.0457983
-0.476 0.25617 0.0208516
-0.474 0.00144989 -0.0328144
-0.472 -0.271883 -0.0457074
-0.47 -0.159129 0.0176455
-0.468 0.254053 0.0874588
-0.466 0.391813 0.0644219
-0.464 -0.0333439 -0.0327878
-0.462 -0.501959 -0.0746911
-0.46 -0.293854 -0.0132041
-0.458 0.471245 0.014905
-0.456 0.840477 -0.123375
-0.454 0.261492 -0.300018
-0.452 -0.577448 -0.211043
-0.45 -0.564706 0.22087
-0.448 0.323737 0.65366
-0.446 0.854581 0.663562
-0.444 0.0769974 0.220978
-0.442 -1.36342 -0.317343
-0.44 -1.84266 -0.670016
-0.438 -0.594301 -0.888221
-0.436 1.39549 -1.06665
-0.434 2.41428 -0.996336
-0.432 1.73593 -0.35727
-0.43 0.206051 0.777312
-0.428 -0.777229 1.85274
-0.426 -0.767154 2.31839
-0.424 -0.680562 2.04472
-0.422 -1.58249 1.19733
-0.42 -3.02259 -0.0390186
-0.418 -2.9872 -1.38922
-0.416 -0.157355 -2.34042
-0.414 3.79391 -2.46684
-0.412 5.16125 -1.95596
-0.41 2.26725 -1.4238
-0.408 -2.02366 -1.0176
-0.406 -3.14159 -0.0842507
-0.404 -0.316877 1.81597
-0.402 2.268 3.75956
-0.4 0.847315 4.01648
-0.398 -2.68765 2.01847
-0.396 -2.8845 -0.720018
-0.394 1.98288 -2.17343
-0.392 6.98669 -2.03367
-0.39 6.30179 -1.67134
-0.388 0.277397 -1.94771
-0.386 -5.32214 -1.92207
-0.384 -6.44772 -0.274658
-0.382 -4.57858 2.46674
-0.38 -2.81114 4.08799
-0.378 -0.984859 3.1574
-0.376 2.7811 0.623901
-0.374 7.20491 -1.37914
-0.372 7.95928 -1.91003
-0.37 3.4232 -1.73491
-0.368 -2.51241 -1.74708
-0.366 -5.27199 -1.75179
-0.364 -5.10925 -0.929512
-0.362 -5.14048 0.979016
-0.36 -5.11589 3.3909
-0.358 -1.29913 5.41584
-0.356 6.32389 6.05043
-0.354 10.6896 4.3457
-0.352 5.2091 0.192764
-0.35 -6.65885 -4.85849
-0.348 -13.8455 -8.1941
-0.346 -10.5025 -8.30525
-0.344 -2.41658 -5.92359
-0.342 1.64536 -2.53559
-0.34 1.81802 1.55452
-0.338 5.42551 6.69022
-0.336 13.8618 11.2779
-0.334 17.5071 11.3593
-0.332 7.4069 4.44537
-0.33 -11.2929 -6.57655
-0.328 -23.0756 -14.8409
-0.326 -19.6606 -15.6116
-0.324 -8.49301 -10.3488
-0.322 -1.2869 -3.96842
-0.32 0.994464 0.891926
-0.318 6.44148 5.32004
-0.316 16.9573 10.1883
-0.314 22.2658 12.9657
-0.312 12.9671 10.157
-0.31 -5.50752 2.20118
-0.308 -17.9788 -6.00538
-0.306 -17.4811 -10.0009
-0.304 -11.8282 -9.8754
-0.302 -10.0181 -8.58336
-0.3 -8.70686 -7.24721
-0.298 1.33595 -3.93303
-0.296 18.4964 2.74676
-0.294 28.5031 10.4161
-0.292 22.1192 14.4602
-0.29 7.3869 12.2154
-0.288 -1.8214 5.0457
-0.286 -4.40015 -3.15693
-0.284 -10.8334 -8.68405
-0.282 -22.8189 -9.47965
-0.28 -24.6065 -5.63735
-0.278 -2.92446 0.420005
-0.276 30.0439 5.19564
-0.274 43.596 6.62412
-0.272 21.9583 5.35919
-0.27 -16.3516 3.36261
-0.268 -38.9046 1.52849
-0.266 -33.8209 -0.234091
-0.264 -17.8269 -1.20684
-0.262 -11.218 -0.512898
-0.26 -12.7247 0.374228
-0.258 -5.30622 -2.06025
-0.256 18.0372 -8.33157
-0.254 41.469 -12.0937
-0.252 41.2902 -5.64252
-0.25 12.0835 9.68226
-0.248 -25.4003 22.0497
-0.246 -42.3729 21.086
-0.244 -28.2778 10.3188
-0.242 -0.216946 3.34632
-0.24 15.683 6.60027
-0.238 11.8604 10.4568
-0.236 5.68833 1.14934
-0.234 14.9161 -20.6094
-0.232 30.0905 -38.0732
-0.23 22.9464 -36.6455
-0.228 -14.5635 -19.0843
-0.226 -49.4583 0.544625
-0.224 -40.4188 13.9417
-0.222 8.68642 23.7123
-0.22 45.3956 32.1754
-0.218 28.7341 32.3526
-0.216 -18.219 15.9223
-0.214 -34.4993 -12.6523
-0.212 0.844662 -36.4698
-0.21 39.3522 -41.7922
-0.208 25.4398 -29.5313
-0.206 -28.0268 -10.0244
-0.204 -51.6657 8.9074
-0.202 -8.4274 24.135
-0.2 53.6436 31.1351
-0.198 59.1231 24.3119
-0.196 2.17657 5.75006
-0.194 -43.4161 -12.0204
-0.192 -17.2446 -18.0516
-0.19 47.7643 -15.6421
-0.188 64.5647 -16.3033
-0.186 2.6235 -21.9374
-0.184 -70.2709 -20.5056
-0.182 -69.5653 -3.90196
-0.18 1.30905 15.9679
-0.178 55.7986 18.9144
-0.176 32.0076 3.43036
-0.174 -31.0534 -7.56917
-0.172 -44.3778 5.7611
-0.17 17.3372 32.3039
-0.168 83.293 40.1507
-0.166 74.9608 15.0193
-0.164 4.94556 -20.5205
-0.162 -39.6202 -32.5465
-0.16 -8.72966 -15.4263
-0.158 44.9407 4.39711
-0.156 29.8074 3.8837
-0.154 -66.4583 -7.93266
-0.152 -151.204 -4.36798
-0.15 -128.723 20.571
-0.148 -11.0452 41.1122
-0.146 93.2602 31.0942
-0.144 100.092 -2.3265
-0.142 37.1007 -26.0833
-0.14 -1.20254 -21.4452
-0.138 27.3201 -6.06605
-0.136 63.5359 -9.11278
-0.134 26.0802 -30.9556
-0.132 -80.1418 -39.8874
-0.13 -157.744 -12.4704
-0.128 -127.239 31.6398
-0.126 -24.3532 46.5375
-0.124 37.217 12.1177
-0.122 -0.924715 -40.961
-0.12 -69.9577 -64.1823
-0.118 -57.0422 -44.2366
-0.116 50.4741 -13.1099
-0.114 136.344 -4.22253
-0.112 87.7624 -11.6036
-0.11 -62.9296 -2.62287
-0.108 -164.392 33.4414
-0.106 -119.817 65.3897
-0.104 -0.745432 57.0553
-0.102 43.8098 13.4551
-0.1 -25.4262 -23.8362
-0.098 -89.7587 -27.0029
-0.096 -27.8393 -13.2024
-0.094 118.658 -15.8936
-0.092 185.424 -35.0627
-0.09 89.0401 -33.6554
-0.088 -63.3873 12.4017
-0.086 -100.714 75.4721
-0.084 1.88893 101.999
-0.082 95.1016 73.212
-0.08 51.0629 25.114
-0.078 -67.8847 3.13503
-0.076 -84.8996 9.39053
-0.074 59.816 7.95702
-0.072 211.935 -22.6935
-0.07 176.929 -60.5845
-0.068 -39.8256 -69.6869
-0.066 -223.542 -45.4777
-0.064 -189.606 -17.0316
-0.062 5.70309 -6.96836
-0.06 133.555 -5.37062
-0.058 62.4762 9.53669
-0.056 -94.9997 36.3779
-0.054 -124.811 50.938
-0.052 32.9167 38.8738
-0.05 211.764 13.4282
-0.048 214.107 -5.52781
-0.046 34.041 -17.418
-0.044 -149.087 -32.0994
-0.042 -180.614 -42.8692
-0.04 -91.991 -26.0677
-0.038 -28.2346 24.1891
-0.036 -52.4164 73.4014
-0.034 -75.2383 77.4956
-0.032 16.3827 33.256
-0.03 197.622 -15.3896
-0.028 316.636 -28.13
-0.026 262.917 -15.2984
-0.024 87.3635 -17.771
-0.022 -57.6728 -47.3503
-0.02 -79.3479 -65.4449
-0.018 -18.4297 -30.4436
-0.016 30.8729 42.403
-0.014 33.2195 89.4128
-0.012 24.4695 69.4078
-0.01 36.876 13.2172
-0.008 52.5019 -9.46905
-0.006 40.5406 28.8408
-0.004 12.6159 81.0121
-0.002 12.9962 80.017
0 54.3882 17.1839
0.002 92.6241 -46.5145
0.004 83.8701 -49.9961
0.006 41.821 -1.64305
0.008 12.2958 31.9213
0.01 8.831 4.02603
0.012 2.60128 -57.3557
0.014 -22.5733 -82.0792
0.016 -33.1119 -38.946
0.018 7.64088 31.0855
0.02 64.587 64.3796
0.022 43.2221 45.5875
0.024 -98.0167 16.1333
0.026 -267.464 14.3723
0.028 -314.126 28.2342
0.03 -188.394 16.5702
0.032 -1.77866 -31.1825
0.034 93.2535 -74.8549
0.036 71.6492 -70.563
0.038 46.5927 -21.4971
0.04 107.744 28.3355
0.042 192.59 44.5419
0.044 156.779 33.1495
0.046 -30.4928 17.9595
0.048 -214.067 5.76113
0.05 -214.318 -13.3026
0.052 -37.0614 -38.7263
0.054 120.038 -50.7366
0.056 90.413 -36.1675
0.058 -66.3222 -9.39118
0.06 -136.45 5.39216
0.062 -7.79253 6.84099
0.064 187.888 16.7639
0.066 221.624 45.1013
0.068 37.1695 69.2421
0.07 -180.711 60.1051
0.072 -217.037 22.1944
0.074 -66.2491 -8.48694
0.076 77.2745 -9.99119
0.078 59.331 -3.88175
0.08 -60.1971 -26.1129
0.082 -104.447 -74.5687
0.084 -11.124 -103.783
0.086 91.8218 -77.6988
0.088 54.9806 -15.0354
0.09 -96.8954 30.6869
0.092 -192.732 31.8691
0.094 -125.49 12.6218
0.096 21.3473 10.0127
0.098 83.4169 24.031
0.1 19.0315 21.1627
0.102 -50.4225 -15.8089
0.104 -6.18273 -59.1135
0.106 112.525 -67.2078
0.108 156.698 -35.0968
0.11 54.7919 1.03614
0.112 -96.3686 9.98759
0.114 -145.387 2.49881
0.116 -59.8439 11.2323
0.118 47.5232 42.1808
0.12 60.5031 61.9307
0.122 -8.26987 38.5036
0.124 -46.0313 -14.7697
0.126 15.9345 -49.3405
0.128 119.149 -34.5252
0.13 149.875 9.56372
0.132 72.3823 36.9748
0.134 -33.8414 27.9881
0.136 -71.4081 5.99492
0.138 -35.3941 2.69718
0.14 -7.10619 17.7593
0.142 -45.596 22.0657
0.144 -108.644 -1.98883
0.146 -101.676 -35.6297
0.148 2.99048 -45.7449
0.15 121.276 -25.1379
0.152 144.61 0.0427316
0.154 60.9144 3.9984
0.156 -34.1949 -7.33583
0.158 -48.185 -7.33647
0.16 6.49442 12.9896
0.162 38.1612 30.5715
0.164 -5.92218 18.9218
0.166 -75.7826 -16.3803
0.168 -84.3076 -41.4323
0.17 -18.8777 -33.6241
0.172 42.0489 -7.1623
0.174 27.7947 6.10343
0.176 -36.2004 -4.92177
0.178 -60.8053 -20.3852
0.18 -6.89886 -17.3567
0.182 63.712 2.67359
0.184 64.5197 19.5128
0.186 -7.92348 21.2262
0.188 -69.1391 15.8888
0.19 -51.4334 15.5292
0.192 14.5723 18.2458
0.194 41.7413 12.5131
0.196 -2.95969 -5.00397
0.198 -59.229 -23.3979
0.2 -53.36 -30.1516
0.202 8.80495 -23.1624
0.204 51.889 -8.00062
0.206 27.9138 10.8209
0.208 -26.0099 30.165
0.21 -40.4447 42.2014
0.212 -2.46189 36.5993
0.214 32.4186 12.4697
0.216 15.7818 -16.4196
0.218 -31.3953 -33.1406
0.22 -48.1407 -33.21
0.222 -11.3767 -24.9348
0.224 37.9185 -15.28
0.226 47.2709 -1.91345
0.228 12.7885 17.7785
0.23 -24.2422 35.4926
0.232 -30.8774 37.1461
0.234 -15.2007 19.9617
0.236 -5.52546 -1.47968
0.238 -11.3672 -10.4492
0.24 -15.0295 -6.26027
0.242 0.845693 -2.71462
0.244 28.7296 -9.4711
0.246 42.551 -20.1208
0.248 25.2608 -21.0728
0.25 -12.5365 -8.7954
0.252 -42.0091 6.34528
0.254 -42.3709 12.532
0.256 -19.0197 8.45258
0.258 4.34044 1.85366
0.26 11.8467 -0.871248
0.262 10.469 -0.202249
0.264 17.2274 0.354268
0.266 33.3785 -0.690907
0.268 38.6099 -2.48416
0.27 16.1713 -4.32058
0.272 -22.0734 -6.29304
0.274 -43.699 -7.51098
0.276 -30.1854 -6.02329
0.278 2.70147 -1.18915
0.28 24.2716 4.91809
0.282 22.3612 8.80125
0.284 10.2556 8.03902
0.286 3.70168 2.53917
0.288 0.993766 -5.63902
0.29 -8.34487 -12.7829
0.292 -23.1759 -14.9967
0.294 -29.5818 -10.9163
0.296 -19.4955 -3.21346
0.298 -2.16534 3.4818
0.3 8.10456 6.77929
0.302 9.67003 8.0647
0.304 11.7478 9.28701
0.306 17.674 9.34839
0.308 18.4283 5.31816
0.31 6.15684 -2.87793
0.312 -12.2142 -10.7704
0.314 -21.5222 -13.4627
0.316 -16.3303 -10.5252
0.318 -6.02263 -5.47474
0.32 -0.847509 -0.871792
0.322 1.14215 4.12858
0.324 8.08861 10.5985
0.326 19.0638 15.8989
0.328 22.3579 15.1207
0.33 10.5077 6.81461
0.332 -8.22761 -4.26992
0.334 -18.3413 -11.2525
0.336 -14.6854 -11.2313
0.338 -6.21203 -6.68676
0.34 -2.54741 -1.57736
0.342 -2.30885 2.4977
0.344 1.82066 5.87529
0.346 9.97515 8.2451
0.348 13.3896 8.11529
0.35 6.27771 4.75199
0.352 -5.51545 -0.333335
0.354 -10.9264 -4.51975
0.356 -6.50091 -6.24864
0.358 1.16763 -5.62177
0.36 5.01027 -3.58472
0.362 5.03746 -1.14175
0.364 4.98738 0.811646
0.366 5.11832 1.68372
0.368 2.32574 1.72388
0.37 -3.6356 1.74342
0.372 -8.18975 1.93169
0.374 -7.44983 1.39412
0.376 -3.03994 -0.632204
0.378 0.713217 -3.19866
0.38 2.52989 -4.16285
0.382 4.29204 -2.56789
0.384 6.16339 0.159376
0.386 5.05297 1.80648
0.388 -0.516691 1.84516
0.39 -6.50178 1.59389
0.392 -7.14754 1.99106
0.394 -2.11217 2.17063
0.396 2.77847 0.754474
0.398 2.60169 -1.95786
0.4 -0.910678 -3.94782
0.402 -2.30594 -3.70442
0.404 0.301443 -1.7949
0.406 3.13926 0.0560385
0.408 2.02238 0.933324
0.41 -2.27855 1.28657
0.412 -5.19202 1.77829
0.414 -3.85161 2.26773
0.416 0.0699319 2.14083
0.418 2.87384 1.20725
0.42 2.89217 -0.113007
0.422 1.44474 -1.31292
0.424 0.542851 -2.12223
0.426 0.635474 -2.35991
0.428 0.658959 -1.86297
0.43 -0.302074 -0.762817
0.432 -1.80275 0.388787
0.434 -2.44987 1.0369
0.436 -1.40234 1.10859
0.438 0.611704 0.924839
0.44 1.87883 0.696376
0.442 1.41115 0.331095
0.444 -0.0268022 -0.21908
0.446 -0.810909 -0.669932
0.448 -0.292717 -0.663066
0.45 0.581027 -0.228294
0.452 0.580239 0.208876
0.454 -0.269417 0.304166
0.456 -0.855425 0.133091
0.458 -0.488785 -0.00141362
0.46 0.278549 0.0283016
0.462 0.493249 0.0893519
0.464 0.0339652 0.0454327
0.466 -0.381385 -0.0547098
0.468 -0.235354 -0.0808143
0.47 0.183456 -0.0134918
0.472 0.299053 0.0483346
0.474 0.0260898 0.0348477
0.476 -0.230332 -0.0187786
0.478 -0.181551 -0.0433694
0.48 0.0308944 -0.0249635
0.482 0.128937 0.00116027
0.484 0.0673545 0.0113176
0.486 -0.00215167 0.0127567
0.488 0.00763977 0.0159077
0.49 0.0405059 0.0171055
0.492 0.0328307 0.0111034
0.494 0.00309193 0.0027438
0.496 -0.0080674 -0.00107279
0.498 -0.00265066 -0.000671042
0.4 0.276227 0.11572
0.8 0.28608 0.119705
1.2 0.302419 0.126311
1.6 0.325124 0.135479
2 0.354023 0.147133
2.4 0.388906 0.161176
2.8 0.429516 0.177489
3.2 0.475561 0.19594
3.6 0.526713 0.216379
4 0.582616 0.238642
4.4 0.642884 0.262555
4.8 0.707115 0.287933
5.2 0.774886 0.314586
5.6 0.845767 0.342319
6 0.919319 0.370935
6.4 0.995104 0.400237
6.8 1.07268 0.43003
7.2 1.15163 0.460126
7.6 1.23154 0.490341
8 1.312 0.520502
8.4 1.39263 0.550445
8.8 1.47309 0.580019
9.2 1.55303 0.609084
9.6 1.63216 0.637517
10 1.71019 0.665207
10.4 1.78689 0.69206
10.8 1.86202 0.717996
11.2 1.93542 0.74295
11.6 2.00691 0.766873
12 2.07636 0.789731
12.4 2.14367 0.811502
12.8 2.20876 0.832177
13.2 2.27156 0.851758
13.6 2.33204 0.87026
14 2.39017 0.887704
14.4 2.44593 0.904119
14.8 2.49933 0.919542
15.2 2.55038 0.934013
15.6 2.59908 0.947576
16 2.64546 0.960275
16.4 2.68953 0.972156
16.8 2.7313 0.983265
17.2 2.77078 0.993645
17.6 2.80798 1.00333
18 2.84291 1.01237
18.4 2.87554 1.02079
18.8 2.90588 1.0286
19.2 2.93389 1.03585
19.6 2.95955 1.04254
20 2.98284 1.04867
20.4 3.0037 1.05427
20.8 3.0221 1.05931
21.2 3.038 1.06381
21.6 3.05135 1.06773
22 3.06212 1.07108
22.4 3.07026 1.07383
22.8 3.07574 1.07595
23.2 3.07854 1.07743
23.6 3.07864 1.07823
24 3.07603 1.07833
24.4 3.07074 1.07771
24.8 3.06277 1.07632
25.2 3.05216 1.07416
25.6 3.03897 1.07119
26 3.02327 1.0674
26.4 3.00513 1.06275
26.8 2.98466 1.05725
27.2 2.96196 1.05087
27.6 2.93718 1.0436
28 2.91044 1.03544
28.4 2.8819 1.02638
28.8 2.85172 1.01643
29.2 2.82006 1.0056
29.6 2.78712 0.993896
30 2.75305 0.98133
30.4 2.71804 0.967923
30.8 2.68228 0.953698
31.2 2.64593 0.938683
31.6 2.60916 0.922909
32 2.57215 0.906411
32.4 2.53504 0.889228
32.8 2.49798 0.871405
33.2 2.46111 0.852989
33.6 2.42453 0.834032
34 2.38837 0.814589
34.4 2.35271 0.794721
34.8 2.31764 0.774492
35.2 2.28321 0.753969
35.6 2.24948 0.733226
36 2.21648 0.712337
36.4 2.18425 0.691383
36.8 2.15279 0.670447
37.2 2.12211 0.649615
37.6 2.09219 0.628976
38 2.06303 0.608622
38.4 2.03461 0.588645
38.8 2.00689 0.56914
39.2 1.97986 0.550202
39.6 1.95347 0.531925
40 1.92769 0.514402
40.4 1.9025 0.497724
40.8 1.87787 0.481979
41.2 1.85376 0.46725
41.6 1.83015 0.453617
42 1.80702 0.441151
42.4 1.78436 0.429918
42.8 1.76215 0.419974
43.2 1.74039 0.411367
43.6 1.71907 0.404134
44 1.6982 0.398303
44.4 1.67778 0.393888
44.8 1.65784 0.390895
45.2 1.63837 0.389313
45.6 1.6194 0.389123
46 1.60096 0.390291
46.4 1.58305 0.392771
46.8 1.5657 0.396508
47.2 1.54894 0.401431
47.6 1.53279 0.407463
48 1.51726 0.414514
48.4 1.50237 0.422488
48.8 1.48814 0.431281
49.2 1.47459 0.440782
49.6 1.46172 0.450876
50 1.44955 0.461445
50.4 1.43807 0.472369
50.8 1.42729 0.483529
51.2 1.41719 0.494806
51.6 1.40779 0.506085
52 1.39906 0.517255
52.4 1.39098 0.528211
52.8 1.38356 0.538856
53.2 1.37675 0.549099
53.6 1.37055 0.558861
54 1.36492 0.568071
54.4 1.35984 0.576668
54.8 1.35527 0.584603
55.2 1.3512 0.59184
55.6 1.34758 0.59835
56 1.34439 0.604118
56.4 1.34158 0.609139
56.8 1.33913 0.613418
57.2 1.33701 0.61697
57.6 1.33517 0.619819
58 1.33358 0.621994
58.4 1.33222 0.623533
58.8 1.33105 0.624481
59.2 1.33004 0.624884
59.6 1.32915 0.624793
60 1.32837 0.624263
60.4 1.32766 0.623345
60.8 1.327 0.622095
61.2 1.32637 0.620565
61.6 1.32575 0.618805
62 1.32511 0.616862
62.4 1.32446 0.614781
62.8 1.32376 0.612599
63.2 1.32302 0.610352
63.6 1.32223 0.608068
64 1.32139 0.605771
64.4 1.32049 0.603478
64.8 1.31955 0.601201
65.2 1.31857 0.598946
65.6 1.31755 0.596716
66 1.31651 0.594505
66.4 1.31546 0.592306
66.8 1.31443 0.590107
67.2 1.31342 0.58789
67.6 1.31245 0.585637
68 1.31155 0.583326
68.4 1.31072 0.580935
68.8 1.30999 0.578437
69.2 1.30938 0.575809
69.6 1.30889 0.573025
70 1.30854 0.57006
70.4 1.30833 0.566891
70.8 1.30827 0.563495
71.2 1.30836 0.559851
71.6 1.30858 0.555942
72 1.30894 0.551753
72.4 1.30941 0.54727
72.8 1.30997 0.542485
73.2 1.3106 0.537393
73.6 1.31126 0.531989
74 1.31192 0.526277
74.4 1.31254 0.520262
74.8 1.31307 0.513953
75.2 1.31347 0.507364
75.6 1.31369 0.500512
76 1.31368 0.49342
76.4 1.31338 0.486112
76.8 1.31274 0.47862
77.2 1.31173 0.470976
77.6 1.31028 0.463219
78 1.30836 0.45539
78.4 1.30592 0.447536
78.8 1.30295 0.439705
79.2 1.29941 0.431949
79.6 1.29528 0.424323
80 1.29056 0.416886
80.4 1.28524 0.409697
80.8 1.27933 0.402818
81.2 1.27285 0.396313
81.6 1.26582 0.390244
82 1.25829 0.384676
82.4 1.2503 0.379671
82.8 1.2419 0.375292
83.2 1.23315 0.371598
83.6 1.22413 0.368645
84 1.21491 0.366486
84.4 1.20557 0.365168
84.8 1.1962 0.364735
85.2 1.18689 0.365221
85.6 1.17774 0.366655
86 1.16882 0.369059
86.4 1.16024 0.372444
86.8 1.15209 0.376813
87.2 1.14445 0.38216
87.6 1.1374 0.388468
88 1.13102 0.395711
88.4 1.12538 0.40385
88.8 1.12054 0.41284
89.2 1.11655 0.422621
89.6 1.11346 0.433128
90 1.1113 0.444283
90.4 1.11009 0.456003
90.8 1.10985 0.468196
91.2 1.11057 0.480762
91.6 1.11226 0.493597
92 1.11488 0.506594
92.4 1.11842 0.519641
92.8 1.12283 0.532625
93.2 1.12807 0.545434
93.6 1.13407 0.557956
94 1.14078 0.570083
94.4 1.14814 0.581711
94.8 1.15605 0.592742
95.2 1.16446 0.603084
95.6 1.17327 0.612653
96 1.18241 0.621377
96.4 1.19179 0.629191
96.8 1.20132 0.636042
97.2 1.21094 0.64189
97.6 1.22056 0.646705
98 1.23011 0.650469
98.4 1.23952 0.653178
98.8 1.24874 0.654838
99.2 1.25769 0.655468
99.6 1.26634 0.655097
100 1.27465 0.653765
100.4 1.28259 0.651521
100.8 1.29013 0.648422
101.2 1.29726 0.644533
101.6 1.30398 0.639924
102 1.31029 0.634671
102.4 1.31621 0.628852
102.8 1.32177 0.622547
103.2 1.32699 0.615839
103.6 1.33191 0.608809
104 1.33659 0.601535
104.4 1.34107 0.594094
104.8 1.34542 0.586559
105.2 1.34971 0.578998
105.6 1.35399 0.571474
106 1.35834 0.564043
106.4 1.36283 0.556756
106.8 1.36754 0.549656
107.2 1.37253 0.542781
107.6 1.37787 0.536161
108 1.38363 0.529818
108.4 1.38986 0.523772
108.8 1.39663 0.518035
109.2 1.40398 0.512611
109.6 1.41195 0.507505
110 1.42057 0.502714
110.4 1.42985 0.498233
110.8 1.43982 0.494055
111.2 1.45046 0.490171
111.6 1.46177 0.486571
112 1.47373 0.483245
112.4 1.48629 0.480182
112.8 1.49941 0.477373
113.2 1.51303 0.474811
113.6 1.52708 0.472487
114 1.54148 0.470398
114.4 1.55614 0.468539
114.8 1.57097 0.466909
115.2 1.58586 0.465507
115.6 1.6007 0.464336
116 1.61537 0.463396
116.4 1.62976 0.462691
116.8 1.64374 0.462223
117.2 1.65719 0.461993
117.6 1.67 0.462003
118 1.68205 0.462252
118.4 1.69322 0.462736
118.8 1.70342 0.463449
119.2 1.71254 0.464382
119.6 1.72051 0.465522
120 1.72724 0.46685
120.4 1.73268 0.468345
120.8 1.73677 0.46998
121.2 1.73947 0.471724
121.6 1.74077 0.473541
122 1.74067 0.475391
122.4 1.73916 0.477229
122.8 1.73628 0.479009
123.2 1.73206 0.480679
123.6 1.72656 0.482188
124 1.71986 0.48348
124.4 1.71203 0.484501
124.8 1.70316 0.485198
125.2 1.69338 0.485518
125.6 1.68278 0.48541
126 1.67149 0.484828
126.4 1.65965 0.48373
126.8 1.64738 0.482079
127.2 1.63483 0.479844
127.6 1.62212 0.477002
128 1.6094 0.473537
128.4 1.5968 0.469443
128.8 1.58443 0.46472
129.2 1.57243 0.45938
129.6 1.56091 0.453442
130 1.54996 0.446936
130.4 1.53967 0.439899
130.8 1.53013 0.432378
131.2 1.52139 0.42443
131.6 1.51351 0.416116
132 1.50653 0.407506
132.4 1.50047 0.398677
132.8 1.49533 0.389709
133.2 1.49112 0.380687
133.6 1.48781 0.3717
134 1.48537 0.362836
134.4 1.48377 0.354187
134.8 1.48296 0.345841
135.2 1.48287 0.337888
135.6 1.48345 0.330413
136 1.48463 0.323496
136.4 1.48632 0.317214
136.8 1.48848 0.311638
137.2 1.49101 0.306831
137.6 1.49386 0.30285
138 1.49696 0.299743
138.4 1.50026 0.297551
138.8 1.5037 0.296304
139.2 1.50724 0.296024
139.6 1.51085 0.296724
140 1.51451 0.298407
140.4 1.5182 0.301067
140.8 1.52194 0.30469
141.2 1.52573 0.309251
141.6 1.52959 0.314718
142 1.53355 0.321052
142.4 1.53766 0.328203
142.8 1.54196 0.336119
143.2 1.5465 0.344736
143.6 1.55135 0.353989
144 1.55657 0.363805
144.4 1.56222 0.374107
144.8 1.56836 0.384814
145.2 1.57506 0.395843
145.6 1.58235 0.407106
146 1.59029 0.418515
146.4 1.59892 0.42998
146.8 1.60825 0.441411
147.2 1.61831 0.452715
147.6 1.62909 0.463805
148 1.64057 0.474589
148.4 1.65272 0.484982
148.8 1.6655 0.494899
149.2 1.67884 0.504259
149.6 1.69265 0.512983
150 1.70685 0.520999
150.4 1.72131 0.528239
150.8 1.73592 0.534639
151.2 1.75053 0.540143
151.6 1.765 0.544702
152 1.77917 0.548273
152.4 1.79288 0.550822
152.8 1.80596 0.552324
153.2 1.81825 0.552761
153.6 1.82958 0.552125
154 1.83979 0.550419
154.4 1.84872 0.547652
154.8 1.85623 0.543848
155.2 1.86218 0.539036
155.6 1.86647 0.533258
156 1.86897 0.526565
156.4 1.86962 0.519015
156.8 1.86833 0.510678
157.2 1.86507 0.50163
157.6 1.85982 0.491956
158 1.85257 0.481745
158.4 1.84333 0.471096
158.8 1.83217 0.460108
159.2 1.81913 0.448885
159.6 1.80431 0.437535
160 1.78781 0.426165
160.4 1.76975 0.414881
160.8 1.75027 0.403789
161.2 1.72953 0.39299
161.6 1.70771 0.382581
162 1.68496 0.372653
162.4 1.66149 0.363291
162.8 1.63749 0.35457
163.2 1.61316 0.346556
163.6 1.58869 0.339306
164 1.56428 0.332865
164.4 1.54014 0.327268
164.8 1.51644 0.322536
165.2 1.49339 0.31868
165.6 1.47114 0.315698
166 1.44988 0.313577
166.4 1.42975 0.312293
166.8 1.4109 0.31181
167.2 1.39345 0.312084
167.6 1.37753 0.31306
168 1.36322 0.314678
168.4 1.35063 0.316868
168.8 1.33981 0.319557
169.2 1.33082 0.322668
169.6 1.32369 0.326122
170 1.31846 0.329836
170.4 1.31512 0.333731
170.8 1.31366 0.337728
171.2 1.31407 0.341751
171.6 1.31631 0.345728
172 1.32033 0.349594
172.4 1.32607 0.353289
172.8 1.33344 0.35676
173.2 1.34237 0.359962
173.6 1.35276 0.362858
174 1.3645 0.365419
174.4 1.37747 0.367624
174.8 1.39155 0.369462
175.2 1.4066 0.370927
175.6 1.42249 0.372024
176 1.43908 0.372761
176.4 1.45621 0.373155
176.8 1.47373 0.373226
177.2 1.49149 0.372999
177.6 1.50932 0.372502
178 1.52708 0.371766
178.4 1.5446 0.370822
178.8 1.56174 0.3697
179.2 1.57834 0.368431
179.6 1.59425 0.367043
180 1.60935 0.365563
180.4 1.62349 0.364011
180.8 1.63655 0.362406
181.2 1.64843 0.360762
181.6 1.65901 0.359089
182 1.66821 0.357389
182.4 1.67594 0.355664
182.8 1.68215 0.353908
183.2 1.68678 0.352112
183.6 1.6898 0.350263
184 1.69117 0.348345
184.4 1.6909 0.346339
184.8 1.68899 0.344224
185.2 1.68545 0.341979
185.6 1.68033 0.339582
186 1.67366 0.337012
186.4 1.66551 0.33425
186.8 1.65594 0.331277
187.2 1.64503 0.328079
187.6 1.63286 0.324644
188 1.61953 0.320967
188.4 1.60512 0.317044
188.8 1.58975 0.312877
189.2 1.57351 0.308473
189.6 1.55651 0.303843
190 1.53884 0.299005
190.4 1.5206 0.293979
190.8 1.5019 0.28879
191.2 1.48282 0.283466
191.6 1.46344 0.278039
192 1.44384 0.272542
192.4 1.4241 0.26701
192.8 1.40427 0.261479
193.2 1.38441 0.255984
193.6 1.36457 0.250561
194 1.34478 0.245242
194.4 1.32508 0.240057
194.8 1.30548 0.235033
195.2 1.28601 0.230195
195.6 1.26667 0.225561
196 1.24747 0.221146
196.4 1.22841 0.216959
196.8 1.20948 0.213006
197.2 1.19068 0.209286
197.6 1.172 0.205794
198 1.15344 0.202521
198.4 1.13498 0.199452
198.8 1.11662 0.19657
199.2 1.09835 0.193854
199.6 1.08017 0.191282
200 1.06207 0.188828
200.4 1.04407 0.186466
200.8 1.02617 0.184171
201.2 1.00837 0.181918
201.6 0.990694 0.179681
202 0.973154 0.17744
202.4 0.95577 0.175175
202.8 0.938566 0.17287
203.2 0.921564 0.170512
203.6 0.904793 0.168092
204 0.888279 0.165608
204.4 0.87205 0.163058
204.8 0.856135 0.160448
205.2 0.84056 0.157786
205.6 0.825353 0.155085
206 0.810537 0.152361
206.4 0.796133 0.149634
206.8 0.782161 0.146926
207.2 0.768635 0.14426
207.6 0.755569 0.141662
208 0.742971 0.139158
208.4 0.730844 0.136773
208.8 0.719188 0.134533
209.2 0.708001 0.132461
209.6 0.697274 0.130578
210 0.686996 0.128902
210.4 0.677152 0.12745
210.8 0.667726 0.126233
211.2 0.658696 0.12526
211.6 0.65004 0.124533
212 0.641732 0.124054
212.4 0.633747 0.123818
212.8 0.626057 0.123817
213.2 0.618633 0.124039
213.6 0.611447 0.12447
214 0.604471 0.12509
214.4 0.597675 0.125882
214.8 0.591033 0.126821
215.2 0.584516 0.127885
215.6 0.578099 0.129051
216 0.571756 0.130293
216.4 0.565464 0.131591
216.8 0.5592 0.132921
217.2 0.552944 0.134263
217.6 0.546673 0.135601
218 0.540372 0.136917
218.4 0.534021 0.1382
218.8 0.527605 0.139441
219.2 0.52111 0.140632
219.6 0.514521 0.141772
220 0.507828 0.142858
220.4 0.501018 0.143894
220.8 0.494082 0.144885
221.2 0.487012 0.145837
221.6 0.479801 0.146759
222 0.472443 0.147659
222.4 0.464934 0.148547
222.8 0.457271 0.149433
223.2 0.449455 0.150325
223.6 0.441485 0.151232
224 0.433364 0.152157
224.4 0.425097 0.153104
224.8 0.416691 0.154074
225.2 0.408154 0.155063
225.6 0.399496 0.156065
226 0.39073 0.15707
226.4 0.38187 0.158065
226.8 0.372932 0.159032
227.2 0.363933 0.159951
227.6 0.354892 0.160799
228 0.34583 0.161549
228.4 0.336765 0.162172
228.8 0.327721 0.162639
229.2 0.318718 0.162919
229.6 0.309778 0.162981
230 0.300921 0.162793
230.4 0.292167 0.162326
230.8 0.283536 0.161553
231.2 0.275043 0.160449
231.6 0.266705 0.158992
232 0.258534 0.157166
232.4 0.250542 0.154956
232.8 0.242735 0.152356
233.2 0.235121 0.149364
233.6 0.227701 0.145984
234 0.220475 0.142224
234.4 0.21344 0.1381
234.8 0.206592 0.133634
235.2 0.199921 0.128853
235.6 0.193419 0.123788
236 0.187073 0.118478
236.4 0.18087 0.112962
236.8 0.174794 0.107285
237.2 0.168831 0.101495
237.6 0.162966 0.0956417
238 0.157181 0.0897746
238.4 0.151463 0.0839448
238.8 0.145798 0.0782023
239.2 0.140172 0.0725956
239.6 0.134576 0.0671708
240 0.129001 0.0619708
240.4 0.12344 0.0570348
240.8 0.117891 0.0523971
241.2 0.112352 0.0480871
241.6 0.106826 0.0441287
242 0.101318 0.0405397
242.4 0.0958372 0.0373319
242.8 0.0903932 0.0345109
243.2 0.0850002 0.0320761
243.6 0.0796741 0.0300206
244 0.0744332 0.0283321
244.4 0.069297 0.0269924
244.8 0.0642869 0.0259787
245.2 0.0594248 0.0252635
245.6 0.0547332 0.0248157
246 0.0502347 0.0246008
246.4 0.0459512 0.024582
246.8 0.0419038 0.024721
247.2 0.0381121 0.0249783
247.6 0.0345939 0.0253145
248 0.0313649 0.0256907
248.4 0.0284379 0.0260693
248.8 0.0258232 0.0264148
249.2 0.0235278 0.0266941
249.6 0.0215553 0.0268774
250 0.0199061 0.0269385
250.4 0.0185769 0.0268551
250.8 0.0175609 0.0266092
251.2 0.016848 0.0261872
251.6 0.0164246 0.0255802
252 0.016274 0.0247838
252.4 0.0163766 0.0237982
252.8 0.0167101 0.0226279
253.2 0.0172499 0.0212815
253.6 0.0179693 0.0197716
254 0.0188403 0.0181142
254.4 0.0198332 0.0163282
254.8 0.0209179 0.0144353
255.2 0.0220637 0.0124592
255.6 0.02324 0.0104252
256 0.0244167 0.00835949
256.4 0.0255643 0.00628908
256.8 0.0266548 0.00424081
257.2 0.0276615 0.00224103
257.6 0.0285599 0.000315144
258 0.0293273 -0.00151288
258.4 0.0299437 -0.00322089
258.8 0.0303916 -0.00478889
259.2 0.0306564 -0.0061994
259.6 0.0307265 -0.00743766
260 0.0305932 -0.00849182
260.4 0.030251 -0.00935313
260.8 0.0296976 -0.010016
261.2 0.0289337 -0.0104779
261.6 0.027963 -0.0107396
262 0.0267923 -0.0108049
262.4 0.0254308 -0.0106805
262.8 0.0238908 -0.0103758
263.2 0.0221868 -0.00990286
263.6 0.0203355 -0.00927595
264 0.0183556 -0.00851139
264.4 0.0162675 -0.00762722
264.8 0.014093 -0.00664285
265.2 0.0118551 -0.00557874
265.6 0.00957764 -0.0044561
266 0.00728482 -0.00329647
266.4 0.00500118 -0.00212144
266.8 0.00275114 -0.00095232
267.2 0.000558701 0.000190208
267.6 -0.00155286 0.00128636
268 -0.00356125 0.00231754
268.4 -0.00544544 0.00326658
268.8 -0.00718593 0.00411795
269.2 -0.00876498 0.00485798
269.6 -0.0101668 0.00547497
270 -0.0113779 0.00595935
270.4 -0.0123868 0.00630376
270.8 -0.0131848 0.00650305
271.2 -0.0137656 0.00655437
271.6 -0.0141253 0.00645711
272 -0.0142631 0.00621283
272.4 -0.0141803 0.0058252
272.8 -0.013881 0.00529988
273.2 -0.013372 0.00464437
273.6 -0.0126622 0.00386784
274 -0.0117629 0.00298096
274.4 -0.0106874 0.00199568
274.8 -0.00945088 0.000924994
275.2 -0.00807024 -0.000217241
275.6 -0.00656377 -0.00141658
276 -0.0049509 -0.00265823
276.4 -0.00325196 -0.00392724
276.8 -0.00148785 -0.00520878
277.2 0.000320209 -0.00648833
277.6 0.00215096 -0.00775191
278 0.00398343 -0.00898623
278.4 0.00579718 -0.0101789
278.8 0.00757254 -0.0113186
279.2 0.00929093 -0.0123952
279.6 0.010935 -0.0133996
280 0.0124889 -0.0143245
280.4 0.0139383 -0.0151635
280.8 0.0152709 -0.0159121
281.2 0.016476 -0.0165669
281.6 0.0175452 -0.017126
282 0.0184718 -0.0175889
282.4 0.0192514 -0.0179564
282.8 0.0198815 -0.0182306
283.2 0.0203615 -0.0184144
283.6 0.0206929 -0.0185121
284 0.0208789 -0.0185286
284.4 0.0209244 -0.0184696
284.8 0.0208358 -0.0183415
285.2 0.0206208 -0.018151
285.6 0.0202884 -0.0179051
286 0.0198484 -0.0176113
286.4 0.0193116 -0.0172766
286.8 0.0186892 -0.0169084
287.2 0.0179928 -0.0165137
287.6 0.0172343 -0.0160991
288 0.0164254 -0.0156709
288.4 0.0155778 -0.0152351
288.8 0.0147025 -0.0147967
289.2 0.0138104 -0.0143606
289.6 0.0129115 -0.0139307
290 0.0120151 -0.0135106
290.4 0.0111294 -0.0131029
290.8 0.0102621 -0.0127098
291.2 0.0094195 -0.0123327
291.6 0.00860708 -0.0119724
292 0.00782923 -0.0116292
292.4 0.00708929 -0.0113029
292.8 0.00638961 -0.0109926
293.2 0.00573158 -0.0106971
293.6 0.00511566 -0.0104149
294 0.00454151 -0.0101439
294.4 0.00400801 -0.009882
294.8 0.00351338 -0.00962669
295.2 0.00305529 -0.00937539
295.6 0.00263093 -0.00912539
296 0.00223715 -0.00887392
296.4 0.00187054 -0.00861821
296.8 0.00152752 -0.00835553
297.2 0.00120448 -0.00808323
297.6 0.00089783 -0.0077988
298 0.000604121 -0.0074999
298.4 0.000320091 -0.00718438
298.8 4.2756e-05 -0.00685034
299.2 -0.000230543 -0.00649613
299.6 -0.000502086 -0.00612041
300 -0.000773743 -0.00572217
300.4 -0.00104694 -0.00530072
300.8 -0.00132266 -0.00485574
301.2 -0.00160141 -0.00438731
301.6 -0.00188327 -0.00389588
302 -0.00216785 -0.00338229
302.4 -0.0024544 -0.00284782
302.8 -0.00274174 -0.00229412
303.2 -0.00302838 -0.00172326
303.6 -0.00331256 -0.00113769
304 -0.00359224 -0.000540227
304.4 -0.00386524 6.59515e-05
304.8 -0.00412923 0.000677366
305.2 -0.00438184 0.00129025
305.6 -0.00462071 0.00190061
306 -0.00484352 0.00250426
306.4 -0.00504809 0.0030969
306.8 -0.00523243 0.00367413
307.2 -0.00539477 0.0042316
307.6 -0.00553365 0.00476499
308 -0.00564791 0.00527015
308.4 -0.0057368 0.00574314
308.8 -0.00579995 0.00618031
309.2 -0.00583741 0.00657839
309.6 -0.00584968 0.00693454
310 -0.00583771 0.0072464
310.4 -0.0058029 0.0075122
310.8 -0.0057471 0.00773074
311.2 -0.00567256 0.00790148
311.6 -0.00558194 0.00802455
312 -0.00547827 0.00810075
312.4 -0.00536488 0.0081316
312.8 -0.00524538 0.00811925
313.2 -0.00512359 0.00806652
313.6 -0.00500349 0.00797685
314 -0.00488914 0.0078542
314.4 -0.0047846 0.00770305
314.8 -0.0046939 0.00752828
315.2 -0.0046209 0.00733506
315.6 -0.00456929 0.00712883
316 -0.00454245 0.00691511
316.4 -0.00454343 0.00669947
316.8 -0.00457485 0.00648733
317.2 -0.00463884 0.00628395
317.6 -0.00473703 0.00609424
318 -0.00487044 0.00592271
318.4 -0.00503949 0.00577337
318.8 -0.00524393 0.0056496
319.2 -0.00548288 0.00555415
319.6 -0.00575476 0.00548903
320 -0.00605736 0.0054555
320.4 -0.00638779 0.00545403
320.8 -0.00674256 0.00548428
321.2 -0.00711764 0.00554513
321.6 -0.00750842 0.0056347
322 -0.00790989 0.00575042
322.4 -0.00831664 0.00588902
322.8 -0.00872294 0.00604668
323.2 -0.00912289 0.00621908
323.6 -0.00951046 0.00640151
324 -0.0098796 0.00658896
324.4 -0.0102244 0.00677626
324.8 -0.010539 0.00695816
325.2 -0.010818 0.00712949
325.6 -0.0110564 0.00728525
326 -0.0112495 0.00742069
326.4 -0.0113933 0.0075315
326.8 -0.0114845 0.0076138
327.2 -0.0115204 0.00766428
327.6 -0.0114991 0.00768027
328 -0.0114196 0.00765977
328.4 -0.0112816 0.00760149
328.8 -0.0110856 0.00750489
329.2 -0.0108333 0.00737015
329.6 -0.0105268 0.00719818
330 -0.0101692 0.00699059
330.4 -0.00976444 0.00674965
330.8 -0.00931691 0.0064782
331.2 -0.0088318 0.00617963
331.6 -0.00831476 0.00585775
332 -0.00777188 0.00551675
332.4 -0.00720959 0.00516107
332.8 -0.00663455 0.00479531
333.2 -0.00605352 0.00442416
333.6 -0.00547326 0.00405228
334 -0.00490043 0.00368421
334.4 -0.00434146 0.0033243
334.8 -0.00380246 0.0029766
335.2 -0.00328912 0.00264485
335.6 -0.0028066 0.00233238
336 -0.00235949 0.00204205
336.4 -0.00195172 0.00177628
336.8 -0.00158652 0.00153697
337.2 -0.00126637 0.00132553
337.6 -0.000993 0.00114286
338 -0.000767347 0.000989389
338.4 -0.000589592 0.000865097
338.8 -0.000459173 0.000769542
339.2 -0.000374819 0.000701911
339.6 -0.000334599 0.000661072
340 -0.000335983 0.000645627
340.4 -0.000375911 0.000653966
340.8 -0.000450876 0.00068433
341.2 -0.000557 0.000734862
341.6 -0.000690134 0.000803665
342 -0.000845939 0.000888846
342.4 -0.00101999 0.000988565
342.8 -0.00120785 0.00110107
343.2 -0.00140516 0.00122471
343.6 -0.00160776 0.001358
344 -0.00181168 0.00149957
344.4 -0.00201328 0.00164822
344.8 -0.00220927 0.0018029
345.2 -0.00239677 0.0019627
345.6 -0.00257332 0.0021268
346 -0.00273691 0.00229452
346.4 -0.00288601 0.00246521
346.8 -0.00301954 0.00263826
347.2 -0.00313687 0.00281309
347.6 -0.00323778 0.00298904
348 -0.00332245 0.00316544
348.4 -0.00339141 0.00334149
348.8 -0.00344546 0.00351628
349.2 -0.00348568 0.00368879
349.6 -0.00351333 0.00385782
350 -0.00352977 0.00402202
350.4 -0.00353647 0.0041799
350.8 -0.0035349 0.00432981
351.2 -0.00352648 0.00446998
351.6 -0.00351257 0.00459853
352 -0.00349437 0.00471352
352.4 -0.00347294 0.00481298
352.8 -0.00344913 0.00489493
353.2 -0.00342358 0.00495748
353.6 -0.00339669 0.00499883
354 -0.00336867 0.00501736
354.4 -0.00333947 0.00501165
354.8 -0.00330884 0.00498059
355.2 -0.00327634 0.00492333
355.6 -0.00324138 0.00483943
356 -0.00320324 0.00472884
356.4 -0.00316109 0.00459191
356.8 -0.00311407 0.00442946
357.2 -0.00306131 0.00424278
357.6 -0.00300196 0.00403359
358 -0.00293526 0.0038041
358.4 -0.00286054 0.00355691
358.8 -0.00277729 0.00329504
359.2 -0.00268517 0.00302186
359.6 -0.00258404 0.00274105
360 -0.00247398 0.00245652
360.4 -0.00235528 0.00217237
360.8 -0.00222847 0.00189279
361.2 -0.0020943 0.00162201
361.6 -0.00195372 0.00136418
362 -0.00180788 0.00112333
362.4 -0.00165808 0.000903252
362.8 -0.00150576 0.000707456
363.2 -0.00135246 0.000539068
363.6 -0.00119974 0.000400776
364 -0.0010492 0.00029477
364.4 -0.00090241 0.000222691
364.8 -0.000760831 0.00018559
365.2 -0.000625823 0.000183904
365.6 -0.000498578 0.000217439
366 -0.000380089 0.000285367
366.4 -0.000271122 0.000386235
366.8 -0.000172184 0.000517993
367.2 -8.35123e-05 0.000678024
367.6 -5.05666e-06 0.000863193
368 6.35192e-05 0.00106991
368.4 0.000122835 0.00129417
368.8 0.000173781 0.00153168
369.2 0.000217499 0.00177787
369.6 0.000255352 0.00202806
370 0.000288893 0.00227745
370.4 0.000319827 0.00252131
370.8 0.000349963 0.00275497
371.2 0.000381171 0.00297399
371.6 0.000415332 0.00317418
372 0.000454285 0.00335168
372.4 0.000499783 0.00350307
372.8 0.000553441 0.00362535
373.2 0.000616696 0.00371606
373.6 0.000690767 0.00377326
374 0.000776618 0.00379559
374.4 0.000874937 0.00378223
374.8 0.00098611 0.00373298
375.2 0.00111022 0.00364816
375.6 0.00124702 0.00352865
376 0.00139597 0.00337584
376.4 0.00155624 0.00319156
376.8 0.00172672 0.00297806
377.2 0.00190605 0.00273797
377.6 0.00209267 0.00247418
378 0.00228488 0.00218983
378.4 0.00248084 0.00188822
378.8 0.00267864 0.00157275
379.2 0.00287638 0.00124682
379.6 0.00307219 0.000913847
380 0.00326431 0.000577104
380.4 0.00345111 0.000239738
380.8 0.00363118 -9.53051e-05
381.2 0.00380334 -0.000425322
381.6 0.00396667 -0.000747882
382 0.00412058 -0.00106086
382.4 0.0042648 -0.00136243
382.8 0.0043994 -0.00165112
383.2 0.00452479 -0.00192576
383.6 0.00464173 -0.00218553
384 0.00475129 -0.00242989
384.4 0.00485484 -0.00265861
384.8 0.00495402 -0.00287172
385.2 0.00505067 -0.00306948
385.6 0.00514683 -0.00325236
386 0.00524461 -0.00342097
386.4 0.00534621 -0.00357609
386.8 0.0054538 -0.00371856
387.2 0.00556946 -0.00384928
387.6 0.00569514 -0.00396919
388 0.00583257 -0.0040792
388.4 0.00598319 -0.0041802
388.8 0.00614813 -0.004273
389.2 0.00632812 -0.00435833
389.6 0.00652347 -0.00443684
390 0.00673401 -0.00450903
390.4 0.00695911 -0.00457534
390.8 0.0071976 -0.00463606
391.2 0.00744786 -0.00469137
391.6 0.00770772 -0.00474135
392 0.00797457 -0.00478599
392.4 0.00824538 -0.0048252
392.8 0.00851669 -0.00485882
393.2 0.00878473 -0.00488665
393.6 0.00904546 -0.00490847
394 0.00929464 -0.00492402
394.4 0.00952792 -0.00493307
394.8 0.00974094 -0.00493542
395.2 0.00992937 -0.0049309
395.6 0.0100891 -0.00491938
396 0.0102161 -0.0049008
396.4 0.010307 -0.00487517
396.8 0.0103584 -0.00484257
397.2 0.0103679 -0.00480315
397.6 0.0103333 -0.00475711
398 0.0102531 -0.00470474
398.4 0.0101265 -0.00464636
398.8 0.00995356 -0.00458236
399.2 0.00973483 -0.00451314
399.6 0.00947173 -0.00443912
400 0.00916638 -0.00436074
