-0.498 0.000348122 0.000931309
-0.496 -7.19247e-05 0.0020875
-0.494 -0.00522224 -0.000402183
-0.492 -0.00530362 -0.00803239
-0.49 0.0175136 -0.0195868
-0.488 0.0521701 -0.0348029
-0.486 0.0563726 -0.0504739
-0.484 0.0153663 -0.0511027
-0.482 -0.0253161 -0.0152984
-0.48 -0.0236637 0.0556617
-0.478 -0.0152708 0.121199
-0.476 -0.0663017 0.131419
-0.474 -0.152957 0.078731
-0.472 -0.159657 0.00331094
-0.47 -0.033162 -0.0653625
-0.468 0.124064 -0.148526
-0.466 0.18199 -0.261225
-0.464 0.162398 -0.324242
-0.462 0.188124 -0.199887
-0.46 0.254853 0.133489
-0.458 0.181998 0.482722
-0.456 -0.127313 0.596947
-0.454 -0.469773 0.430833
-0.452 -0.530067 0.176631
-0.45 -0.273178 -0.00308388
-0.448 -0.00474732 -0.190963
-0.446 0.0157679 -0.552824
-0.444 -0.0988976 -0.975275
-0.442 -0.0490826 -1.01953
-0.44 0.207842 -0.375502
-0.438 0.379043 0.676608
-0.436 0.234577 1.42338
-0.434 -0.0564322 1.4195
-0.432 -0.100182 0.918408
-0.43 0.252281 0.45806
-0.428 0.735001 0.117869
-0.426 0.949799 -0.538456
-0.424 0.74021 -1.6861
-0.422 0.312727 -2.66578
-0.42 0.0144803 -2.52598
-0.418 -0.0017189 -1.13037
-0.416 0.0196581 0.566215
-0.414 -0.392457 1.50087
-0.412 -1.30749 1.59429
-0.41 -1.98796 1.60855
-0.408 -1.44742 1.96519
-0.406 0.277787 2.05559
-0.404 1.6448 0.997619
-0.402 1.10055 -1.03228
-0.4 -0.911809 -2.63149
-0.398 -2.11009 -2.58292
-0.396 -1.0464 -1.21373
-0.394 0.823125 0.0181946
-0.392 0.823237 0.249095
-0.39 -1.2756 0.0935432
-0.388 -2.54692 0.600644
-0.386 -0.629396 1.71279
-0.384 2.70825 2.2768
-0.382 3.40294 1.53607
-0.38 0.468209 0.131671
-0.378 -2.35145 -0.657936
-0.376 -1.41298 -0.467452
-0.374 1.65389 -0.21364
-0.372 1.87142 -0.835657
-0.37 -2.03692 -1.99064
-0.368 -5.12579 -2.3402
-0.366 -2.38137 -1.16439
-0.364 4.23652 0.690574
-0.362 7.63084 1.74577
-0.36 4.414 1.50161
-0.358 -0.920152 0.749219
-0.356 -2.11835 0.357234
-0.354 0.755694 0.265827
-0.352 2.20909 -0.0440258
-0.35 -0.420149 -0.567405
-0.348 -3.27012 -0.760749
-0.346 -1.91607 -0.32075
-0.344 1.86115 0.403769
-0.342 2.38384 0.860848
-0.34 -1.60666 0.899485
-0.338 -4.81014 0.747393
-0.336 -2.76602 0.635559
-0.334 1.76784 0.570785
-0.332 2.44853 0.450304
-0.33 -1.81979 0.405286
-0.328 -5.37204 0.781412
-0.326 -3.74569 1.65286
-0.324 0.479799 2.49815
-0.322 1.74349 2.54486
-0.32 -0.656484 1.54048
-0.318 -2.11738 -0.066644
-0.316 -0.0983099 -1.76297
-0.314 1.95707 -3.36781
-0.312 -0.296708 -4.69669
-0.31 -5.49525 -5.13487
-0.308 -7.6525 -3.80056
-0.306 -3.46287 -0.288953
-0.304 4.11758 4.62142
-0.302 9.88341 8.90629
-0.3 11.5153 10.2167
-0.298 9.93078 7.61425
-0.296 6.61914 2.57226
-0.294 2.61499 -2.34562
-0.292 -0.85574 -5.86743
-0.29 -3.21438 -8.50801
-0.288 -5.73258 -10.5053
-0.286 -9.48502 -10.1697
-0.284 -12.0725 -5.61439
-0.282 -9.15332 2.06579
-0.28 -1.04056 8.68665
-0.278 4.99805 10.7219
-0.276 2.87889 8.84677
-0.274 -3.37042 6.83342
-0.272 -3.6028 6.79416
-0.27 4.09437 6.53182
-0.268 8.02446 2.47867
-0.266 -2.86238 -4.93118
-0.264 -22.3664 -10.4815
-0.262 -31.5679 -9.93264
-0.26 -21.351 -5.35462
-0.258 -4.20028 -2.8283
-0.256 1.90429 -4.90831
-0.254 -3.53275 -7.65263
-0.252 -4.90023 -6.22329
-0.25 5.54674 -1.30927
-0.248 14.6364 2.22149
-0.246 6.10202 2.28547
-0.244 -15.002 2.37574
-0.242 -26.256 6.26936
-0.24 -16.5855 11.8427
-0.238 -0.952588 12.3245
-0.236 0.476659 4.15172
-0.234 -9.79464 -8.05966
-0.232 -10.7677 -15.9094
-0.23 6.19918 -15.7964
-0.228 23.0448 -11.465
-0.226 18.7054 -7.59389
-0.224 -1.85452 -3.34116
-0.222 -14.4673 5.08046
-0.22 -9.30995 16.7361
-0.218 -3.7658 24.2881
-0.216 -15.117 21.5015
-0.214 -31.7658 10.2961
-0.212 -26.4052 -1.9468
-0.21 4.67148 -10.431
-0.208 31.5629 -15.695
-0.206 27.6126 -18.9147
-0.204 4.91747 -17.716
-0.202 -1.19778 -8.87753
-0.2 20.0656 5.74561
-0.198 39.1469 18.2837
-0.196 24.5823 20.9748
-0.194 -14.8891 12.9562
-0.192 -40.6828 0.448614
-0.19 -32.6946 -9.57366
-0.188 -10.8807 -14.6835
-0.186 -3.98293 -15.9514
-0.184 -10.8834 -14.1322
-0.182 -7.37465 -9.19276
-0.18 14.5413 -2.59385
-0.178 32.1949 2.85847
-0.176 22.2108 5.99809
-0.174 -7.33981 7.71376
-0.172 -27.4851 7.51242
-0.17 -25.5114 2.60602
-0.168 -16.851 -7.26418
-0.166 -18.7314 -16.0623
-0.164 -24.4557 -15.9907
-0.162 -14.7373 -6.15926
-0.16 12.0723 5.77403
-0.158 35.225 11.7499
-0.156 37.4788 11.3474
-0.154 25.7231 9.72935
-0.152 18.4637 8.69539
-0.15 19.756 2.85971
-0.148 16.8999 -12.9918
-0.146 2.03081 -33.5593
-0.144 -14.2278 -44.525
-0.142 -15.7865 -36.6652
-0.14 -2.42611 -16.1875
-0.138 9.7757 2.01068
-0.136 8.48069 10.9119
-0.134 -1.69879 16.3585
-0.132 -7.41157 24.7769
-0.13 -3.56245 31.6182
-0.128 1.22416 26.1338
-0.126 -3.98577 6.35715
-0.124 -20.5221 -15.8211
-0.122 -38.9006 -26.4375
-0.12 -47.0376 -23.1034
-0.118 -41.7818 -15.3286
-0.116 -30.4067 -12.498
-0.114 -21.2487 -13.9482
-0.112 -13.7555 -12.1142
-0.11 1.13141 -3.15561
-0.108 25.3679 8.19678
-0.106 43.3302 15.0052
-0.104 34.4797 16.8113
-0.102 -1.47872 18.5816
-0.1 -36.569 22.4449
-0.098 -41.9881 24.53
-0.096 -21.3516 20.9495
-0.094 -6.75482 13.7844
-0.092 -19.4135 8.33236
-0.09 -41.8268 6.41256
-0.088 -40.2618 5.38756
-0.086 -10.591 2.37552
-0.084 13.4791 -2.749
-0.082 3.55631 -7.99291
-0.08 -24.5361 -11.3402
-0.078 -30.0553 -11.2978
-0.076 -1.22497 -7.16119
-0.074 27.3332 0.0724197
-0.072 19.7496 8.12284
-0.07 -12.0957 14.3136
-0.068 -22.9311 16.9082
-0.066 5.58809 16.3978
-0.064 36.8838 14.6495
-0.062 23.5774 12.7298
-0.06 -31.0317 9.483
-0.058 -74.1283 3.48076
-0.056 -65.3399 -3.5894
-0.054 -20.5981 -8.08588
-0.052 14.8024 -9.06853
-0.05 23.839 -9.75481
-0.048 28.7171 -13.9244
-0.046 46.1057 -22.5593
-0.044 56.3693 -34.3899
-0.042 33.7539 -46.5519
-0.04 -5.79377 -52.7924
-0.038 -14.556 -44.7801
-0.036 22.9138 -19.5181
-0.034 61.1207 15.1195
-0.032 47.6254 44.6997
-0.03 -6.46432 58.0256
-0.028 -36.2756 52.1906
-0.026 -9.50943 30.2647
-0.024 25.513 -1.8209
-0.022 0.412816 -34.6
-0.02 -80.0526 -55.3525
-0.018 -137.619 -53.8106
-0.016 -121.35 -30.1922
-0.014 -74.7465 2.73924
-0.012 -75.4833 29.1158
-0.01 -125.938 42.9321
-0.008 -141.564 50.2634
-0.006 -63.6008 57.4609
-0.004 53.8232 59.8404
-0.002 104.429 46.9586
0 62.2859 18.5441
0.002 16.804 -10.82
0.004 57.7597 -26.4408
0.006 160.276 -28.2828
0.008 219.672 -26.3282
0.01 183.748 -24.7146
0.012 113.271 -16.5349
0.014 94.6103 4.77877
0.016 126.822 33.5923
0.018 133.117 54.2471
0.02 70.2643 54.0168
0.022 -11.131 32.5689
0.024 -33.6288 -0.0494757
0.026 6.3736 -31.3941
0.028 39.2088 -52.2847
0.03 15.3322 -57.0458
0.032 -33.9478 -42.802
0.034 -44.408 -12.5781
0.036 -5.20894 22.3858
0.038 31.3014 47.6768
0.04 20.0069 55.4868
0.042 -23.0849 48.9011
0.044 -49.6346 36.3371
0.046 -43.1333 24.1158
0.048 -28.9248 15.142
0.05 -26.4325 10.6983
0.052 -18.9667 9.78798
0.054 15.5461 8.59074
0.056 59.851 3.83535
0.058 68.3917 -3.58398
0.06 25.0139 -10.0481
0.062 -30.0492 -13.8652
0.064 -44.026 -16.4368
0.066 -13.5796 -18.8726
0.068 14.0075 -20.0443
0.07 2.28305 -18.0211
0.072 -30.2796 -12.2598
0.074 -38.3078 -4.46571
0.076 -9.87771 2.69223
0.078 19.1207 6.92051
0.08 13.9906 7.18866
0.082 -13.5996 4.14922
0.084 -23.0145 -0.768224
0.086 1.48536 -5.60777
0.088 31.4517 -8.41609
0.09 33.1386 -9.33566
0.092 10.6481 -11.2501
0.094 -2.28099 -16.7878
0.096 11.9034 -24.1098
0.098 32.0658 -27.8915
0.1 26.1844 -26.0256
0.102 -9.31596 -22.3796
0.104 -45.6224 -20.8086
0.106 -54.7565 -19.1676
0.108 -36.9965 -12.4746
0.11 -12.8482 -1.17657
0.112 2.09734 7.79247
0.114 9.8148 9.69936
0.116 19.3656 8.38148
0.118 31.297 11.4072
0.12 37.2549 19.4509
0.122 29.9198 23.1385
0.124 12.3679 12.9579
0.126 -3.40235 -8.72378
0.128 -7.9764 -27.9839
0.13 -2.72176 -32.9819
0.132 1.41855 -25.7333
0.134 -4.17327 -17.0299
0.136 -14.3857 -11.4537
0.138 -15.8374 -2.59298
0.14 -3.86738 15.4088
0.142 9.24382 35.5782
0.144 7.46699 43.0778
0.146 -8.95113 31.7577
0.148 -23.9122 10.8833
0.15 -26.7902 -5.20195
0.152 -25.4428 -11.1816
0.154 -32.5607 -12.2608
0.156 -44.0935 -13.8303
0.158 -41.5658 -14.1128
0.16 -18.1342 -7.97748
0.162 8.91989 4.12378
0.164 18.8287 14.1092
0.166 13.2427 14.3049
0.168 11.4647 5.59057
0.17 20.2125 -4.23978
0.172 22.2784 -9.1452
0.174 2.24463 -9.37251
0.176 -27.1646 -7.69591
0.178 -36.9714 -4.59605
0.18 -19.1039 0.827842
0.182 3.0542 7.42179
0.184 6.8175 12.3886
0.186 0.175306 14.2691
0.188 7.3412 13.0898
0.19 29.4483 8.08501
0.192 37.7704 -1.82545
0.194 12.3569 -14.2192
0.196 -26.6925 -22.1233
0.198 -40.8048 -19.3182
0.2 -21.2549 -6.6678
0.202 0.47936 8.06616
0.204 -5.18102 17.0194
0.206 -27.4683 18.3463
0.208 -31.1002 15.2747
0.21 -4.03058 10.178
0.212 27.0349 1.87118
0.214 32.1608 -10.1967
0.216 15.0472 -21.2443
0.218 3.03009 -23.9066
0.22 7.76981 -16.2799
0.222 12.0687 -4.61143
0.224 -1.36632 3.75775
0.226 -22.6319 7.9041
0.228 -27.4983 11.6401
0.23 -10.9579 15.8391
0.232 5.95302 15.8494
0.234 5.18171 7.94228
0.236 -4.65005 -4.27821
0.238 -2.59481 -12.4175
0.24 13.776 -11.8719
0.242 24.2109 -6.2228
0.244 13.6656 -2.26625
0.246 -6.85606 -2.15168
0.248 -14.9899 -2.11867
0.25 -5.71679 1.32723
0.252 4.68922 6.11969
0.254 3.08177 7.41265
0.256 -2.74266 4.53399
0.258 2.89082 2.33448
0.26 19.5526 4.77148
0.262 29.3297 9.30851
0.264 19.8048 9.87646
0.266 0.149845 4.40023
0.268 -10.6892 -2.9036
0.27 -6.52272 -6.84881
0.272 1.56103 -7.02598
0.274 1.81543 -7.01695
0.276 -3.89705 -9.02228
0.278 -5.47565 -10.9256
0.28 1.06365 -8.94611
0.282 9.59624 -2.39449
0.284 12.8246 5.22093
0.286 10.4265 9.73255
0.288 6.75292 10.0543
0.29 4.2193 8.07227
0.292 1.76273 5.46806
0.294 -1.88135 1.99194
0.296 -6.12668 -2.88405
0.298 -9.73769 -7.89947
0.3 -11.6691 -10.4968
0.302 -10.4172 -9.20145
0.304 -5.04116 -4.94408
0.306 2.17569 -0.0631308
0.308 6.07151 3.42758
0.31 3.73082 4.75718
0.312 -1.51202 4.33377
0.314 -3.65928 3.03891
0.316 -1.35543 1.48497
0.318 1.02231 -0.147872
0.32 -0.0222812 -1.685
0.322 -2.0096 -2.62041
0.324 -0.391471 -2.51334
0.326 4.09081 -1.6215
0.328 5.85158 -0.717522
0.33 2.29927 -0.317502
0.332 -2.10039 -0.338755
0.334 -1.65939 -0.428321
0.336 2.56672 -0.451568
0.338 4.28303 -0.510749
0.34 0.777204 -0.599351
0.342 -3.45209 -0.487841
0.344 -3.07545 0.0460608
0.346 0.66556 0.841035
0.348 2.09368 1.33393
0.35 -0.590985 1.16952
0.352 -2.99779 0.651199
0.354 -1.30343 0.325969
0.356 1.79647 0.201949
0.358 0.785238 -0.237772
0.36 -4.41612 -1.05005
0.362 -7.56394 -1.36088
0.364 -4.16779 -0.372417
0.366 2.39035 1.42145
0.368 5.03024 2.54506
0.37 1.81763 2.1535
0.372 -2.20642 0.967567
0.374 -2.07463 0.326709
0.376 0.949802 0.574281
0.378 1.89436 0.770188
0.38 -0.871996 -0.00479664
0.382 -3.71394 -1.38836
0.384 -2.90155 -2.10492
0.386 0.559816 -1.51668
0.388 2.58883 -0.384201
0.39 1.40328 0.135549
0.392 -0.642618 -0.0172501
0.394 -0.623497 0.206567
0.396 1.23519 1.42332
0.398 2.26644 2.77172
0.4 1.02507 2.79683
0.402 -1.02963 1.17484
0.404 -1.60651 -0.8739
0.406 -0.257024 -1.94471
0.408 1.46824 -1.86101
0.41 2.02633 -1.50669
0.412 1.3779 -1.49304
0.414 0.503416 -1.40068
0.416 0.132866 -0.468389
0.418 0.190457 1.22446
0.42 0.201536 2.61499
0.422 -0.0788924 2.74835
0.424 -0.496158 1.76088
0.426 -0.700455 0.604204
0.428 -0.483208 -0.0623787
0.43 0.000133191 -0.414117
0.432 0.351664 -0.887021
0.434 0.305453 -1.40081
0.436 0.0100421 -1.41636
0.438 -0.141967 -0.679373
0.44 0.0171987 0.365187
0.442 0.25707 1.00373
0.444 0.285561 0.955745
0.446 0.146874 0.531079
0.448 0.142181 0.168383
0.45 0.385562 -0.0192607
0.452 0.619067 -0.198131
0.454 0.538663 -0.451208
0.456 0.180545 -0.61596
0.458 -0.139797 -0.500025
0.46 -0.219831 -0.148708
0.462 -0.157598 0.186893
0.464 -0.13481 0.313234
0.466 -0.15669 0.251669
0.468 -0.101091 0.139791
0.47 0.0533908 0.0568782
0.472 0.176778 -0.0120376
0.474 0.166983 -0.0881118
0.476 0.0776628 -0.141701
0.478 0.0245987 -0.132351
0.48 0.031508 -0.0673351
0.482 0.0319815 0.0037002
0.484 -0.00980645 0.0402725
0.486 -0.0519621 0.0410429
0.488 -0.0489469 0.0272241
0.49 -0.0154273 0.0140603
0.492 0.00642951 0.00447358
0.494 0.00567483 -0.00152723
0.496 0.000171486 -0.00287976
0.498 -0.000350893 -0.0011067
0.4 0.176199 0.0957602
0.8 0.188457 0.0978044
1.2 0.208808 0.101222
1.6 0.237134 0.106029
2 0.273274 0.112246
2.4 0.317017 0.119898
2.8 0.368112 0.129012
3.2 0.426262 0.139618
3.6 0.491131 0.151744
4 0.562343 0.165418
4.4 0.639484 0.180661
4.8 0.722107 0.197492
5.2 0.809733 0.215918
5.6 0.901857 0.23594
6 0.997948 0.257545
6.4 1.09745 0.280709
6.8 1.19981 0.305393
7.2 1.30444 0.331542
7.6 1.41075 0.359087
8 1.51817 0.38794
8.4 1.62612 0.417998
8.8 1.73402 0.449142
9.2 1.84131 0.481236
9.6 1.94747 0.514129
10 2.05199 0.547659
10.4 2.15438 0.58165
10.8 2.2542 0.615916
11.2 2.35105 0.650266
11.6 2.44456 0.684503
12 2.53443 0.718425
12.4 2.62036 0.751836
12.8 2.70216 0.784538
13.2 2.77965 0.816343
13.6 2.85271 0.84707
14 2.92127 0.876552
14.4 2.9853 0.904635
14.8 3.04484 0.931183
15.2 3.09995 0.956077
15.6 3.15073 0.979222
16 3.19734 1.00054
16.4 3.23992 1.01998
16.8 3.2787 1.03752
17.2 3.31387 1.05315
17.6 3.34567 1.0669
18 3.37433 1.07879
18.4 3.4001 1.0889
18.8 3.42321 1.09731
19.2 3.4439 1.10412
19.6 3.46237 1.10945
20 3.47883 1.11343
20.4 3.49346 1.11619
20.8 3.50642 1.11788
21.2 3.51783 1.11865
21.6 3.5278 1.11866
22 3.53642 1.11805
22.4 3.54372 1.11696
22.8 3.54974 1.11553
23.2 3.55448 1.11387
23.6 3.55792 1.11211
24 3.56002 1.11033
24.4 3.56072 1.1086
24.8 3.55995 1.10699
25.2 3.55765 1.10554
25.6 3.55374 1.10426
26 3.54814 1.10314
26.4 3.54077 1.10218
26.8 3.53159 1.10133
27.2 3.52054 1.10053
27.6 3.50758 1.09973
28 3.49271 1.09882
28.4 3.47593 1.09773
28.8 3.45726 1.09635
29.2 3.43677 1.09458
29.6 3.41452 1.09231
30 3.39061 1.08943
30.4 3.36516 1.08584
30.8 3.3383 1.08146
31.2 3.31019 1.07619
31.6 3.28101 1.06996
32 3.25091 1.06272
32.4 3.2201 1.05442
32.8 3.18875 1.04504
33.2 3.15705 1.03457
33.6 3.12518 1.02303
34 3.09331 1.01045
34.4 3.0616 0.99689
34.8 3.03018 0.982411
35.2 2.99919 0.967107
35.6 2.96871 0.951083
36 2.93883 0.934458
36.4 2.90959 0.917365
36.8 2.88103 0.899945
37.2 2.85315 0.882348
37.6 2.82592 0.864726
38 2.79931 0.847236
38.4 2.77324 0.830033
38.8 2.74764 0.813266
39.2 2.72242 0.79708
39.6 2.69745 0.78161
40 2.67264 0.766981
40.4 2.64786 0.753301
40.8 2.62299 0.740667
41.2 2.59793 0.729155
41.6 2.57258 0.718827
42 2.54684 0.709724
42.4 2.52063 0.701867
42.8 2.49391 0.695259
43.2 2.46663 0.689884
43.6 2.43879 0.685707
44 2.41039 0.682675
44.4 2.38146 0.68072
44.8 2.35208 0.679757
45.2 2.32231 0.67969
45.6 2.29227 0.680411
46 2.26207 0.681801
46.4 2.23186 0.683737
46.8 2.2018 0.686088
47.2 2.17205 0.688722
47.6 2.14279 0.691506
48 2.11419 0.694307
48.4 2.08644 0.696998
48.8 2.05971 0.699453
49.2 2.03416 0.701557
49.6 2.00995 0.703202
50 1.98722 0.704288
50.4 1.96608 0.704727
50.8 1.94665 0.704443
51.2 1.92899 0.703371
51.6 1.91316 0.701461
52 1.89919 0.698672
52.4 1.88706 0.69498
52.8 1.87677 0.690372
53.2 1.86825 0.684846
53.6 1.86143 0.678414
54 1.85621 0.6711
54.4 1.85246 0.662936
54.8 1.85005 0.653966
55.2 1.84882 0.644243
55.6 1.84861 0.633826
56 1.84922 0.622782
56.4 1.85047 0.611186
56.8 1.85218 0.599115
57.2 1.85416 0.586651
57.6 1.85621 0.573879
58 1.85815 0.560886
58.4 1.85982 0.54776
58.8 1.86104 0.534588
59.2 1.86167 0.521457
59.6 1.86156 0.508452
60 1.86061 0.495655
60.4 1.8587 0.483146
60.8 1.85575 0.470999
61.2 1.85169 0.459285
61.6 1.84646 0.448069
62 1.84004 0.437411
62.4 1.8324 0.427364
62.8 1.82355 0.417974
63.2 1.81348 0.409282
63.6 1.80224 0.40132
64 1.78986 0.394115
64.4 1.77638 0.387683
64.8 1.76187 0.382037
65.2 1.7464 0.377179
65.6 1.73003 0.373106
66 1.71285 0.369808
66.4 1.69495 0.367267
66.8 1.67641 0.365461
67.2 1.65734 0.36436
67.6 1.63781 0.363931
68 1.61794 0.364136
68.4 1.59782 0.364932
68.8 1.57755 0.366274
69.2 1.55723 0.368115
69.6 1.53698 0.370407
70 1.51688 0.373099
70.4 1.49705 0.376142
70.8 1.47759 0.379489
71.2 1.45861 0.383093
71.6 1.44021 0.38691
72 1.42249 0.390899
72.4 1.40556 0.395024
72.8 1.38952 0.399251
73.2 1.37447 0.403553
73.6 1.36051 0.407906
74 1.34773 0.412293
74.4 1.33622 0.4167
74.8 1.32605 0.42112
75.2 1.31731 0.42555
75.6 1.31007 0.42999
76 1.30437 0.434448
76.4 1.30028 0.438931
76.8 1.29782 0.443453
77.2 1.29702 0.448027
77.6 1.29788 0.452668
78 1.30041 0.457394
78.4 1.30459 0.46222
78.8 1.31039 0.46716
79.2 1.31775 0.472228
79.6 1.32661 0.477435
80 1.3369 0.482786
80.4 1.34853 0.488284
80.8 1.36138 0.493928
81.2 1.37535 0.49971
81.6 1.39031 0.505618
82 1.40612 0.511633
82.4 1.42263 0.517731
82.8 1.43969 0.523884
83.2 1.45716 0.530056
83.6 1.47486 0.536208
84 1.49264 0.542296
84.4 1.51034 0.548273
84.8 1.52781 0.554087
85.2 1.5449 0.559686
85.6 1.56147 0.565017
86 1.57738 0.570025
86.4 1.59251 0.574658
86.8 1.60674 0.578864
87.2 1.61997 0.582596
87.6 1.63211 0.585811
88 1.6431 0.58847
88.4 1.65285 0.59054
88.8 1.66134 0.591995
89.2 1.66852 0.592818
89.6 1.67437 0.592998
90 1.67889 0.592534
90.4 1.68207 0.591432
90.8 1.68394 0.589708
91.2 1.68452 0.587387
91.6 1.68385 0.584501
92 1.68198 0.581092
92.4 1.67896 0.577208
92.8 1.67484 0.572904
93.2 1.6697 0.568241
93.6 1.66361 0.563285
94 1.65664 0.558107
94.4 1.64886 0.552778
94.8 1.64037 0.547372
95.2 1.63123 0.541965
95.6 1.62153 0.53663
96 1.61136 0.531439
96.4 1.60079 0.526458
96.8 1.5899 0.521753
97.2 1.57877 0.517381
97.6 1.56748 0.513393
98 1.55611 0.509835
98.4 1.54474 0.506743
98.8 1.53343 0.504145
99.2 1.52225 0.502061
99.6 1.51129 0.500501
100 1.5006 0.499467
100.4 1.49024 0.498951
100.8 1.48029 0.498937
101.2 1.47079 0.499402
101.6 1.46182 0.500313
102 1.45341 0.501632
102.4 1.44563 0.503315
102.8 1.43851 0.505312
103.2 1.43209 0.507571
103.6 1.42642 0.510034
104 1.42153 0.512643
104.4 1.41744 0.515341
104.8 1.41416 0.518067
105.2 1.41172 0.520766
105.6 1.41013 0.523383
106 1.40938 0.525867
106.4 1.40947 0.528173
106.8 1.41039 0.530259
107.2 1.41213 0.53209
107.6 1.41465 0.533638
108 1.41793 0.53488
108.4 1.42194 0.535802
108.8 1.42664 0.536398
109.2 1.43199 0.536666
109.6 1.43794 0.536613
110 1.44446 0.536255
110.4 1.45148 0.53561
110.8 1.45896 0.534705
111.2 1.46685 0.533572
111.6 1.47512 0.532246
112 1.48371 0.530767
112.4 1.49258 0.529178
112.8 1.5017 0.527523
113.2 1.51103 0.525847
113.6 1.52056 0.524197
114 1.53024 0.522619
114.4 1.54008 0.521154
114.8 1.55004 0.519846
115.2 1.56014 0.518731
115.6 1.57036 0.517846
116 1.58071 0.51722
116.4 1.5912 0.516879
116.8 1.60182 0.516843
117.2 1.6126 0.517128
117.6 1.62354 0.517743
118 1.63466 0.518692
118.4 1.64596 0.519974
118.8 1.65746 0.521583
119.2 1.66915 0.523506
119.6 1.68104 0.525728
120 1.69311 0.528228
120.4 1.70537 0.530982
120.8 1.71778 0.533962
121.2 1.73033 0.537139
121.6 1.74297 0.540481
122 1.75567 0.543955
122.4 1.76837 0.547527
122.8 1.78101 0.551164
123.2 1.79353 0.554832
123.6 1.80585 0.558501
124 1.81789 0.562141
124.4 1.82957 0.565723
124.8 1.8408 0.569222
125.2 1.85148 0.572617
125.6 1.86153 0.575889
126 1.87086 0.579023
126.4 1.87938 0.582005
126.8 1.88701 0.58483
127.2 1.89367 0.58749
127.6 1.89928 0.589986
128 1.9038 0.592318
128.4 1.90717 0.594492
128.8 1.90936 0.596515
129.2 1.91035 0.598395
129.6 1.91012 0.600145
130 1.90868 0.601777
130.4 1.90607 0.603304
130.8 1.90231 0.60474
131.2 1.89746 0.6061
131.6 1.8916 0.607396
132 1.88481 0.608642
132.4 1.87719 0.609847
132.8 1.86886 0.611022
133.2 1.85994 0.612172
133.6 1.85058 0.613304
134 1.84091 0.614419
134.4 1.83108 0.615515
134.8 1.82127 0.61659
135.2 1.81163 0.617637
135.6 1.80231 0.618644
136 1.79349 0.6196
136.4 1.78531 0.62049
136.8 1.77794 0.621293
137.2 1.7715 0.621991
137.6 1.76614 0.62256
138 1.76197 0.622976
138.4 1.7591 0.623214
138.8 1.75762 0.623246
139.2 1.75761 0.623046
139.6 1.75912 0.622588
140 1.7622 0.621845
140.4 1.76685 0.620792
140.8 1.77307 0.619406
141.2 1.78084 0.617666
141.6 1.79012 0.615553
142 1.80084 0.61305
142.4 1.81291 0.610146
142.8 1.82623 0.606831
143.2 1.84067 0.603099
143.6 1.85609 0.598951
144 1.87233 0.594388
144.4 1.88922 0.589418
144.8 1.90656 0.584052
145.2 1.92417 0.578305
145.6 1.94183 0.572197
146 1.95932 0.56575
146.4 1.97642 0.558991
146.8 1.99291 0.551949
147.2 2.00857 0.544655
147.6 2.02316 0.537143
148 2.03648 0.529449
148.4 2.04831 0.521609
148.8 2.05845 0.513659
149.2 2.0667 0.505636
149.6 2.07291 0.497576
150 2.07689 0.489514
150.4 2.07853 0.481482
150.8 2.0777 0.473511
151.2 2.0743 0.46563
151.6 2.06826 0.457862
152 2.05955 0.450231
152.4 2.04815 0.442753
152.8 2.03406 0.435444
153.2 2.01733 0.428314
153.6 1.99804 0.421369
154 1.97628 0.414615
154.4 1.95217 0.408049
154.8 1.92589 0.401671
155.2 1.89761 0.395472
155.6 1.86755 0.389446
156 1.83593 0.383582
156.4 1.80301 0.377868
156.8 1.76907 0.372293
157.2 1.73439 0.366843
157.6 1.69928 0.361507
158 1.66405 0.356272
158.4 1.62901 0.35113
158.8 1.59449 0.346072
159.2 1.56079 0.341092
159.6 1.52823 0.336186
160 1.4971 0.331356
160.4 1.46769 0.326604
160.8 1.44026 0.321937
161.2 1.41506 0.317364
161.6 1.39231 0.312899
162 1.37219 0.308559
162.4 1.35486 0.304362
162.8 1.34044 0.30033
163.2 1.32903 0.296488
163.6 1.32068 0.292861
164 1.31539 0.289476
164.4 1.31315 0.28636
164.8 1.31388 0.28354
165.2 1.31749 0.281042
165.6 1.32384 0.27889
166 1.33276 0.277106
166.4 1.34405 0.275711
166.8 1.35746 0.274719
167.2 1.37275 0.274142
167.6 1.38963 0.273989
168 1.40781 0.274261
168.4 1.42697 0.274957
168.8 1.44678 0.276068
169.2 1.46694 0.277581
169.6 1.4871 0.279478
170 1.50695 0.281736
170.4 1.52618 0.284325
170.8 1.54449 0.287214
171.2 1.5616 0.290365
171.6 1.57727 0.293737
172 1.59125 0.297289
172.4 1.60335 0.300974
172.8 1.61339 0.304746
173.2 1.62124 0.308557
173.6 1.62681 0.31236
174 1.63001 0.316109
174.4 1.63083 0.319759
174.8 1.62926 0.323268
175.2 1.62535 0.326597
175.6 1.61918 0.329711
176 1.61084 0.332577
176.4 1.60048 0.33517
176.8 1.58825 0.337468
177.2 1.57434 0.339454
177.6 1.55894 0.341116
178 1.54229 0.34245
178.4 1.52461 0.343454
178.8 1.50613 0.344132
179.2 1.4871 0.344494
179.6 1.46776 0.344554
180 1.44833 0.344328
180.4 1.42906 0.343837
180.8 1.41014 0.343105
181.2 1.39178 0.342159
181.6 1.37416 0.341024
182 1.35744 0.33973
182.4 1.34175 0.338306
182.8 1.32721 0.336779
183.2 1.31389 0.335177
183.6 1.30187 0.333526
184 1.29116 0.33185
184.4 1.28179 0.330171
184.8 1.27374 0.328508
185.2 1.26695 0.326877
185.6 1.26138 0.32529
186 1.25694 0.323757
186.4 1.25352 0.322284
186.8 1.25102 0.320875
187.2 1.2493 0.319529
187.6 1.24823 0.318242
188 1.24768 0.317009
188.4 1.24748 0.315822
188.8 1.24751 0.31467
189.2 1.24761 0.313541
189.6 1.24766 0.312423
190 1.24752 0.311301
190.4 1.24707 0.310161
190.8 1.24622 0.308989
191.2 1.24486 0.30777
191.6 1.24293 0.306491
192 1.24036 0.30514
192.4 1.23711 0.303708
192.8 1.23316 0.302183
193.2 1.22849 0.30056
193.6 1.22311 0.298834
194 1.21704 0.296999
194.4 1.21031 0.295057
194.8 1.20298 0.293007
195.2 1.19511 0.290852
195.6 1.18675 0.288597
196 1.17798 0.286248
196.4 1.16888 0.283814
196.8 1.15954 0.281301
197.2 1.15002 0.278722
197.6 1.1404 0.276085
198 1.13077 0.273402
198.4 1.12118 0.270684
198.8 1.1117 0.267942
199.2 1.10237 0.265186
199.6 1.09324 0.262426
200 1.08433 0.25967
200.4 1.07565 0.256926
200.8 1.06722 0.254201
201.2 1.05902 0.2515
201.6 1.05102 0.248826
202 1.0432 0.246182
202.4 1.03551 0.243569
202.8 1.0279 0.240985
203.2 1.0203 0.238429
203.6 1.01264 0.235898
204 1.00485 0.233387
204.4 0.996855 0.230893
204.8 0.988573 0.228408
205.2 0.979927 0.225928
205.6 0.970842 0.223446
206 0.96125 0.220956
206.4 0.951087 0.218453
206.8 0.940298 0.21593
207.2 0.928841 0.213385
207.6 0.916682 0.210814
208 0.903802 0.208215
208.4 0.890193 0.205587
208.8 0.875863 0.202931
209.2 0.860835 0.20025
209.6 0.845145 0.197548
210 0.828843 0.194832
210.4 0.811993 0.192109
210.8 0.79467 0.189388
211.2 0.776963 0.186681
211.6 0.75897 0.184
212 0.740794 0.181359
212.4 0.72255 0.178773
212.8 0.704354 0.176257
213.2 0.686324 0.173828
213.6 0.66858 0.171501
214 0.651239 0.169294
214.4 0.634415 0.167222
214.8 0.618215 0.165301
215.2 0.602739 0.163544
215.6 0.588076 0.161965
216 0.574304 0.160576
216.4 0.561488 0.159384
216.8 0.54968 0.158399
217.2 0.538914 0.157624
217.6 0.529212 0.157061
218 0.520579 0.156711
218.4 0.513002 0.15657
218.8 0.506455 0.15663
219.2 0.500895 0.156885
219.6 0.496265 0.15732
220 0.492497 0.157921
220.4 0.489507 0.15867
220.8 0.487204 0.159548
221.2 0.485485 0.160531
221.6 0.484245 0.161595
222 0.483368 0.162713
222.4 0.48274 0.163858
222.8 0.482244 0.165001
223.2 0.481763 0.166112
223.6 0.481185 0.167161
224 0.480401 0.168118
224.4 0.479311 0.168954
224.8 0.477822 0.16964
225.2 0.475849 0.170149
225.6 0.47332 0.170455
226 0.470173 0.170534
226.4 0.466361 0.170364
226.8 0.461848 0.169926
227.2 0.456611 0.169203
227.6 0.450641 0.168183
228 0.443941 0.166854
228.4 0.436528 0.16521
228.8 0.428429 0.163247
229.2 0.419684 0.160964
229.6 0.41034 0.158364
230 0.400455 0.155454
230.4 0.390093 0.152243
230.8 0.379325 0.148744
231.2 0.368223 0.144971
231.6 0.356867 0.140942
232 0.345335 0.136679
232.4 0.333705 0.132204
232.8 0.322056 0.127542
233.2 0.310461 0.122719
233.6 0.298992 0.117762
234 0.287715 0.112701
234.4 0.276689 0.107565
234.8 0.265967 0.102384
235.2 0.255597 0.0971887
235.6 0.245617 0.0920078
236 0.236057 0.0868712
236.4 0.226941 0.0818076
236.8 0.218282 0.0768446
237.2 0.210089 0.0720086
237.6 0.202361 0.0673245
238 0.195091 0.0628152
238.4 0.188266 0.0585023
238.8 0.181867 0.0544046
239.2 0.17587 0.0505393
239.6 0.170249 0.0469209
240 0.164971 0.0435616
240.4 0.160004 0.040471
240.8 0.155312 0.0376561
241.2 0.15086 0.0351213
241.6 0.146611 0.0328684
242 0.142531 0.0308967
242.4 0.138586 0.0292028
242.8 0.134744 0.0277808
243.2 0.130974 0.0266225
243.6 0.127249 0.0257173
244 0.123545 0.0250524
244.4 0.119841 0.0246131
244.8 0.116119 0.0243829
245.2 0.112365 0.0243435
245.6 0.108567 0.0244751
246 0.104717 0.024757
246.4 0.100811 0.0251672
246.8 0.0968465 0.0256833
247.2 0.092824 0.0262821
247.6 0.0887465 0.0269405
248 0.0846191 0.0276353
248.4 0.0804486 0.0283439
248.8 0.0762434 0.029044
249.2 0.0720129 0.0297144
249.6 0.0677675 0.0303351
250 0.0635185 0.0308873
250.4 0.0592773 0.031354
250.8 0.0550557 0.03172
251.2 0.0508656 0.0319719
251.6 0.0467189 0.0320985
252 0.0426269 0.0320911
252.4 0.0386012 0.0319432
252.8 0.0346527 0.0316506
253.2 0.0307918 0.0312118
253.6 0.0270289 0.0306274
254 0.0233736 0.0299007
254.4 0.0198353 0.0290371
254.8 0.0164228 0.0280443
255.2 0.0131445 0.0269321
255.6 0.0100086 0.0257119
256 0.00702245 0.0243971
256.4 0.0041932 0.0230022
256.8 0.00152736 0.0215433
257.2 -0.000969105 0.020037
257.6 -0.00329086 0.018501
258 -0.00543329 0.0169531
258.4 -0.00739259 0.0154112
258.8 -0.00916585 0.0138933
259.2 -0.0107512 0.0124166
259.6 -0.0121477 0.0109979
260 -0.013356 0.00965291
260.4 -0.0143776 0.00839625
260.8 -0.0152158 0.00724114
261.2 -0.0158751 0.00619927
261.6 -0.0163616 0.00528064
262 -0.0166829 0.00449348
262.4 -0.0168482 0.00384409
262.8 -0.0168682 0.00333686
263.2 -0.0167551 0.0029742
263.6 -0.0165223 0.00275658
264 -0.0161846 0.00268254
264.4 -0.0157576 0.00274878
264.8 -0.0152582 0.00295025
265.2 -0.0147036 0.00328027
265.6 -0.0141115 0.00373066
266 -0.0134999 0.0042919
266.4 -0.0128866 0.00495335
266.8 -0.0122889 0.00570336
267.2 -0.0117237 0.00652953
267.6 -0.0112065 0.00741887
268 -0.010752 0.00835803
268.4 -0.0103732 0.00933348
268.8 -0.0100814 0.0103317
269.2 -0.00988598 0.0113394
269.6 -0.00979425 0.0123437
270 -0.00981126 0.0133322
270.4 -0.00993975 0.0142932
270.8 -0.0101801 0.015216
271.2 -0.0105304 0.0160905
271.6 -0.0109861 0.0169079
272 -0.0115409 0.0176605
272.4 -0.012186 0.0183417
272.8 -0.0129108 0.0189461
273.2 -0.0137029 0.0194695
273.6 -0.0145486 0.0199089
274 -0.0154329 0.0202627
274.4 -0.0163397 0.0205301
274.8 -0.0172525 0.0207118
275.2 -0.0181546 0.0208091
275.6 -0.0190289 0.0208246
276 -0.0198592 0.0207617
276.4 -0.0206295 0.0206244
276.8 -0.021325 0.0204176
277.2 -0.0219319 0.0201465
277.6 -0.022438 0.019817
278 -0.0228327 0.0194351
278.4 -0.0231071 0.0190072
278.8 -0.0232546 0.0185397
279.2 -0.0232701 0.018039
279.6 -0.0231511 0.0175114
280 -0.0228968 0.0169632
280.4 -0.0225088 0.0164001
280.8 -0.0219905 0.0158277
281.2 -0.0213471 0.015251
281.6 -0.0205859 0.0146748
282 -0.0197155 0.014103
282.4 -0.0187459 0.0135394
282.8 -0.0176886 0.012987
283.2 -0.0165557 0.0124481
283.6 -0.0153602 0.0119248
284 -0.0141157 0.0114184
284.4 -0.012836 0.0109297
284.8 -0.0115348 0.0104591
285.2 -0.0102259 0.0100067
285.6 -0.00892252 0.00957184
286 -0.00763736 0.00915386
286.4 -0.00638237 0.0087517
286.8 -0.00516862 0.00836411
287.2 -0.00400619 0.0079897
287.6 -0.002904 0.00762702
288 -0.00186982 0.00727458
288.4 -0.000910179 0.00693096
288.8 -3.03306e-05 0.00659481
289.2 0.000765724 0.00626496
289.6 0.00147523 0.00594042
290 0.00209665 0.00562041
290.4 0.00262959 0.00530442
290.8 0.00307473 0.0049922
291.2 0.00343378 0.00468378
291.6 0.00370934 0.00437947
292 0.00390482 0.00407983
292.4 0.00402435 0.0037857
292.8 0.00407266 0.00349811
293.2 0.00405499 0.00321829
293.6 0.00397696 0.00294764
294 0.0038445 0.00268762
294.4 0.00366374 0.00243981
294.8 0.00344093 0.00220576
295.2 0.00318233 0.001987
295.6 0.00289418 0.00178497
296 0.0025826 0.00160098
296.4 0.00225353 0.00143617
296.8 0.00191269 0.00129145
297.2 0.00156555 0.00116751
297.6 0.00121724 0.00106476
298 0.000872557 0.000983322
298.4 0.000535942 0.000923023
298.8 0.000211434 0.000883397
299.2 -9.73325e-05 0.000863683
299.6 -0.000387144 0.000862847
300 -0.000655216 0.000879601
300.4 -0.000899201 0.000912433
300.8 -0.00111719 0.000959641
301.2 -0.00130771 0.00101938
301.6 -0.00146973 0.00108969
302 -0.00160264 0.00116857
302.4 -0.00170627 0.00125398
302.8 -0.00178083 0.00134396
303.2 -0.00182696 0.00143659
303.6 -0.00184566 0.00153011
304 -0.0018383 0.0016229
304.4 -0.00180658 0.00171354
304.8 -0.0017525 0.00180086
305.2 -0.00167835 0.00188391
305.6 -0.00158665 0.00196201
306 -0.00148016 0.00203474
306.4 -0.00136176 0.00210195
306.8 -0.00123448 0.00216373
307.2 -0.00110144 0.00222041
307.6 -0.000965773 0.00227253
308 -0.000830605 0.0023208
308.4 -0.000699009 0.0023661
308.8 -0.000573949 0.00240939
309.2 -0.000458238 0.00245169
309.6 -0.000354499 0.00249406
310 -0.000265121 0.00253753
310.4 -0.000192227 0.00258305
310.8 -0.00013764 0.00263149
311.2 -0.000102859 0.00268355
311.6 -8.90367e-05 0.00273978
312 -9.69658e-05 0.00280051
312.4 -0.00012707 0.00286588
312.8 -0.000179402 0.00293578
313.2 -0.000253647 0.00300985
313.6 -0.000349136 0.00308753
314 -0.000464859 0.00316801
314.4 -0.000599488 0.00325027
314.8 -0.000751405 0.00333312
315.2 -0.000918732 0.0034152
315.6 -0.00109937 0.00349503
316 -0.00129102 0.00357103
316.4 -0.00149126 0.00364159
316.8 -0.00169754 0.00370509
317.2 -0.00190727 0.00375995
317.6 -0.00211782 0.00380465
318 -0.00232659 0.00383782
318.4 -0.00253102 0.00385823
318.8 -0.00272867 0.00386485
319.2 -0.0029172 0.00385685
319.6 -0.00309445 0.00383367
320 -0.00325841 0.003795
320.4 -0.0034073 0.00374078
320.8 -0.00353954 0.00367125
321.2 -0.00365379 0.00358692
321.6 -0.00374895 0.00348855
322 -0.00382414 0.00337714
322.4 -0.00387876 0.00325394
322.8 -0.00391241 0.00312037
323.2 -0.00392496 0.00297803
323.6 -0.00391648 0.00282865
324 -0.00388724 0.00267404
324.4 -0.00383773 0.00251609
324.8 -0.00376861 0.00235668
325.2 -0.0036807 0.00219768
325.6 -0.00357497 0.00204089
326 -0.0034525 0.00188802
326.4 -0.0033145 0.00174062
326.8 -0.00316224 0.00160013
327.2 -0.00299709 0.00146775
327.6 -0.00282045 0.00134451
328 -0.00263375 0.00123121
328.4 -0.00243846 0.00112842
328.8 -0.00223601 0.00103648
329.2 -0.00202786 0.000955482
329.6 -0.00181541 0.000885311
330 -0.00160002 0.000825628
330.4 -0.001383 0.000775897
330.8 -0.00116559 0.000735399
331.2 -0.000948949 0.000703258
331.6 -0.000734149 0.000678464
332 -0.000522161 0.000659899
332.4 -0.000313851 0.000646367
332.8 -0.000109972 0.000636617
333.2 8.88416e-05 0.000629377
333.6 0.000282079 0.000623375
334 0.000469353 0.000617367
334.4 0.000650405 0.000610162
334.8 0.0008251 0.000600639
335.2 0.000993429 0.000587766
335.6 0.0011555 0.000570619
336 0.00131154 0.000548388
336.4 0.00146187 0.00052039
336.8 0.00160691 0.000486075
337.2 0.00174718 0.000445023
337.6 0.00188325 0.000396952
338 0.00201575 0.000341707
338.4 0.00214534 0.00027926
338.8 0.00227273 0.0002097
339.2 0.0023986 0.000133223
339.6 0.00252362 5.01259e-05
340 0.00264844 -3.92097e-05
340.4 0.00277363 -0.000134326
340.8 0.00289969 -0.000234703
341.2 0.00302705 -0.000339769
341.6 0.00315601 -0.000448911
342 0.00328673 -0.000561487
342.4 0.00341928 -0.000676834
342.8 0.00355354 -0.000794278
343.2 0.00368926 -0.00091314
343.6 0.00382603 -0.00103274
344 0.00396325 -0.00115241
344.4 0.0041002 -0.00127147
344.8 0.00423599 -0.00138928
345.2 0.00436957 -0.00150519
345.6 0.00449977 -0.00161857
346 0.00462529 -0.00172879
346.4 0.00474472 -0.00183525
346.8 0.00485658 -0.00193734
347.2 0.00495931 -0.00203446
347.6 0.00505129 -0.00212602
348 0.00513091 -0.00221143
348.4 0.00519654 -0.00229012
348.8 0.00524659 -0.0023615
349.2 0.00527952 -0.002425
349.6 0.00529389 -0.00248006
350 0.00528832 -0.00252614
350.4 0.0052616 -0.0025627
350.8 0.00521264 -0.00258924
351.2 0.00514054 -0.00260528
351.6 0.00504457 -0.00261037
352 0.00492422 -0.00260413
352.4 0.00477918 -0.00258622
352.8 0.00460937 -0.00255636
353.2 0.00441495 -0.00251437
353.6 0.00419632 -0.00246013
354 0.00395412 -0.00239362
354.4 0.00368923 -0.00231493
354.8 0.00340278 -0.00222425
355.2 0.00309611 -0.0021219
355.6 0.00277082 -0.0020083
356 0.00242871 -0.00188403
356.4 0.00207176 -0.00174976
356.8 0.00170216 -0.0016063
357.2 0.00132226 -0.00145459
357.6 0.000934553 -0.00129568
358 0.000541665 -0.00113072
358.4 0.000146313 -0.000960965
358.8 -0.000248707 -0.000787761
359.2 -0.000640551 -0.000612517
359.6 -0.00102636 -0.000436701
360 -0.00140327 -0.000261813
360.4 -0.00176849 -8.93724e-05
360.8 -0.00211926 7.91101e-05
361.2 -0.00245295 0.000242149
361.6 -0.00276705 0.000398308
362 -0.00305921 0.000546221
362.4 -0.00332728 0.000684616
362.8 -0.00356932 0.000812331
363.2 -0.00378363 0.000928336
363.6 -0.0039688 0.00103175
364 -0.00412368 0.00112186
364.4 -0.00424744 0.00119811
364.8 -0.00433957 0.00126014
365.2 -0.00439989 0.00130779
365.6 -0.00442856 0.00134108
366 -0.00442608 0.00136021
366.4 -0.00439326 0.00136559
366.8 -0.00433127 0.00135779
367.2 -0.00424157 0.00133755
367.6 -0.00412594 0.00130578
368 -0.00398641 0.00126351
368.4 -0.00382526 0.00121188
368.8 -0.003645 0.00115213
369.2 -0.00344829 0.00108558
369.6 -0.00323794 0.00101358
370 -0.00301687 0.000937512
370.4 -0.00278804 0.00085874
370.8 -0.00255442 0.000778605
371.2 -0.00231894 0.000698391
371.6 -0.00208445 0.000619306
372 -0.00185367 0.000542458
372.4 -0.00162916 0.000468839
372.8 -0.00141326 0.000399311
373.2 -0.00120807 0.000334592
373.6 -0.00101544 0.000275247
374 -0.000836898 0.000221686
374.4 -0.00067366 0.000174159
374.8 -0.000526618 0.000132758
375.2 -0.000396327 9.7425e-05
375.6 -0.000283005 6.79589e-05
376 -0.000186543 4.40275e-05
376.4 -0.000106515 2.51821e-05
376.8 -4.22025e-05 1.0874e-05
377.2 7.38316e-06 4.72758e-07
377.6 4.34681e-05 -6.71394e-06
378 6.74802e-05 -1.14197e-05
378.4 8.10096e-05 -1.4399e-05
378.8 8.5766e-05 -1.64062e-05
379.2 8.35338e-05 -1.81762e-05
379.6 7.61273e-05 -2.04058e-05
380 6.53446e-05 -2.37373e-05
380.4 5.29237e-05 -2.87431e-05
380.8 4.05008e-05 -3.59141e-05
381.2 2.95706e-05 -4.56498e-05
381.6 2.14526e-05 -5.82514e-05
382 1.72603e-05 -7.39181e-05
382.4 1.78768e-05 -9.27458e-05
382.8 2.3937e-05 -0.000114729
383.2 3.5815e-05 -0.000139767
383.6 5.36192e-05 -0.000167668
384 7.71937e-05 -0.000198161
384.4 0.000106126 -0.000230905
384.8 0.000139763 -0.000265505
385.2 0.000177229 -0.000301523
385.6 0.000217454 -0.000338492
386 0.000259204 -0.000375934
386.4 0.000301115 -0.000413373
386.8 0.00034173 -0.000450349
387.2 0.000379544 -0.00048643
387.6 0.000413037 -0.000521227
388 0.000440723 -0.000554401
388.4 0.000461187 -0.000585673
388.8 0.000473122 -0.00061483
389.2 0.000475372 -0.000641728
389.6 0.000466954 -0.000666298
390 0.000447098 -0.000688539
390.4 0.000415261 -0.000708521
390.8 0.00037115 -0.00072638
391.2 0.000314733 -0.000742307
391.6 0.000246245 -0.000756547
392 0.000166189 -0.000769386
392.4 7.53295e-05 -0.000781139
392.8 -2.53185e-05 -0.000792145
393.2 -0.000134507 -0.00080275
393.6 -0.000250777 -0.000813298
394 -0.000372484 -0.00082412
394.4 -0.00049783 -0.000835525
394.8 -0.000624895 -0.000847787
395.2 -0.000751673 -0.000861141
395.6 -0.000876112 -0.000875772
396 -0.000996147 -0.000891811
396.4 -0.00110974 -0.000909331
396.8 -0.00121493 -0.000928344
397.2 -0.00130983 -0.000948801
397.6 -0.00139271 -0.000970594
398 -0.001462 -0.000993554
398.4 -0.0015163 -0.00101746
398.8 -0.00155445 -0.00104204
399.2 -0.00157551 -0.00106698
399.6 -0.00157877 -0.00109194
400 -0.00156381 -0.00111652
