-0.498 0.000657826 0.000109691
-0.496 0.00641622 0.000740934
-0.494 0.0161417 0.000972981
-0.492 0.0150974 -0.000472191
-0.49 -0.00249153 -0.00292569
-0.488 -0.0127207 -0.00523299
-0.486 0.00522556 -0.00941118
-0.484 0.0205784 -0.0195353
-0.482 -0.0190645 -0.0339114
-0.48 -0.0928525 -0.0401316
-0.478 -0.0970224 -0.0257322
-0.476 0.0168424 0.00206725
-0.474 0.134987 0.0167085
-0.472 0.0979161 0.00545745
-0.47 -0.073709 -0.001783
-0.468 -0.166696 0.0408605
-0.466 -0.0466626 0.128193
-0.464 0.143498 0.18305
-0.462 0.165129 0.129568
-0.46 0.0230505 -0.0129424
-0.458 -0.0227148 -0.137559
-0.456 0.1664 -0.168355
-0.454 0.355766 -0.145024
-0.452 0.205658 -0.147681
-0.45 -0.265689 -0.147382
-0.448 -0.64062 -0.0042783
-0.446 -0.558676 0.331719
-0.444 -0.107234 0.668061
-0.442 0.323808 0.718756
-0.44 0.482439 0.417884
-0.438 0.438216 -0.0029056
-0.436 0.370511 -0.293387
-0.434 0.299128 -0.457507
-0.432 0.0895485 -0.645883
-0.43 -0.347389 -0.830001
-0.428 -0.914487 -0.740568
-0.426 -1.34128 -0.19772
-0.424 -1.33431 0.577598
-0.422 -0.795556 1.10053
-0.42 0.0309774 1.07716
-0.418 0.69945 0.653457
-0.416 0.944326 0.193507
-0.414 0.88635 -0.122039
-0.412 0.775598 -0.374632
-0.41 0.58832 -0.61327
-0.408 0.106705 -0.658911
-0.406 -0.593417 -0.326126
-0.404 -0.996696 0.241734
-0.402 -0.703819 0.661882
-0.4 -0.01566 0.759901
-0.398 0.408093 0.73804
-0.396 0.453923 0.813142
-0.394 0.755881 0.842325
-0.392 1.81407 0.499008
-0.39 3.1808 -0.223177
-0.388 3.90777 -0.894865
-0.386 3.60561 -1.11295
-0.384 2.65113 -0.955359
-0.382 1.3921 -0.811723
-0.38 -0.303431 -0.758518
-0.378 -2.38105 -0.329958
-0.376 -3.99652 0.851819
-0.374 -4.21048 2.26533
-0.372 -3.2515 2.67072
-0.37 -2.37179 1.35778
-0.368 -2.1034 -0.974931
-0.366 -1.32575 -2.89731
-0.364 1.2444 -3.69569
-0.362 4.8101 -3.70447
-0.36 6.6887 -3.19955
-0.358 5.15814 -1.63334
-0.356 1.43296 1.48883
-0.354 -1.81553 5.2034
-0.352 -3.64627 7.27134
-0.35 -5.57962 6.1089
-0.348 -8.83115 2.31889
-0.346 -11.6417 -1.87387
-0.344 -10.3891 -4.59345
-0.342 -3.73044 -5.53174
-0.34 4.99764 -5.32861
-0.338 10.2295 -4.2975
-0.336 9.26288 -2.23068
-0.334 4.70016 0.634395
-0.332 1.5085 3.07936
-0.33 1.8558 3.79416
-0.328 3.27378 2.56876
-0.326 2.18169 0.280298
-0.324 -1.38171 -2.04817
-0.322 -3.5989 -3.71244
-0.32 -1.52979 -4.10387
-0.318 3.09603 -2.87674
-0.316 5.88669 -0.607277
-0.314 5.06431 1.28069
-0.312 3.02906 1.73366
-0.31 2.25762 0.996711
-0.308 1.3749 0.0693634
-0.306 -2.57715 -0.376361
-0.304 -8.47158 -0.230248
-0.302 -10.65 0.468321
-0.3 -5.78543 1.52348
-0.298 1.61556 2.15755
-0.296 3.55294 1.23777
-0.294 -1.46942 -1.55848
-0.292 -5.88253 -4.81493
-0.29 -2.53318 -6.048
-0.288 5.45018 -3.80981
-0.286 7.72432 0.772618
-0.284 -0.285261 4.90254
-0.282 -11.0475 6.76681
-0.28 -13.9035 6.89495
-0.278 -7.83717 6.63096
-0.276 -1.39796 6.01719
-0.274 -0.0521372 4.15126
-0.272 1.53932 1.28517
-0.27 10.7207 -0.876365
-0.268 23.0552 -1.51151
-0.266 23.6367 -2.21163
-0.264 4.95076 -5.09737
-0.262 -20.5068 -9.75751
-0.26 -31.3464 -13.0507
-0.258 -20.9685 -12.1153
-0.256 -4.83759 -7.08024
-0.254 -0.751771 -0.471154
-0.252 -5.81085 5.79728
-0.25 -0.449784 11.9745
-0.248 23.8078 18.4612
-0.246 48.3154 22.8426
-0.244 46.3651 20.6842
-0.242 15.9956 10.4523
-0.24 -15.3268 -3.50734
-0.238 -22.4469 -14.6719
-0.236 -11.6802 -20.5073
-0.234 -9.2795 -22.822
-0.232 -23.581 -22.0212
-0.23 -31.0658 -14.2727
-0.228 -7.26743 2.83905
-0.226 36.2601 23.2985
-0.224 59.6882 35.1503
-0.222 41.02 31.2969
-0.22 2.91049 16.2524
-0.218 -14.9929 0.689557
-0.216 -3.97916 -9.76033
-0.214 6.79083 -17.587
-0.212 -8.18342 -25.4044
-0.21 -35.9455 -28.5813
-0.208 -41.8999 -19.6793
-0.206 -15.2627 -0.187028
-0.204 16.5662 17.0805
-0.202 22.4626 20.5911
-0.2 5.10378 12.5356
-0.198 -5.67943 4.76656
-0.196 7.13982 2.97221
-0.194 26.206 0.289413
-0.192 22.6849 -11.0975
-0.19 -7.04747 -26.7309
-0.188 -35.8784 -32.9619
-0.186 -36.2764 -22.5479
-0.184 -10.3988 -3.13531
-0.182 13.425 11.0826
-0.18 11.3642 13.3872
-0.178 -12.6259 8.73394
-0.176 -33.4877 5.52311
-0.174 -32.7607 5.82925
-0.172 -17.5235 4.78911
-0.17 -10.685 -1.99222
-0.168 -23.6533 -12.2895
-0.166 -40.8572 -18.6981
-0.164 -35.2318 -15.0241
-0.162 -0.128212 -1.11121
-0.16 40.2919 16.7454
-0.158 56.0752 28.9379
-0.156 43.6771 28.1584
-0.154 27.3767 15.2133
-0.152 26.9834 -1.2691
-0.15 33.0962 -13.2349
-0.148 21.5608 -20.6143
-0.146 -11.8815 -27.6822
-0.144 -40.9169 -32.1447
-0.142 -37.9226 -23.8636
-0.14 -6.77402 1.38677
-0.138 22.2097 30.9578
-0.136 27.4398 44.192
-0.134 18.4362 33.9556
-0.132 18.9083 15.0204
-0.13 33.9983 7.12186
-0.128 44.1127 12.3913
-0.126 30.5698 13.941
-0.124 -0.331723 -1.73245
-0.122 -25.9964 -24.8585
-0.12 -36.7209 -31.5435
-0.118 -45.5374 -12.9813
-0.116 -67.0649 10.8865
-0.114 -92.2603 12.6819
-0.112 -94.1313 -9.73559
-0.11 -60.2318 -30.2401
-0.108 -9.73793 -25.4742
-0.106 26.0192 -1.52702
-0.104 36.7672 15.7235
-0.102 37.6877 12.7642
-0.1 39.8573 2.37593
-0.098 31.197 4.23959
-0.096 -4.05685 18.8739
-0.094 -53.2317 27.1266
-0.092 -79.6012 14.4415
-0.09 -66.2475 -10.4054
-0.088 -39.8092 -25.0508
-0.086 -35.973 -19.5302
-0.084 -49.1774 -6.2749
-0.082 -36.0638 -2.2054
-0.08 23.5726 -6.0368
-0.078 88.822 -0.719709
-0.076 101.223 21.9168
-0.074 56.0789 46.9508
-0.072 9.13801 50.8868
-0.07 7.39687 26.9055
-0.068 32.8766 -8.76399
-0.066 35.3904 -34.3929
-0.064 5.56783 -42.2326
-0.062 -12.8511 -39.9753
-0.06 13.9057 -36.9868
-0.058 57.442 -32.7936
-0.056 60.9662 -19.6277
-0.054 15.0303 5.36207
-0.052 -28.1969 33.539
-0.05 -20.051 52.1751
-0.048 24.5788 56.324
-0.046 47.5842 50.4222
-0.044 19.3694 38.8668
-0.042 -30.1905 20.5356
-0.04 -53.3304 -4.38257
-0.038 -39.0896 -26.9848
-0.036 -15.2624 -34.1217
-0.034 -7.08734 -20.6181
-0.032 -10.2342 5.06144
-0.03 -6.02557 28.3416
-0.028 7.91684 39.9132
-0.026 15.0422 40.1533
-0.024 2.86082 34.7458
-0.022 -19.8568 27.0065
-0.02 -29.7597 15.8229
-0.018 -12.9766 0.759741
-0.016 21.0927 -13.6669
-0.014 48.4682 -21.1081
-0.012 53.7332 -21.0584
-0.01 45.199 -20.2054
-0.008 44.0929 -23.7241
-0.006 60.3393 -28.0672
-0.004 79.7465 -24.3774
-0.002 79.7514 -7.67108
0 57.0428 18.1678
0.002 31.1285 43.184
0.004 21.8861 57.511
0.006 27.0613 57.5176
0.008 25.6844 48.5657
0.01 5.47062 39.9642
0.012 -21.697 35.7266
0.014 -32.8418 31.1026
0.016 -18.3274 19.7377
0.018 7.19046 2.34803
0.02 19.8778 -14.6363
0.022 9.91155 -26.7394
0.024 -9.70568 -34.539
0.026 -16.7581 -39.3596
0.028 -3.68582 -38.1295
0.03 15.9042 -25.406
0.032 24.5822 -1.02023
0.034 24.1854 25.559
0.036 33.2155 39.6531
0.038 56.1457 32.7498
0.04 68.1021 10.0261
0.042 41.7713 -15.3265
0.044 -11.3778 -34.3357
0.046 -43.1192 -46.734
0.048 -23.2279 -53.5715
0.05 18.8937 -50.392
0.052 25.1769 -32.7085
0.054 -19.3378 -5.42084
0.056 -66.1133 18.7826
0.058 -63.1221 31.2913
0.06 -19.9382 34.966
0.062 6.54993 37.5751
0.064 -12.1152 39.5892
0.066 -42.1841 31.6356
0.068 -39.9009 6.00439
0.07 -14.5923 -29.5874
0.072 -16.3986 -53.4542
0.074 -63.2803 -49.4088
0.076 -108.27 -24.2982
0.078 -95.69 -1.62699
0.08 -30.3183 3.68764
0.082 29.3146 -0.173753
0.084 42.2529 3.84625
0.086 28.6797 17.0384
0.088 31.9595 22.4853
0.09 57.6942 7.75449
0.092 70.2725 -17.1955
0.094 43.1467 -30.0086
0.096 -6.68577 -21.9087
0.098 -42.4437 -7.43699
0.1 -51.4209 -5.71797
0.102 -49.3635 -16.2064
0.104 -48.3553 -19.2086
0.106 -37.3519 -1.94303
0.108 -1.22507 22.0755
0.11 49.695 26.9667
0.112 84.0362 6.63325
0.114 82.603 -15.5837
0.116 57.8269 -13.5754
0.118 36.6672 10.507
0.12 28.1178 29.2854
0.122 17.5236 22.8242
0.124 -8.14031 -0.0647408
0.126 -39.1271 -15.4864
0.128 -52.8006 -13.6744
0.13 -42.8456 -8.14005
0.132 -27.9354 -15.7832
0.134 -27.6392 -34.4916
0.136 -36.7691 -44.5569
0.138 -31.5719 -31.2369
0.14 -2.50576 -1.68701
0.142 28.8446 23.4259
0.144 32.1564 31.4597
0.146 3.53793 26.6648
0.148 -29.4278 19.2202
0.15 -40.4846 11.471
0.152 -33.9421 -0.806252
0.154 -33.9761 -17.5019
0.156 -49.9763 -30.5399
0.158 -62.106 -31.2892
0.16 -46.0579 -18.9561
0.162 -5.34969 -0.871121
0.164 30.0929 13.3266
0.166 36.1302 17.3049
0.168 19.4115 11.1827
0.17 6.97212 1.1225
0.172 14.3302 -5.49053
0.174 30.0156 -6.43535
0.176 31.0645 -6.09562
0.178 10.3581 -9.3149
0.18 -13.6643 -14.0011
0.182 -15.9449 -11.7441
0.184 7.50157 2.41513
0.186 32.9079 21.7584
0.188 32.0377 32.0898
0.19 2.83005 25.7567
0.192 -27.1116 9.99567
0.194 -30.6361 -1.54329
0.196 -11.3579 -4.38831
0.198 1.87553 -6.33087
0.2 -8.32715 -14.2108
0.202 -24.9982 -22.327
0.204 -18.3805 -18.8246
0.206 14.1306 -1.51513
0.208 41.3522 18.064
0.21 35.8457 27.0855
0.212 8.37501 24.037
0.214 -6.47102 16.3277
0.216 4.27238 8.56547
0.218 15.1344 -1.87354
0.22 -2.99638 -17.4749
0.222 -41.3541 -32.5954
0.224 -60.2492 -36.5465
0.226 -37.0021 -24.7912
0.228 6.40583 -4.39711
0.23 30.1556 12.7113
0.232 22.6962 20.539
0.234 8.48703 21.5015
0.236 11.031 19.4104
0.238 21.9756 13.8281
0.24 15.0538 2.90902
0.242 -16.0626 -10.8486
0.244 -46.2347 -20.9539
0.246 -48.0185 -23.0811
0.248 -23.3948 -18.7657
0.25 0.919428 -12.4243
0.252 6.27879 -6.44006
0.254 1.16592 -0.378876
0.256 5.15074 6.03646
0.258 21.1408 10.9114
0.26 31.3541 11.7341
0.262 20.3509 8.38153
0.264 -5.24093 3.71259
0.266 -24.0106 0.858397
0.268 -23.4595 0.217987
0.27 -11.1138 -0.338908
0.272 -1.8951 -2.41111
0.274 -0.250777 -5.18448
0.276 1.15702 -6.96254
0.278 7.65881 -7.49955
0.28 13.7775 -7.69874
0.282 10.9548 -7.5124
0.284 0.201958 -5.58797
0.286 -7.82367 -1.38797
0.288 -5.59184 3.27933
0.29 2.32389 5.61788
0.292 5.58622 4.49715
0.294 1.07922 1.35821
0.296 -4.02828 -1.32349
0.298 -2.15725 -2.1397
0.3 5.19428 -1.4202
0.302 10.0166 -0.303625
0.304 7.79833 0.428443
0.306 1.87244 0.578548
0.308 -2.09311 0.107269
0.31 -2.96987 -0.873876
0.312 -3.72605 -1.6902
0.314 -5.75054 -1.33705
0.316 -6.57346 0.440285
0.318 -3.79275 2.60133
0.32 0.81939 3.73432
0.322 2.8754 3.27052
0.324 0.647337 1.55911
0.326 -2.92239 -0.78855
0.328 -4.00963 -3.06533
0.33 -2.56624 -4.24763
0.332 -2.16604 -3.46273
0.334 -5.27666 -0.930759
0.336 -9.73629 2.02443
0.338 -10.5878 4.17128
0.34 -5.24038 5.2631
0.342 3.59097 5.5023
0.344 10.3266 4.57232
0.346 11.6148 1.83237
0.348 8.7865 -2.4064
0.35 5.46149 -6.26054
0.352 3.40791 -7.49629
0.354 1.42781 -5.50456
0.356 -1.97851 -1.86547
0.358 -5.84958 1.18619
0.36 -7.49499 2.69399
0.362 -5.68461 3.15979
0.364 -2.13133 3.13438
0.366 0.483277 2.34064
0.368 1.35626 0.441887
0.37 1.76004 -1.8496
0.372 2.8007 -3.10597
0.374 3.92947 -2.63419
0.376 3.87774 -1.15242
0.378 2.40328 0.0926351
0.38 0.435499 0.576014
0.382 -1.18743 0.67443
0.384 -2.41311 0.852023
0.386 -3.36942 1.02927
0.388 -3.69738 0.814449
0.39 -3.00567 0.131429
0.392 -1.67196 -0.610451
0.394 -0.638743 -0.974116
0.396 -0.352324 -0.960136
0.398 -0.31242 -0.891976
0.4 0.113874 -0.910675
0.402 0.80844 -0.797911
0.404 1.10386 -0.351206
0.406 0.691486 0.252551
0.408 -0.0335261 0.625347
0.41 -0.554675 0.617902
0.412 -0.79087 0.41153
0.414 -0.952797 0.183753
0.416 -1.0567 -0.114373
0.418 -0.845088 -0.563896
0.42 -0.191012 -0.983651
0.422 0.642832 -1.00846
0.424 1.20913 -0.490562
0.426 1.25909 0.278134
0.428 0.884205 0.814585
0.43 0.370397 0.899083
0.432 -0.019904 0.71204
0.434 -0.19671 0.5228
0.436 -0.25333 0.359575
0.438 -0.323886 0.0710726
0.44 -0.384229 -0.347723
0.442 -0.249108 -0.647937
0.444 0.156303 -0.599278
0.446 0.583936 -0.2686
0.448 0.646587 0.0579867
0.45 0.258472 0.188808
0.452 -0.219575 0.175517
0.454 -0.370798 0.159619
0.456 -0.178659 0.17138
0.458 0.0152505 0.131555
0.46 -0.0252357 0.000907897
0.462 -0.162537 -0.144587
0.464 -0.137145 -0.198413
0.466 0.0555896 -0.14202
0.468 0.177123 -0.052144
0.47 0.0848555 -0.00668551
0.472 -0.0864871 -0.0113417
0.474 -0.123415 -0.0205595
0.476 -0.00507039 -0.00459212
0.478 0.10908 0.0238552
0.48 0.105098 0.0384036
0.482 0.0310897 0.0320806
0.484 -0.00941916 0.0175785
0.486 0.0043907 0.00745796
0.488 0.0202997 0.00346927
0.49 0.00785443 0.00150838
0.492 -0.0117864 -0.000521699
0.494 -0.0144435 -0.00155723
0.496 -0.00576457 -0.00100191
0.498 -0.000523954 -0.000173419
0.4 0.235851 0.210386
0.8 0.246133 0.216117
1.2 0.263194 0.225605
1.6 0.286924 0.238759
2 0.317169 0.255452
2.4 0.353735 0.275521
2.8 0.396388 0.298775
3.2 0.444859 0.324991
3.6 0.498844 0.353922
4 0.558011 0.385298
4.4 0.622001 0.418826
4.8 0.690433 0.454202
5.2 0.762906 0.491107
5.6 0.839006 0.529215
6 0.918309 0.568194
6.4 1.00039 0.607714
6.8 1.08481 0.647449
7.2 1.17114 0.68708
7.6 1.25896 0.726299
8 1.34787 0.764814
8.4 1.43746 0.80235
8.8 1.52735 0.838653
9.2 1.61719 0.873493
9.6 1.70663 0.906665
10 1.79536 0.937992
10.4 1.8831 0.967325
10.8 1.96959 0.994543
11.2 2.05459 1.01956
11.6 2.1379 1.04231
12 2.21935 1.06276
12.4 2.29878 1.08092
12.8 2.37608 1.09679
13.2 2.45115 1.11045
13.6 2.5239 1.12195
14 2.59429 1.13138
14.4 2.66228 1.13887
14.8 2.72784 1.14453
15.2 2.79098 1.14851
15.6 2.85168 1.15095
16 2.90996 1.15202
16.4 2.96583 1.15186
16.8 3.0193 1.15064
17.2 3.07039 1.14852
17.6 3.11909 1.14565
18 3.16543 1.14218
18.4 3.20938 1.13824
18.8 3.25094 1.13397
19.2 3.29009 1.12948
19.6 3.3268 1.12486
20 3.36101 1.12022
20.4 3.39267 1.11562
20.8 3.42172 1.11112
21.2 3.44809 1.10676
21.6 3.4717 1.10258
22 3.49245 1.09859
22.4 3.51026 1.0948
22.8 3.52504 1.09121
23.2 3.53669 1.08779
23.6 3.54512 1.08453
24 3.55026 1.0814
24.4 3.55203 1.07838
24.8 3.55037 1.07542
25.2 3.54522 1.0725
25.6 3.53656 1.06958
26 3.52438 1.06664
26.4 3.50868 1.06364
26.8 3.48949 1.06057
27.2 3.46687 1.05742
27.6 3.44089 1.05417
28 3.41165 1.05083
28.4 3.37928 1.04739
28.8 3.34393 1.04389
29.2 3.30578 1.04032
29.6 3.26502 1.03672
30 3.22187 1.03311
30.4 3.17657 1.02952
30.8 3.12937 1.02599
31.2 3.08053 1.02256
31.6 3.03034 1.01924
32 2.97907 1.01608
32.4 2.92702 1.0131
32.8 2.87448 1.01032
33.2 2.82173 1.00776
33.6 2.76905 1.00541
34 2.71673 1.00329
34.4 2.66502 1.00137
34.8 2.61417 0.999632
35.2 2.56441 0.998048
35.6 2.51594 0.996573
36 2.46896 0.995155
36.4 2.42364 0.993734
36.8 2.3801 0.992239
37.2 2.33846 0.990595
37.6 2.29882 0.988719
38 2.26123 0.986529
38.4 2.22573 0.983935
38.8 2.19232 0.980851
39.2 2.161 0.977193
39.6 2.13173 0.972881
40 2.10445 0.967839
40.4 2.07909 0.962003
40.8 2.05554 0.955316
41.2 2.03369 0.947736
41.6 2.01344 0.93923
42 1.99464 0.929784
42.4 1.97715 0.919397
42.8 1.96084 0.908082
43.2 1.94556 0.895873
43.6 1.93115 0.882815
44 1.91749 0.868972
44.4 1.90443 0.854421
44.8 1.89184 0.839252
45.2 1.8796 0.823569
45.6 1.86759 0.807483
46 1.85573 0.791116
46.4 1.84391 0.774593
46.8 1.83207 0.758045
47.2 1.82014 0.741603
47.6 1.80808 0.725396
48 1.79585 0.709547
48.4 1.78343 0.694177
48.8 1.77082 0.679394
49.2 1.75802 0.665296
49.6 1.74505 0.651969
50 1.73193 0.639484
50.4 1.71869 0.627894
50.8 1.70538 0.617238
51.2 1.69205 0.607536
51.6 1.67874 0.598791
52 1.66552 0.590988
52.4 1.65244 0.584095
52.8 1.63955 0.578065
53.2 1.62692 0.572836
53.6 1.61459 0.56833
54 1.60262 0.564463
54.4 1.59104 0.561136
54.8 1.57989 0.558248
55.2 1.56922 0.555691
55.6 1.55904 0.553353
56 1.54938 0.551127
56.4 1.54024 0.548905
56.8 1.53163 0.546586
57.2 1.52355 0.544075
57.6 1.51598 0.541288
58 1.50891 0.53815
58.4 1.50233 0.5346
58.8 1.49619 0.53059
59.2 1.49048 0.526086
59.6 1.48515 0.521071
60 1.48018 0.515541
60.4 1.47552 0.509507
60.8 1.47113 0.502996
61.2 1.46698 0.496047
61.6 1.46303 0.488711
62 1.45925 0.481052
62.4 1.45561 0.473142
62.8 1.45207 0.465059
63.2 1.44862 0.456891
63.6 1.44523 0.448724
64 1.4419 0.440651
64.4 1.4386 0.432761
64.8 1.43535 0.425143
65.2 1.43212 0.417879
65.6 1.42894 0.411049
66 1.42581 0.404721
66.4 1.42274 0.398959
66.8 1.41975 0.393813
67.2 1.41684 0.389326
67.6 1.41404 0.385526
68 1.41137 0.382434
68.4 1.40885 0.380056
68.8 1.40648 0.378387
69.2 1.40429 0.377412
69.6 1.40228 0.377107
70 1.40047 0.377436
70.4 1.39886 0.378356
70.8 1.39745 0.379817
71.2 1.39623 0.381762
71.6 1.39519 0.384131
72 1.39432 0.38686
72.4 1.3936 0.389881
72.8 1.393 0.39313
73.2 1.3925 0.396539
73.6 1.39205 0.400044
74 1.39163 0.403583
74.4 1.39118 0.407099
74.8 1.39068 0.410539
75.2 1.39007 0.413854
75.6 1.38932 0.417001
76 1.38839 0.419945
76.4 1.38723 0.422654
76.8 1.38581 0.425104
77.2 1.3841 0.427276
77.6 1.38207 0.429158
78 1.3797 0.430743
78.4 1.37697 0.432027
78.8 1.37388 0.433014
79.2 1.37043 0.43371
79.6 1.36662 0.434123
80 1.36247 0.434269
80.4 1.35801 0.43416
80.8 1.35325 0.433816
81.2 1.34824 0.433254
81.6 1.34302 0.432494
82 1.33764 0.431558
82.4 1.33215 0.430467
82.8 1.3266 0.429242
83.2 1.32106 0.427905
83.6 1.31558 0.426479
84 1.31022 0.424984
84.4 1.30504 0.423444
84.8 1.3001 0.42188
85.2 1.29544 0.420315
85.6 1.29111 0.418772
86 1.28716 0.417272
86.4 1.28361 0.415839
86.8 1.28049 0.414497
87.2 1.27783 0.41327
87.6 1.27562 0.412181
88 1.27388 0.411254
88.4 1.27259 0.410514
88.8 1.27174 0.409985
89.2 1.27131 0.40969
89.6 1.27127 0.409651
90 1.27158 0.409891
90.4 1.2722 0.410428
90.8 1.27308 0.41128
91.2 1.27417 0.412463
91.6 1.27543 0.41399
92 1.27681 0.415867
92.4 1.27825 0.418102
92.8 1.27971 0.420695
93.2 1.28114 0.423643
93.6 1.28252 0.426936
94 1.2838 0.430563
94.4 1.28497 0.434504
94.8 1.28601 0.438736
95.2 1.28691 0.443231
95.6 1.28768 0.447955
96 1.28832 0.45287
96.4 1.28887 0.457934
96.8 1.28934 0.4631
97.2 1.28978 0.468319
97.6 1.29024 0.473537
98 1.29077 0.478701
98.4 1.29142 0.483755
98.8 1.29227 0.488641
99.2 1.29337 0.493302
99.6 1.2948 0.497683
100 1.29662 0.50173
100.4 1.2989 0.505389
100.8 1.30168 0.508613
101.2 1.30504 0.511355
101.6 1.309 0.513575
102 1.31362 0.515236
102.4 1.31891 0.516307
102.8 1.32488 0.516764
103.2 1.33155 0.516587
103.6 1.3389 0.515763
104 1.34689 0.514287
104.4 1.3555 0.512158
104.8 1.36467 0.509384
105.2 1.37433 0.505978
105.6 1.3844 0.501959
106 1.3948 0.497354
106.4 1.40542 0.492194
106.8 1.41616 0.486517
107.2 1.4269 0.480364
107.6 1.43752 0.473784
108 1.4479 0.466826
108.4 1.45792 0.459548
108.8 1.46747 0.452008
109.2 1.47642 0.444267
109.6 1.48468 0.436389
110 1.49215 0.428441
110.4 1.49873 0.420489
110.8 1.50436 0.412602
111.2 1.50898 0.404849
111.6 1.51255 0.397297
112 1.51504 0.390014
112.4 1.51644 0.383066
112.8 1.51677 0.376517
113.2 1.51606 0.37043
113.6 1.51434 0.364864
114 1.51168 0.359873
114.4 1.50816 0.355509
114.8 1.50387 0.35182
115.2 1.49891 0.348847
115.6 1.4934 0.346627
116 1.48746 0.34519
116.4 1.48121 0.34456
116.8 1.47479 0.344753
117.2 1.46832 0.345781
117.6 1.46193 0.347644
118 1.45575 0.350338
118.4 1.44989 0.353849
118.8 1.44445 0.358156
119.2 1.43954 0.36323
119.6 1.43522 0.369035
120 1.43158 0.375525
120.4 1.42865 0.382649
120.8 1.42648 0.39035
121.2 1.42508 0.398562
121.6 1.42446 0.407217
122 1.42459 0.416238
122.4 1.42545 0.425549
122.8 1.427 0.435068
123.2 1.42917 0.444711
123.6 1.4319 0.454396
124 1.43511 0.464039
124.4 1.43873 0.473558
124.8 1.44265 0.482874
125.2 1.4468 0.491913
125.6 1.45109 0.500603
126 1.45543 0.50888
126.4 1.45976 0.516687
126.8 1.46399 0.523975
127.2 1.46807 0.530701
127.6 1.47196 0.536835
128 1.47562 0.542353
128.4 1.47903 0.547244
128.8 1.4822 0.551503
129.2 1.48513 0.55514
129.6 1.48785 0.55817
130 1.4904 0.560619
130.4 1.49285 0.562523
130.8 1.49526 0.563924
131.2 1.49771 0.564872
131.6 1.5003 0.565423
132 1.50312 0.565638
132.4 1.50627 0.565582
132.8 1.50986 0.56532
133.2 1.514 0.564922
133.6 1.51877 0.564453
134 1.52428 0.563981
134.4 1.53061 0.563569
134.8 1.53783 0.563273
135.2 1.54602 0.563148
135.6 1.5552 0.56324
136 1.56542 0.563587
136.4 1.57669 0.564222
136.8 1.58899 0.565164
137.2 1.60231 0.566426
137.6 1.61659 0.568012
138 1.63177 0.569914
138.4 1.64776 0.572115
138.8 1.66448 0.57459
139.2 1.68179 0.577303
139.6 1.69957 0.580212
140 1.71769 0.583266
140.4 1.73598 0.586408
140.8 1.75428 0.589576
141.2 1.77245 0.592705
141.6 1.79031 0.595725
142 1.80771 0.598566
142.4 1.82447 0.601156
142.8 1.84046 0.603427
143.2 1.85553 0.605312
143.6 1.86955 0.606747
144 1.8824 0.607674
144.4 1.89397 0.608041
144.8 1.90419 0.607804
145.2 1.91298 0.606924
145.6 1.92028 0.605374
146 1.92608 0.603136
146.4 1.93035 0.600198
146.8 1.93309 0.596562
147.2 1.93433 0.592238
147.6 1.9341 0.587245
148 1.93246 0.581612
148.4 1.92947 0.575378
148.8 1.92521 0.568588
149.2 1.91977 0.561297
149.6 1.91323 0.553563
150 1.90572 0.545451
150.4 1.89732 0.537033
150.8 1.88815 0.52838
151.2 1.87831 0.519567
151.6 1.86793 0.510669
152 1.85709 0.501762
152.4 1.84591 0.492918
152.8 1.83447 0.484207
153.2 1.82287 0.475697
153.6 1.81119 0.467447
154 1.79949 0.459514
154.4 1.78786 0.451946
154.8 1.77633 0.444785
155.2 1.76496 0.438065
155.6 1.7538 0.43181
156 1.74286 0.426039
156.4 1.73218 0.420761
156.8 1.72177 0.415976
157.2 1.71166 0.411677
157.6 1.70183 0.407851
158 1.6923 0.404476
158.4 1.68306 0.401525
158.8 1.67412 0.398964
159.2 1.66546 0.396757
159.6 1.65709 0.394862
160 1.64899 0.393236
160.4 1.64115 0.391833
160.8 1.63359 0.390609
161.2 1.62627 0.389517
161.6 1.61922 0.388515
162 1.61242 0.387561
162.4 1.60587 0.386617
162.8 1.59957 0.38565
163.2 1.59353 0.384631
163.6 1.58775 0.383536
164 1.58223 0.382347
164.4 1.57697 0.381053
164.8 1.57199 0.379648
165.2 1.56728 0.378133
165.6 1.56284 0.376514
166 1.55867 0.374803
166.4 1.55478 0.373019
166.8 1.55115 0.371183
167.2 1.54779 0.369321
167.6 1.54468 0.367465
168 1.54181 0.365644
168.4 1.53917 0.363893
168.8 1.53672 0.362246
169.2 1.53446 0.360736
169.6 1.53235 0.359394
170 1.53036 0.35825
170.4 1.52846 0.35733
170.8 1.52661 0.356654
171.2 1.52477 0.356239
171.6 1.5229 0.356095
172 1.52095 0.356227
172.4 1.51886 0.356631
172.8 1.51661 0.357297
173.2 1.51412 0.358208
173.6 1.51136 0.359339
174 1.50827 0.36066
174.4 1.5048 0.362133
174.8 1.50089 0.363712
175.2 1.49651 0.365349
175.6 1.4916 0.36699
176 1.48612 0.368576
176.4 1.48002 0.370048
176.8 1.47328 0.371343
177.2 1.46585 0.372399
177.6 1.45772 0.373154
178 1.44884 0.373549
178.4 1.43922 0.373526
178.8 1.42884 0.373035
179.2 1.41769 0.372029
179.6 1.40577 0.370467
180 1.39311 0.368317
180.4 1.37972 0.365554
180.8 1.36562 0.362162
181.2 1.35084 0.358135
181.6 1.33545 0.353474
182 1.31948 0.348192
182.4 1.30299 0.342311
182.8 1.28605 0.335861
183.2 1.26874 0.328882
183.6 1.25114 0.321421
184 1.23332 0.313534
184.4 1.2154 0.305281
184.8 1.19745 0.296731
185.2 1.17959 0.287954
185.6 1.1619 0.279024
186 1.1445 0.270019
186.4 1.12748 0.261014
186.8 1.11095 0.252087
187.2 1.095 0.243312
187.6 1.07971 0.23476
188 1.06519 0.226499
188.4 1.05149 0.21859
188.8 1.0387 0.211089
189.2 1.02687 0.204046
189.6 1.01605 0.1975
190 1.00628 0.191486
190.4 0.997579 0.186028
190.8 0.989958 0.181142
191.2 0.983416 0.176836
191.6 0.977936 0.173108
192 0.97349 0.169951
192.4 0.970034 0.167347
192.8 0.967515 0.165272
193.2 0.965864 0.163697
193.6 0.965006 0.162585
194 0.964853 0.161896
194.4 0.965311 0.161585
194.8 0.966278 0.161605
195.2 0.967647 0.161907
195.6 0.96931 0.162441
196 0.971156 0.163154
196.4 0.973074 0.163999
196.8 0.974956 0.164926
197.2 0.9767 0.165889
197.6 0.978205 0.166845
198 0.979382 0.167755
198.4 0.980149 0.168581
198.8 0.980433 0.169293
199.2 0.980173 0.169862
199.6 0.979319 0.170266
200 0.977835 0.170487
200.4 0.975694 0.170509
200.8 0.972885 0.170324
201.2 0.969408 0.169925
201.6 0.965273 0.16931
202 0.960504 0.16848
202.4 0.955133 0.167439
202.8 0.949201 0.166194
203.2 0.942757 0.164754
203.6 0.935856 0.163128
204 0.928556 0.161329
204.4 0.920921 0.159369
204.8 0.913012 0.157262
205.2 0.904893 0.15502
205.6 0.896624 0.152659
206 0.888261 0.15019
206.4 0.879857 0.147628
206.8 0.871457 0.144985
207.2 0.8631 0.142274
207.6 0.854815 0.139507
208 0.846624 0.136696
208.4 0.838539 0.133851
208.8 0.830565 0.130985
209.2 0.822695 0.128109
209.6 0.814915 0.125233
210 0.807203 0.122369
210.4 0.79953 0.11953
210.8 0.79186 0.116725
211.2 0.784152 0.11397
211.6 0.776362 0.111275
212 0.768443 0.108654
212.4 0.760349 0.106121
212.8 0.752033 0.103689
213.2 0.74345 0.101373
213.6 0.734558 0.0991864
214 0.725323 0.0971432
214.4 0.715713 0.0952566
214.8 0.705707 0.093539
215.2 0.695287 0.0920022
215.6 0.68445 0.0906564
216 0.673196 0.0895104
216.4 0.661539 0.0885709
216.8 0.649499 0.0878429
217.2 0.637107 0.0873287
217.6 0.624401 0.0870282
218 0.61143 0.0869387
218.4 0.598247 0.0870545
218.8 0.584911 0.0873672
219.2 0.571489 0.0878654
219.6 0.558047 0.0885348
220 0.544658 0.0893587
220.4 0.531392 0.0903175
220.8 0.518319 0.0913896
221.2 0.505508 0.0925511
221.6 0.493024 0.0937767
222 0.480927 0.0950394
222.4 0.469271 0.0963117
222.8 0.458103 0.0975653
223.2 0.447463 0.0987718
223.6 0.437379 0.0999034
224 0.427876 0.100933
224.4 0.418964 0.101835
224.8 0.410647 0.102584
225.2 0.40292 0.10316
225.6 0.395766 0.103541
226 0.389164 0.10371
226.4 0.383082 0.103654
226.8 0.377484 0.103361
227.2 0.372326 0.102822
227.6 0.367563 0.102033
228 0.363141 0.100991
228.4 0.35901 0.0996991
228.8 0.355115 0.0981601
229.2 0.351403 0.0963818
229.6 0.347821 0.094374
230 0.34432 0.0921491
230.4 0.340855 0.0897214
230.8 0.337382 0.0871073
231.2 0.333866 0.0843245
231.6 0.330276 0.0813922
232 0.326585 0.07833
232.4 0.322776 0.0751585
232.8 0.318835 0.0718983
233.2 0.314757 0.06857
233.6 0.31054 0.0651941
234 0.306189 0.0617903
234.4 0.301714 0.0583777
234.8 0.29713 0.0549744
235.2 0.292453 0.0515978
235.6 0.287705 0.0482638
236 0.282908 0.0449874
236.4 0.278084 0.0417823
236.8 0.273258 0.0386611
237.2 0.268453 0.035635
237.6 0.26369 0.0327145
238 0.258988 0.0299086
238.4 0.254365 0.0272258
238.8 0.249832 0.0246734
239.2 0.245401 0.0222581
239.6 0.241076 0.0199858
240 0.236861 0.0178619
240.4 0.232751 0.0158913
240.8 0.22874 0.0140784
241.2 0.22482 0.012427
241.6 0.220975 0.0109408
242 0.21719 0.00962298
242.4 0.213445 0.00847625
242.8 0.20972 0.00750301
243.2 0.205992 0.00670517
243.6 0.202238 0.00608408
244 0.198437 0.00564054
244.4 0.194565 0.00537466
244.8 0.190602 0.00528577
245.2 0.186531 0.00537239
245.6 0.182334 0.00563207
246 0.177998 0.00606138
246.4 0.173515 0.0066558
246.8 0.168877 0.00740966
247.2 0.164082 0.00831612
247.6 0.159132 0.00936712
248 0.154033 0.0105534
248.4 0.148793 0.0118645
248.8 0.143426 0.0132889
249.2 0.137947 0.0148138
249.6 0.132375 0.0164256
250 0.126732 0.0181096
250.4 0.121042 0.0198506
250.8 0.115329 0.0216326
251.2 0.109619 0.0234392
251.6 0.103939 0.0252536
252 0.0983154 0.0270592
252.4 0.0927733 0.0288392
252.8 0.0873377 0.0305772
253.2 0.0820315 0.0322573
253.6 0.0768759 0.0338642
254 0.0718899 0.0353835
254.4 0.06709 0.0368017
254.8 0.0624899 0.0381065
255.2 0.0581008 0.0392869
255.6 0.0539309 0.0403332
256 0.0499857 0.0412374
256.4 0.0462682 0.0419927
256.8 0.0427785 0.0425943
257.2 0.0395149 0.0430387
257.6 0.0364732 0.0433242
258 0.0336476 0.0434506
258.4 0.0310308 0.0434194
258.8 0.0286145 0.0432334
259.2 0.0263892 0.0428969
259.6 0.0243451 0.0424157
260 0.0224722 0.0417965
260.4 0.0207602 0.0410473
260.8 0.0191994 0.0401769
261.2 0.0177804 0.0391953
261.6 0.0164943 0.0381126
262 0.0153331 0.0369399
262.4 0.0142894 0.0356885
262.8 0.0133567 0.0343701
263.2 0.0125295 0.0329962
263.6 0.0118028 0.0315786
264 0.0111723 0.0301287
264.4 0.0106345 0.0286579
264.8 0.010186 0.0271771
265.2 0.00982385 0.0256966
265.6 0.00954533 0.0242263
266 0.00934754 0.0227754
266.4 0.00922745 0.0213523
266.8 0.00918173 0.0199648
267.2 0.00920659 0.0186199
267.6 0.00929769 0.0173235
268 0.0094501 0.016081
268.4 0.00965823 0.0148966
268.8 0.0099158 0.0137738
269.2 0.0102159 0.0127152
269.6 0.010551 0.0117226
270 0.0109131 0.0107969
270.4 0.0112937 0.00993825
270.8 0.011684 0.0091461
271.2 0.0120753 0.00841917
271.6 0.0124587 0.00775558
272 0.0128255 0.00715285
272.4 0.0131675 0.00660805
272.8 0.0134769 0.00611777
273.2 0.0137469 0.00567828
273.6 0.0139712 0.00528556
274 0.0141448 0.00493537
274.4 0.0142637 0.00462338
274.8 0.0143251 0.00434516
275.2 0.0143274 0.00409632
275.6 0.0142703 0.00387256
276 0.014155 0.00366971
276.4 0.0139835 0.00348381
276.8 0.0137592 0.00331117
277.2 0.0134867 0.00314838
277.6 0.0131712 0.00299238
278 0.012819 0.00284048
278.4 0.0124367 0.00269037
278.8 0.0120317 0.00254015
279.2 0.0116115 0.0023883
279.6 0.0111834 0.00223371
280 0.010755 0.00207565
280.4 0.0103334 0.00191375
280.8 0.0099251 0.00174796
281.2 0.0095362 0.00157855
281.6 0.00917188 0.00140602
282 0.00883647 0.0012311
282.4 0.00853334 0.00105468
282.8 0.00826484 0.000877773
283.2 0.00803225 0.000701458
283.6 0.0078358 0.000526842
284 0.00767468 0.000355008
284.4 0.00754712 0.000186979
284.8 0.00745042 2.36773e-05
285.2 0.00738111 -0.000134104
285.6 0.00733501 -0.000285729
286 0.00730741 -0.000430733
286.4 0.00729317 -0.000568839
286.8 0.00728692 -0.000699959
287.2 0.00728316 -0.000824191
287.6 0.00727645 -0.000941809
288 0.00726154 -0.00105325
288.4 0.00723351 -0.00115907
288.8 0.00718788 -0.00125997
289.2 0.00712075 -0.0013567
289.6 0.00702885 -0.00145005
290 0.00690964 -0.00154084
290.4 0.00676133 -0.00162984
290.8 0.00658295 -0.00171777
291.2 0.00637431 -0.00180524
291.6 0.00613599 -0.00189272
292 0.00586935 -0.00198053
292.4 0.00557642 -0.0020688
292.8 0.00525986 -0.00215748
293.2 0.00492287 -0.00224629
293.6 0.00456907 -0.00233475
294 0.00420245 -0.00242215
294.4 0.00382722 -0.00250761
294.8 0.0034477 -0.00259004
295.2 0.00306825 -0.00266822
295.6 0.0026931 -0.00274077
296 0.00232632 -0.00280622
296.4 0.00197167 -0.00286307
296.8 0.00163258 -0.00290977
297.2 0.00131201 -0.00294479
297.6 0.00101249 -0.0029667
298 0.000735988 -0.00297416
298.4 0.000483945 -0.00296597
298.8 0.000257251 -0.00294114
299.2 5.62507e-05 -0.00289887
299.6 -0.00011924 -0.00283864
300 -0.000269896 -0.00276019
300.4 -0.000396843 -0.00266354
300.8 -0.000501602 -0.00254901
301.2 -0.000586032 -0.00241722
301.6 -0.000652259 -0.00226909
302 -0.000702608 -0.0021058
302.4 -0.000739532 -0.00192881
302.8 -0.000765537 -0.00173982
303.2 -0.000783113 -0.00154071
303.6 -0.000794671 -0.00133356
304 -0.000802479 -0.00112056
304.4 -0.000808609 -0.000903986
304.8 -0.000814894 -0.000686173
305.2 -0.000822886 -0.000469447
305.6 -0.000833833 -0.00025609
306 -0.000848658 -4.82989e-05
306.4 -0.000867954 0.000151857
306.8 -0.000891978 0.000342468
307.2 -0.000920673 0.000521821
307.6 -0.000953673 0.000688421
308 -0.000990342 0.000841016
308.4 -0.0010298 0.000978609
308.8 -0.00107096 0.00110047
309.2 -0.00111257 0.00120614
309.6 -0.00115328 0.00129541
310 -0.00119166 0.00136835
310.4 -0.00122625 0.00142527
310.8 -0.00125563 0.00146669
311.2 -0.00127845 0.00149335
311.6 -0.00129348 0.00150615
312 -0.00129962 0.00150615
312.4 -0.001296 0.00149453
312.8 -0.00128191 0.00147257
313.2 -0.00125692 0.00144159
313.6 -0.00122084 0.00140297
314 -0.00117372 0.00135807
314.4 -0.00111592 0.00130825
314.8 -0.00104802 0.00125482
315.2 -0.000970864 0.00119905
315.6 -0.000885544 0.00114213
316 -0.000793356 0.00108514
316.4 -0.000695791 0.00102912
316.8 -0.0005945 0.000974991
317.2 -0.000491264 0.000923573
317.6 -0.000387959 0.000875613
318 -0.000286521 0.000831768
318.4 -0.000188905 0.000792619
318.8 -9.70547e-05 0.000758684
319.2 -1.28602e-05 0.000730421
319.6 6.18726e-05 0.000708244
320 0.000125456 0.000692535
320.4 0.000176348 0.000683648
320.8 0.000213183 0.000681922
321.2 0.000234787 0.000687685
321.6 0.000240205 0.000701259
322 0.000228709 0.000722963
322.4 0.000199808 0.000753109
322.8 0.00015326 0.000792002
323.2 8.90652e-05 0.000839932
323.6 7.47009e-06 0.000897162
324 -9.10433e-05 0.000963924
324.4 -0.000205766 0.0010404
324.8 -0.000335776 0.0011267
325.2 -0.000479955 0.00122288
325.6 -0.000637007 0.00132887
326 -0.000805477 0.00144452
326.4 -0.00098378 0.00156952
326.8 -0.00117022 0.00170346
327.2 -0.001363 0.00184576
327.6 -0.00156029 0.00199567
328 -0.00176019 0.00215229
328.4 -0.00196081 0.00231457
328.8 -0.00216026 0.00248126
329.2 -0.00235669 0.00265098
329.6 -0.00254827 0.00282219
330 -0.00273329 0.00299322
330.4 -0.00291008 0.00316228
330.8 -0.0030771 0.00332751
331.2 -0.00323292 0.00348695
331.6 -0.00337624 0.00363864
332 -0.0035059 0.00378058
332.4 -0.00362087 0.00391083
332.8 -0.00372029 0.00402749
333.2 -0.00380347 0.00412879
333.6 -0.00386984 0.00421307
334 -0.00391904 0.00427883
334.4 -0.00395085 0.00432479
334.8 -0.0039652 0.0043499
335.2 -0.00396222 0.00435334
335.6 -0.00394217 0.00433458
336 -0.00390546 0.00429338
336.4 -0.00385268 0.0042298
336.8 -0.00378453 0.0041442
337.2 -0.00370186 0.00403726
337.6 -0.00360566 0.00390995
338 -0.003497 0.00376353
338.4 -0.00337709 0.00359953
338.8 -0.00324723 0.00341975
339.2 -0.00310878 0.00322617
339.6 -0.00296318 0.00302101
340 -0.00281192 0.00280659
340.4 -0.00265652 0.00258539
340.8 -0.00249853 0.00235995
341.2 -0.00233947 0.00213282
341.6 -0.00218086 0.00190657
342 -0.00202418 0.00168371
342.4 -0.00187085 0.00146665
342.8 -0.0017222 0.00125766
343.2 -0.00157948 0.00105886
343.6 -0.00144383 0.000872168
344 -0.00131624 0.000699265
344.4 -0.00119758 0.000541585
344.8 -0.00108856 0.000400295
345.2 -0.000989706 0.000276279
345.6 -0.000901398 0.000170132
346 -0.000823826 8.21636e-05
346.4 -0.000757005 1.23944e-05
346.8 -0.000700774 -3.94275e-05
347.2 -0.0006548 -7.38149e-05
347.6 -0.00061859 -9.15211e-05
348 -0.000591499 -9.35169e-05
348.4 -0.000572745 -8.09635e-05
348.8 -0.000561426 -5.51831e-05
349.2 -0.000556545 -1.76272e-05
349.6 -0.000557022 3.01559e-05
350 -0.000561725 8.65545e-05
350.4 -0.000569493 0.000149926
350.8 -0.000579157 0.000218629
351.2 -0.000589566 0.000291055
351.6 -0.000599615 0.000365652
352 -0.00060826 0.000440952
352.4 -0.000614546 0.000515595
352.8 -0.000617617 0.000588342
353.2 -0.00061674 0.00065809
353.6 -0.000611311 0.000723884
354 -0.000600864 0.000784919
354.4 -0.000585077 0.000840545
354.8 -0.000563773 0.00089026
355.2 -0.000536914 0.000933708
355.6 -0.000504599 0.000970668
356 -0.000467046 0.00100104
356.4 -0.000424585 0.00102483
356.8 -0.000377638 0.00104214
357.2 -0.0003267 0.00105314
357.6 -0.000272318 0.00105806
358 -0.000215073 0.00105716
358.4 -0.000155551 0.00105073
358.8 -9.43272e-05 0.00103904
359.2 -3.19408e-05 0.00102238
359.6 3.11215e-05 0.00100098
360 9.44439e-05 0.00097506
360.4 0.000157696 0.000944776
360.8 0.000220642 0.000910242
361.2 0.000283151 0.000871518
361.6 0.000345199 0.00082861
362 0.000406865 0.000781476
362.4 0.000468332 0.000730031
362.8 0.000529875 0.000674155
363.2 0.000591847 0.000613704
363.6 0.000654668 0.000548524
364 0.000718801 0.000478461
364.4 0.000784733 0.000403381
364.8 0.000852952 0.000323178
365.2 0.000923926 0.000237795
365.6 0.000998072 0.000147236
366 0.00107574 5.15755e-05
366.4 0.00115718 -4.90242e-05
366.8 0.00124255 -0.000154308
367.2 0.00133184 -0.000263918
367.6 0.00142494 -0.000377392
368 0.00152154 -0.000494158
368.4 0.0016212 -0.000613539
368.8 0.00172332 -0.000734754
369.2 0.0018271 -0.000856928
369.6 0.00193164 -0.000979099
370 0.00203587 -0.00110023
370.4 0.00213861 -0.00121923
370.8 0.00223856 -0.00133497
371.2 0.00233437 -0.00144627
371.6 0.00242463 -0.00155199
372 0.00250791 -0.00165097
372.4 0.00258279 -0.0017421
372.8 0.00264791 -0.00182434
373.2 0.00270196 -0.00189671
373.6 0.00274378 -0.00195833
374 0.00277229 -0.00200845
374.4 0.00278663 -0.00204642
374.8 0.00278609 -0.00207177
375.2 0.00277018 -0.00208414
375.6 0.00273862 -0.00208336
376 0.00269137 -0.00206941
376.4 0.00262863 -0.00204246
376.8 0.00255082 -0.00200282
377.2 0.0024586 -0.00195097
377.6 0.00235284 -0.00188754
378 0.00223463 -0.00181331
378.4 0.00210521 -0.00172919
378.8 0.00196602 -0.00163619
379.2 0.0018186 -0.00153546
379.6 0.00166461 -0.00142817
380 0.00150576 -0.00131561
380.4 0.00134382 -0.00119908
380.8 0.00118055 -0.0010799
381.2 0.00101767 -0.000959395
381.6 0.000856874 -0.000838875
382 0.000699728 -0.000719602
382.4 0.0005477 -0.000602783
382.8 0.000402111 -0.000489545
383.2 0.000264122 -0.000380928
383.6 0.000134715 -0.000277866
384 1.46807e-05 -0.000181175
384.4 -9.53862e-05 -9.15478e-05
384.8 -0.000195093 -9.54423e-06
385.2 -0.000284244 6.44128e-05
385.6 -0.000362842 0.000130039
386 -0.000431069 0.00018719
386.4 -0.000489281 0.000235856
386.8 -0.000537989 0.00027616
387.2 -0.00057784 0.000308352
387.6 -0.000609596 0.000332797
388 -0.000634112 0.000349968
388.4 -0.000652314 0.000360436
388.8 -0.000665172 0.000364853
389.2 -0.00067368 0.000363944
389.6 -0.000678829 0.000358489
390 -0.000681592 0.00034931
390.4 -0.000682896 0.000337257
390.8 -0.000683608 0.000323192
391.2 -0.000684521 0.000307974
391.6 -0.000686336 0.000292449
392 -0.000689654 0.00027743
392.4 -0.000694968 0.000263689
392.8 -0.000702654 0.000251944
393.2 -0.000712972 0.000242848
393.6 -0.000726065 0.000236979
394 -0.000741956 0.000234833
394.4 -0.000760559 0.000236816
394.8 -0.000781678 0.000243239
395.2 -0.00080502 0.000254314
395.6 -0.000830198 0.000270151
396 -0.000856745 0.00029076
396.4 -0.000884123 0.000316048
396.8 -0.000911736 0.000345823
397.2 -0.000938935 0.000379799
397.6 -0.000965038 0.000417598
398 -0.000989337 0.000458761
398.4 -0.00101111 0.00050275
398.8 -0.00102963 0.000548963
399.2 -0.00104419 0.000596741
399.6 -0.00105407 0.00064538
400 -0.00105863 0.000694139
